====================================================================================================
TICKER: AAPL
====================================================================================================

CURRENT STATUS:
  Price:        $330.46
  ATR (14-day): $9.48
  Within ATR:   NO

DEMAND ZONE (Buy Zone):
  Range:        $287.38 - $294.75
  Size:         $7.37
  Distance:     $35.71 (377% of ATR)
  Formed:       2026-06-10
  FRESHNESS:    FRESH
  Notes:        Fresh - not tested recently

SUPPLY ZONE (Sell Zone):
  Range:        $334.02 - $342.89
  Size:         $8.87
  Distance:     $3.56
  Formed:       2026-07-27
  FRESHNESS:    STALE
  Notes:        STALE - Daily candle tested zone yesterday (high $335.50)

TRADE METRICS:
  Stop Loss Distance:  $43.08
  Profit Target (PT):  $3.56
  Risk:Reward Ratio:   1:0.08
