====================================================================================================
TICKER: ABNB
====================================================================================================

CURRENT STATUS:
  Price:        $157.47
  ATR (14-day): $5.64
  Within ATR:   NO

DEMAND ZONE (Buy Zone):
  Range:        $149.00 - $153.97
  Size:         $4.97
  Distance:     $3.50 (62% of ATR)
  Formed:       2026-09-24
  FRESHNESS:    STALE
  Notes:        STALE - Recent cached daily candle tested demand zone

SUPPLY ZONE (Sell Zone):
  Range:        $164.70 - $169.31
  Size:         $4.61
  Distance:     $7.23
  Formed:       2026-09-17
  FRESHNESS:    FRESH
  Notes:        Fresh - not tested recently

TRADE METRICS:
  Stop Loss Distance:  $8.47
  Profit Target (PT):  $7.23
  Risk:Reward Ratio:   1:0.85
