====================================================================================================
TICKER: ABT
====================================================================================================

CURRENT STATUS:
  Price:        $101.92
  ATR (14-day): $2.72
  Within ATR:   NO

DEMAND ZONE (Buy Zone):
  Range:        $87.07 - $90.37
  Size:         $3.30
  Distance:     $11.55 (425% of ATR)
  Formed:       2026-06-11
  FRESHNESS:    FRESH
  Notes:        Fresh - not tested recently

SUPPLY ZONE (Sell Zone):
  Range:        $104.92 - $109.33
  Size:         $4.41
  Distance:     $3.00
  Formed:       2026-08-04
  FRESHNESS:    FRESH
  Notes:        Fresh - not tested recently

TRADE METRICS:
  Stop Loss Distance:  $14.85
  Profit Target (PT):  $3.00
  Risk:Reward Ratio:   1:0.20
