====================================================================================================
TICKER: ACGL
====================================================================================================

CURRENT STATUS:
  Price:        $101.28
  ATR (14-day): $1.95
  Within ATR:   NO

DEMAND ZONE (Buy Zone):
  Range:        $90.91 - $92.74
  Size:         $1.83
  Distance:     $8.54 (437% of ATR)
  Formed:       2026-06-18
  FRESHNESS:    FRESH
  Notes:        Fresh - not tested recently

SUPPLY ZONE (Sell Zone):
  Range:        $101.03 - $105.09
  Size:         $4.06
  Distance:     $0.00
  Formed:       2026-07-06
  FRESHNESS:    STALE
  Notes:        STALE - Price reached zone ($101.28 >= zone $101.03)

TRADE METRICS:
  Stop Loss Distance:  $10.37
  Profit Target (PT):  $-0.25
  Risk:Reward Ratio:   1:-0.02
