====================================================================================================
TICKER: ADP
====================================================================================================

CURRENT STATUS:
  Price:        $274.89
  ATR (14-day): $6.90
  Within ATR:   NO

DEMAND ZONE (Buy Zone):
  Range:        $222.23 - $226.59
  Size:         $4.36
  Distance:     $48.30 (700% of ATR)
  Formed:       2026-06-29
  FRESHNESS:    FRESH
  Notes:        Fresh - not tested recently

SUPPLY ZONE (Sell Zone):
  Range:        $282.94 - $287.85
  Size:         $4.91
  Distance:     $8.05
  Formed:       2026-08-28
  FRESHNESS:    FRESH
  Notes:        Fresh - not tested recently

TRADE METRICS:
  Stop Loss Distance:  $52.66
  Profit Target (PT):  $8.05
  Risk:Reward Ratio:   1:0.15
