====================================================================================================
TICKER: ADSK
====================================================================================================

CURRENT STATUS:
  Price:        $221.08
  ATR (14-day): $7.06
  Within ATR:   NO

DEMAND ZONE (Buy Zone):
  Range:        $202.29 - $215.14
  Size:         $12.85
  Distance:     $5.94 (84% of ATR)
  Formed:       2026-07-06
  FRESHNESS:    STALE
  Notes:        STALE - Recent cached daily candle tested demand zone

SUPPLY ZONE (Sell Zone):
  Range:        $251.31 - $260.74
  Size:         $9.43
  Distance:     $30.23
  Formed:       2026-08-14
  FRESHNESS:    FRESH
  Notes:        Fresh - not tested recently

TRADE METRICS:
  Stop Loss Distance:  $18.79
  Profit Target (PT):  $30.23
  Risk:Reward Ratio:   1:1.61
