====================================================================================================
TICKER: AEE
====================================================================================================

CURRENT STATUS:
  Price:        $107.42
  ATR (14-day): $1.58
  Within ATR:   NO

DEMAND ZONE (Buy Zone):
  Range:        $101.57 - $102.98
  Size:         $1.42
  Distance:     $4.44 (280% of ATR)
  Formed:       2026-09-18
  FRESHNESS:    STALE
  Notes:        STALE - Recent cached daily candle tested demand zone

SUPPLY ZONE (Sell Zone):
  Range:        $111.93 - $116.49
  Size:         $4.56
  Distance:     $4.51
  Formed:       2026-06-24
  FRESHNESS:    FRESH
  Notes:        Fresh - not tested recently

TRADE METRICS:
  Stop Loss Distance:  $5.85
  Profit Target (PT):  $4.51
  Risk:Reward Ratio:   1:0.77
