====================================================================================================
TICKER: AIZ
====================================================================================================

CURRENT STATUS:
  Price:        $296.62
  ATR (14-day): $6.21
  Within ATR:   NO

DEMAND ZONE (Buy Zone):
  Range:        $257.62 - $260.50
  Size:         $2.88
  Distance:     $36.12 (582% of ATR)
  Formed:       2026-06-11
  FRESHNESS:    FRESH
  Notes:        Fresh - not tested recently

SUPPLY ZONE (Sell Zone):
  Range:        $292.25 - $303.94
  Size:         $11.69
  Distance:     $0.00
  Formed:       2026-08-06
  FRESHNESS:    STALE
  Notes:        STALE - Price reached zone ($296.62 >= zone $292.25)

TRADE METRICS:
  Stop Loss Distance:  $39.00
  Profit Target (PT):  $-4.37
  Risk:Reward Ratio:   1:-0.11
