====================================================================================================
TICKER: AJG
====================================================================================================

CURRENT STATUS:
  Price:        $256.55
  ATR (14-day): $14.11
  Within ATR:   NO

DEMAND ZONE (Buy Zone):
  Range:        $212.99 - $222.65
  Size:         $9.66
  Distance:     $33.91 (240% of ATR)
  Formed:       2026-06-23
  FRESHNESS:    FRESH
  Notes:        Fresh - not tested recently

SUPPLY ZONE (Sell Zone):
  Range:        $253.88 - $261.19
  Size:         $7.31
  Distance:     $0.00
  Formed:       2026-07-14
  FRESHNESS:    STALE
  Notes:        STALE - Price reached zone ($256.55 >= zone $253.88)

TRADE METRICS:
  Stop Loss Distance:  $43.56
  Profit Target (PT):  $-2.67
  Risk:Reward Ratio:   1:-0.06
