====================================================================================================
TICKER: ALAB
====================================================================================================

CURRENT STATUS:
  Price:        $386.90
  ATR (14-day): $21.54
  Within ATR:   NO

DEMAND ZONE (Buy Zone):
  Range:        $251.75 - $271.70
  Size:         $19.95
  Distance:     $115.20 (535% of ATR)
  Formed:       2026-09-14
  FRESHNESS:    FRESH
  Notes:        Fresh - not tested recently

SUPPLY ZONE (Sell Zone):
  Range:        $361.35 - $397.78
  Size:         $36.43
  Distance:     $0.00
  Formed:       2026-06-12
  FRESHNESS:    STALE
  Notes:        STALE - Price reached zone ($386.90 >= zone $361.35)

TRADE METRICS:
  Stop Loss Distance:  $135.15
  Profit Target (PT):  $-25.55
  Risk:Reward Ratio:   1:-0.19
