====================================================================================================
TICKER: ALB
====================================================================================================

CURRENT STATUS:
  Price:        $115.68
  ATR (14-day): $4.77
  Within ATR:   NO

DEMAND ZONE (Buy Zone):
  Range:        $107.91 - $116.24
  Size:         $8.33
  Distance:     $0.00 (0% of ATR)
  Formed:       2026-09-17
  FRESHNESS:    STALE
  Notes:        STALE - Price reached zone ($115.68 <= zone $116.24)

SUPPLY ZONE (Sell Zone):
  Range:        $165.37 - $174.25
  Size:         $8.88
  Distance:     $49.69
  Formed:       2026-06-15
  FRESHNESS:    FRESH
  Notes:        Fresh - not tested recently

TRADE METRICS:
  Stop Loss Distance:  $7.77
  Profit Target (PT):  $49.69
  Risk:Reward Ratio:   1:6.40
