====================================================================================================
TICKER: ALL
====================================================================================================

CURRENT STATUS:
  Price:        $241.29
  ATR (14-day): $6.43
  Within ATR:   NO

DEMAND ZONE (Buy Zone):
  Range:        $204.90 - $208.08
  Size:         $3.18
  Distance:     $33.21 (517% of ATR)
  Formed:       2026-05-29
  FRESHNESS:    FRESH
  Notes:        Fresh - not tested recently

SUPPLY ZONE (Sell Zone):
  Range:        $248.08 - $254.20
  Size:         $6.12
  Distance:     $6.79
  Formed:       2026-09-17
  FRESHNESS:    FRESH
  Notes:        Fresh - not tested recently

TRADE METRICS:
  Stop Loss Distance:  $36.39
  Profit Target (PT):  $6.79
  Risk:Reward Ratio:   1:0.19
