====================================================================================================
TICKER: ALNY
====================================================================================================

CURRENT STATUS:
  Price:        $265.85
  ATR (14-day): $8.43
  Within ATR:   NO

DEMAND ZONE (Buy Zone):
  Range:        $197.95 - $207.23
  Size:         $9.28
  Distance:     $58.62 (695% of ATR)
  Formed:       2026-07-31
  FRESHNESS:    FRESH
  Notes:        Fresh - not tested recently

SUPPLY ZONE (Sell Zone):
  Range:        $282.00 - $290.29
  Size:         $8.29
  Distance:     $16.15
  Formed:       2026-07-28
  FRESHNESS:    FRESH
  Notes:        Fresh - not tested recently

TRADE METRICS:
  Stop Loss Distance:  $67.90
  Profit Target (PT):  $16.15
  Risk:Reward Ratio:   1:0.24
