====================================================================================================
TICKER: AMAT
====================================================================================================

CURRENT STATUS:
  Price:        $505.16
  ATR (14-day): $18.18
  Within ATR:   NO

DEMAND ZONE (Buy Zone):
  Range:        $411.60 - $428.14
  Size:         $16.54
  Distance:     $77.02 (424% of ATR)
  Formed:       2026-09-17
  FRESHNESS:    FRESH
  Notes:        Fresh - not tested recently

SUPPLY ZONE (Sell Zone):
  Range:        $480.60 - $510.63
  Size:         $30.03
  Distance:     $0.00
  Formed:       2026-06-03
  FRESHNESS:    STALE
  Notes:        STALE - Price reached zone ($505.16 >= zone $480.60)

TRADE METRICS:
  Stop Loss Distance:  $93.56
  Profit Target (PT):  $-24.56
  Risk:Reward Ratio:   1:-0.26
