====================================================================================================
TICKER: AMD
====================================================================================================

CURRENT STATUS:
  Price:        $507.77
  ATR (14-day): $36.30
  Within ATR:   YES

DEMAND ZONE (Buy Zone):
  Range:        $437.23 - $477.45
  Size:         $40.22
  Distance:     $30.32 (84% of ATR)
  Formed:       2026-06-10
  FRESHNESS:    FRESH
  Notes:        Fresh - not tested recently

SUPPLY ZONE (Sell Zone):
  Range:        $490.46 - $558.37
  Size:         $67.91
  Distance:     $0.00
  Formed:       2026-06-12
  FRESHNESS:    STALE
  Notes:        STALE - Price reached zone ($507.77 >= zone $490.46)

TRADE METRICS:
  Stop Loss Distance:  $70.54
  Profit Target (PT):  $-17.31
  Risk:Reward Ratio:   1:-0.25
