====================================================================================================
TICKER: AMP
====================================================================================================

CURRENT STATUS:
  Price:        $497.32
  ATR (14-day): $17.70
  Within ATR:   NO

DEMAND ZONE (Buy Zone):
  Range:        $444.80 - $457.24
  Size:         $12.44
  Distance:     $40.08 (226% of ATR)
  Formed:       2026-06-26
  FRESHNESS:    FRESH
  Notes:        Fresh - not tested recently

SUPPLY ZONE (Sell Zone):
  Range:        $534.21 - $549.35
  Size:         $15.13
  Distance:     $36.89
  Formed:       2026-09-17
  FRESHNESS:    FRESH
  Notes:        Fresh - not tested recently

TRADE METRICS:
  Stop Loss Distance:  $52.52
  Profit Target (PT):  $36.89
  Risk:Reward Ratio:   1:0.70
