====================================================================================================
TICKER: AMZN
====================================================================================================

CURRENT STATUS:
  Price:        $267.59
  ATR (14-day): $41.83
  Within ATR:   NO

DEMAND ZONE (Buy Zone):
  Range:        $246.12 - $264.30
  Size:         $18.18
  Distance:     $3.29 (8% of ATR)
  Formed:       2026-10-02
  FRESHNESS:    STALE
  Notes:        STALE - Recent cached daily candle tested demand zone

SUPPLY ZONE (Sell Zone):
  Range:        $273.22 - $287.17
  Size:         $13.94
  Distance:     $5.63
  Formed:       2026-08-03
  FRESHNESS:    FRESH
  Notes:        Fresh - not tested recently

TRADE METRICS:
  Stop Loss Distance:  $21.47
  Profit Target (PT):  $5.63
  Risk:Reward Ratio:   1:0.26
