====================================================================================================
TICKER: ANET
====================================================================================================

CURRENT STATUS:
  Price:        $206.19
  ATR (14-day): $7.32
  Within ATR:   NO

DEMAND ZONE (Buy Zone):
  Range:        $162.62 - $177.11
  Size:         $14.49
  Distance:     $29.08 (397% of ATR)
  Formed:       2026-07-07
  FRESHNESS:    FRESH
  Notes:        Fresh - not tested recently

SUPPLY ZONE (Sell Zone):
  Range:        $189.73 - $214.62
  Size:         $24.89
  Distance:     $0.00
  Formed:       2026-08-06
  FRESHNESS:    STALE
  Notes:        STALE - Price reached zone ($206.19 >= zone $189.73)

TRADE METRICS:
  Stop Loss Distance:  $43.57
  Profit Target (PT):  $-16.46
  Risk:Reward Ratio:   1:-0.38
