====================================================================================================
TICKER: APD
====================================================================================================

CURRENT STATUS:
  Price:        $285.79
  ATR (14-day): $6.35
  Within ATR:   NO

DEMAND ZONE (Buy Zone):
  Range:        $278.29 - $284.85
  Size:         $6.56
  Distance:     $0.94 (15% of ATR)
  Formed:       2026-06-16
  FRESHNESS:    STALE
  Notes:        STALE - Daily candle tested zone yesterday (low $284.42)

SUPPLY ZONE (Sell Zone):
  Range:        $303.83 - $314.28
  Size:         $10.45
  Distance:     $18.04
  Formed:       2026-07-02
  FRESHNESS:    FRESH
  Notes:        Fresh - not tested recently

TRADE METRICS:
  Stop Loss Distance:  $7.50
  Profit Target (PT):  $18.04
  Risk:Reward Ratio:   1:2.41
