====================================================================================================
TICKER: APO
====================================================================================================

CURRENT STATUS:
  Price:        $123.59
  ATR (14-day): $21.28
  Within ATR:   NO

DEMAND ZONE (Buy Zone):
  Range:        $112.14 - $122.90
  Size:         $10.76
  Distance:     $0.69 (3% of ATR)
  Formed:       2026-10-02
  FRESHNESS:    STALE
  Notes:        STALE - Recent cached daily candle tested demand zone

SUPPLY ZONE (Sell Zone):
  Range:        $124.19 - $128.69
  Size:         $4.50
  Distance:     $0.59
  Formed:       2026-09-17
  FRESHNESS:    FRESH
  Notes:        Fresh - not tested recently

TRADE METRICS:
  Stop Loss Distance:  $11.45
  Profit Target (PT):  $0.59
  Risk:Reward Ratio:   1:0.05
