====================================================================================================
TICKER: APP
====================================================================================================

CURRENT STATUS:
  Price:        $339.36
  ATR (14-day): $24.05
  Within ATR:   NO

DEMAND ZONE (Buy Zone):
  Range:        $297.50 - $316.80
  Size:         $19.30
  Distance:     $22.56 (94% of ATR)
  Formed:       2026-08-25
  FRESHNESS:    STALE
  Notes:        STALE - Daily candle tested zone yesterday (low $300.12)

SUPPLY ZONE (Sell Zone):
  Range:        $492.63 - $567.66
  Size:         $75.03
  Distance:     $153.27
  Formed:       2026-06-10
  FRESHNESS:    FRESH
  Notes:        Fresh - not tested recently

TRADE METRICS:
  Stop Loss Distance:  $41.86
  Profit Target (PT):  $153.27
  Risk:Reward Ratio:   1:3.66
