====================================================================================================
TICKER: ARE
====================================================================================================

CURRENT STATUS:
  Price:        $51.37
  ATR (14-day): $2.21
  Within ATR:   NO

DEMAND ZONE (Buy Zone):
  Range:        $45.78 - $47.68
  Size:         $1.90
  Distance:     $3.69 (167% of ATR)
  Formed:       2026-08-17
  FRESHNESS:    FRESH
  Notes:        Fresh - not tested recently

SUPPLY ZONE (Sell Zone):
  Range:        $53.30 - $54.67
  Size:         $1.37
  Distance:     $1.93
  Formed:       2026-09-21
  FRESHNESS:    FRESH
  Notes:        Fresh - not tested recently

TRADE METRICS:
  Stop Loss Distance:  $5.59
  Profit Target (PT):  $1.93
  Risk:Reward Ratio:   1:0.35
