====================================================================================================
TICKER: ARES
====================================================================================================

CURRENT STATUS:
  Price:        $133.30
  ATR (14-day): $4.44
  Within ATR:   NO

DEMAND ZONE (Buy Zone):
  Range:        $105.83 - $117.85
  Size:         $12.02
  Distance:     $15.45 (348% of ATR)
  Formed:       2026-06-25
  FRESHNESS:    STALE
  Notes:        STALE - Recent cached daily candle tested demand zone

SUPPLY ZONE (Sell Zone):
  Range:        $132.85 - $136.81
  Size:         $3.96
  Distance:     $0.00
  Formed:       2026-06-12
  FRESHNESS:    STALE
  Notes:        STALE - Price reached zone ($133.30 >= zone $132.85)

TRADE METRICS:
  Stop Loss Distance:  $27.48
  Profit Target (PT):  $-0.45
  Risk:Reward Ratio:   1:-0.02
