====================================================================================================
TICKER: ARM
====================================================================================================

CURRENT STATUS:
  Price:        $358.51
  ATR (14-day): $21.41
  Within ATR:   NO

DEMAND ZONE (Buy Zone):
  Range:        $256.56 - $275.74
  Size:         $19.18
  Distance:     $82.77 (387% of ATR)
  Formed:       2026-09-17
  FRESHNESS:    FRESH
  Notes:        Fresh - not tested recently

SUPPLY ZONE (Sell Zone):
  Range:        $337.82 - $372.92
  Size:         $35.09
  Distance:     $0.00
  Formed:       2026-06-08
  FRESHNESS:    STALE
  Notes:        STALE - Price reached zone ($358.51 >= zone $337.82)

TRADE METRICS:
  Stop Loss Distance:  $101.95
  Profit Target (PT):  $-20.69
  Risk:Reward Ratio:   1:-0.20
