====================================================================================================
TICKER: ASML
====================================================================================================

CURRENT STATUS:
  Price:        $1827.64
  ATR (14-day): $75.97
  Within ATR:   NO

DEMAND ZONE (Buy Zone):
  Range:        $1530.64 - $1621.46
  Size:         $90.82
  Distance:     $206.18 (271% of ATR)
  Formed:       2026-07-28
  FRESHNESS:    FRESH
  Notes:        Fresh - not tested recently

SUPPLY ZONE (Sell Zone):
  Range:        $1839.00 - $1913.70
  Size:         $74.70
  Distance:     $11.36
  Formed:       2026-06-12
  FRESHNESS:    FRESH
  Notes:        Fresh - not tested recently

TRADE METRICS:
  Stop Loss Distance:  $297.00
  Profit Target (PT):  $11.36
  Risk:Reward Ratio:   1:0.04
