====================================================================================================
TICKER: AVGO
====================================================================================================

CURRENT STATUS:
  Price:        $364.46
  ATR (14-day): $15.96
  Within ATR:   NO

DEMAND ZONE (Buy Zone):
  Range:        $350.06 - $362.99
  Size:         $12.93
  Distance:     $1.47 (9% of ATR)
  Formed:       2026-08-25
  FRESHNESS:    STALE
  Notes:        STALE - Daily candle tested zone yesterday (low $357.83)

SUPPLY ZONE (Sell Zone):
  Range:        $377.00 - $389.50
  Size:         $12.50
  Distance:     $12.54
  Formed:       2026-06-12
  FRESHNESS:    FRESH
  Notes:        Fresh - not tested recently

TRADE METRICS:
  Stop Loss Distance:  $14.40
  Profit Target (PT):  $12.54
  Risk:Reward Ratio:   1:0.87
