====================================================================================================
TICKER: AWK
====================================================================================================

CURRENT STATUS:
  Price:        $146.82
  ATR (14-day): $3.49
  Within ATR:   NO

DEMAND ZONE (Buy Zone):
  Range:        $124.07 - $128.04
  Size:         $3.97
  Distance:     $18.78 (539% of ATR)
  Formed:       2026-06-10
  FRESHNESS:    FRESH
  Notes:        Fresh - not tested recently

SUPPLY ZONE (Sell Zone):
  Range:        $137.07 - $140.44
  Size:         $3.37
  Distance:     $6.38
  Formed:       2026-07-29
  FRESHNESS:    STALE
  Notes:        STALE - Price reached zone ($146.82 >= zone $137.07)

TRADE METRICS:
  Stop Loss Distance:  $22.75
  Profit Target (PT):  $-9.75
  Risk:Reward Ratio:   1:-0.43
