====================================================================================================
TICKER: AXON
====================================================================================================

CURRENT STATUS:
  Price:        $443.04
  ATR (14-day): $22.52
  Within ATR:   NO

DEMAND ZONE (Buy Zone):
  Range:        $382.66 - $399.99
  Size:         $17.33
  Distance:     $43.05 (191% of ATR)
  Formed:       2026-05-22
  FRESHNESS:    FRESH
  Notes:        Fresh - not tested recently

SUPPLY ZONE (Sell Zone):
  Range:        $597.06 - $614.84
  Size:         $17.78
  Distance:     $154.02
  Formed:       2026-08-26
  FRESHNESS:    FRESH
  Notes:        Fresh - not tested recently

TRADE METRICS:
  Stop Loss Distance:  $60.38
  Profit Target (PT):  $154.02
  Risk:Reward Ratio:   1:2.55
