====================================================================================================
TICKER: AXP
====================================================================================================

CURRENT STATUS:
  Price:        $314.00
  ATR (14-day): $7.57
  Within ATR:   NO

DEMAND ZONE (Buy Zone):
  Range:        $300.00 - $305.77
  Size:         $5.77
  Distance:     $8.23 (109% of ATR)
  Formed:       2026-09-23
  FRESHNESS:    STALE
  Notes:        STALE - Recent cached daily candle tested demand zone

SUPPLY ZONE (Sell Zone):
  Range:        $357.36 - $363.10
  Size:         $5.74
  Distance:     $43.36
  Formed:       2026-07-15
  FRESHNESS:    FRESH
  Notes:        Fresh - not tested recently

TRADE METRICS:
  Stop Loss Distance:  $14.00
  Profit Target (PT):  $43.36
  Risk:Reward Ratio:   1:3.10
