====================================================================================================
TICKER: BAC
====================================================================================================

CURRENT STATUS:
  Price:        $59.12
  ATR (14-day): $0.94
  Within ATR:   NO

DEMAND ZONE (Buy Zone):
  Range:        $55.74 - $57.00
  Size:         $1.26
  Distance:     $2.12 (225% of ATR)
  Formed:       2026-06-15
  FRESHNESS:    FRESH
  Notes:        Fresh - not tested recently

SUPPLY ZONE (Sell Zone):
  Range:        $61.84 - $62.98
  Size:         $1.14
  Distance:     $2.72
  Formed:       2026-07-28
  FRESHNESS:    STALE
  Notes:        STALE - Daily candle tested zone yesterday (high $62.44)

TRADE METRICS:
  Stop Loss Distance:  $3.38
  Profit Target (PT):  $2.72
  Risk:Reward Ratio:   1:0.80
