====================================================================================================
TICKER: BALL
====================================================================================================

CURRENT STATUS:
  Price:        $58.37
  ATR (14-day): $1.86
  Within ATR:   NO

DEMAND ZONE (Buy Zone):
  Range:        $51.95 - $53.57
  Size:         $1.62
  Distance:     $4.80 (258% of ATR)
  Formed:       2026-06-05
  FRESHNESS:    FRESH
  Notes:        Fresh - not tested recently

SUPPLY ZONE (Sell Zone):
  Range:        $60.74 - $61.92
  Size:         $1.18
  Distance:     $2.38
  Formed:       2026-09-16
  FRESHNESS:    FRESH
  Notes:        Fresh - not tested recently

TRADE METRICS:
  Stop Loss Distance:  $6.41
  Profit Target (PT):  $2.38
  Risk:Reward Ratio:   1:0.37
