====================================================================================================
TICKER: BEN
====================================================================================================

CURRENT STATUS:
  Price:        $34.64
  ATR (14-day): $0.82
  Within ATR:   NO

DEMAND ZONE (Buy Zone):
  Range:        $31.74 - $32.93
  Size:         $1.19
  Distance:     $1.71 (209% of ATR)
  Formed:       2026-07-21
  FRESHNESS:    STALE
  Notes:        STALE - Recent cached daily candle tested demand zone

SUPPLY ZONE (Sell Zone):
  Range:        $35.33 - $35.85
  Size:         $0.52
  Distance:     $0.69
  Formed:       2026-08-04
  FRESHNESS:    FRESH
  Notes:        Fresh - not tested recently

TRADE METRICS:
  Stop Loss Distance:  $2.90
  Profit Target (PT):  $0.69
  Risk:Reward Ratio:   1:0.24
