====================================================================================================
TICKER: BF.B
====================================================================================================

CURRENT STATUS:
  Price:        $28.11
  ATR (14-day): $0.76
  Within ATR:   NO

DEMAND ZONE (Buy Zone):
  Range:        $25.27 - $26.84
  Size:         $1.56
  Distance:     $1.27 (169% of ATR)
  Formed:       2026-06-18
  FRESHNESS:    STALE
  Notes:        STALE - Recent cached daily candle tested demand zone

SUPPLY ZONE (Sell Zone):
  Range:        $28.38 - $29.68
  Size:         $1.30
  Distance:     $0.27
  Formed:       2026-07-30
  FRESHNESS:    FRESH
  Notes:        Fresh - not tested recently

TRADE METRICS:
  Stop Loss Distance:  $2.84
  Profit Target (PT):  $0.27
  Risk:Reward Ratio:   1:0.10
