====================================================================================================
TICKER: BIIB
====================================================================================================

CURRENT STATUS:
  Price:        $216.24
  ATR (14-day): $5.70
  Within ATR:   NO

DEMAND ZONE (Buy Zone):
  Range:        $194.04 - $203.45
  Size:         $9.41
  Distance:     $12.79 (224% of ATR)
  Formed:       2026-06-12
  FRESHNESS:    FRESH
  Notes:        Fresh - not tested recently

SUPPLY ZONE (Sell Zone):
  Range:        $219.82 - $225.80
  Size:         $5.98
  Distance:     $3.58
  Formed:       2026-09-03
  FRESHNESS:    FRESH
  Notes:        Fresh - not tested recently

TRADE METRICS:
  Stop Loss Distance:  $22.20
  Profit Target (PT):  $3.58
  Risk:Reward Ratio:   1:0.16
