====================================================================================================
TICKER: BKNG
====================================================================================================

CURRENT STATUS:
  Price:        $163.32
  ATR (14-day): $6.06
  Within ATR:   YES

DEMAND ZONE (Buy Zone):
  Range:        $155.38 - $159.21
  Size:         $3.84
  Distance:     $4.11 (68% of ATR)
  Formed:       2026-09-24
  FRESHNESS:    FRESH
  Notes:        Fresh - not tested recently

SUPPLY ZONE (Sell Zone):
  Range:        $195.51 - $201.40
  Size:         $5.89
  Distance:     $32.19
  Formed:       2026-09-01
  FRESHNESS:    FRESH
  Notes:        Fresh - not tested recently

TRADE METRICS:
  Stop Loss Distance:  $7.94
  Profit Target (PT):  $32.19
  Risk:Reward Ratio:   1:4.05
