====================================================================================================
TICKER: BKR
====================================================================================================

CURRENT STATUS:
  Price:        $56.56
  ATR (14-day): $1.92
  Within ATR:   YES

DEMAND ZONE (Buy Zone):
  Range:        $52.27 - $55.39
  Size:         $3.12
  Distance:     $1.17 (61% of ATR)
  Formed:       2026-07-01
  FRESHNESS:    FRESH
  Notes:        Fresh - not tested recently

SUPPLY ZONE (Sell Zone):
  Range:        $57.24 - $63.68
  Size:         $6.44
  Distance:     $0.68
  Formed:       2026-09-11
  FRESHNESS:    FRESH
  Notes:        Fresh - not tested recently

TRADE METRICS:
  Stop Loss Distance:  $4.29
  Profit Target (PT):  $0.68
  Risk:Reward Ratio:   1:0.16
