====================================================================================================
TICKER: BLK
====================================================================================================

CURRENT STATUS:
  Price:        $1144.48
  ATR (14-day): $28.27
  Within ATR:   NO

DEMAND ZONE (Buy Zone):
  Range:        $1053.88 - $1073.39
  Size:         $19.52
  Distance:     $71.09 (251% of ATR)
  Formed:       2026-09-23
  FRESHNESS:    STALE
  Notes:        STALE - Recent cached daily candle tested demand zone

SUPPLY ZONE (Sell Zone):
  Range:        $1164.06 - $1181.10
  Size:         $17.04
  Distance:     $19.58
  Formed:       2026-08-25
  FRESHNESS:    FRESH
  Notes:        Fresh - not tested recently

TRADE METRICS:
  Stop Loss Distance:  $90.61
  Profit Target (PT):  $19.58
  Risk:Reward Ratio:   1:0.22
