====================================================================================================
TICKER: BMY
====================================================================================================

CURRENT STATUS:
  Price:        $63.53
  ATR (14-day): $1.92
  Within ATR:   NO

DEMAND ZONE (Buy Zone):
  Range:        $53.44 - $54.73
  Size:         $1.29
  Distance:     $8.80 (459% of ATR)
  Formed:       2026-06-22
  FRESHNESS:    FRESH
  Notes:        Fresh - not tested recently

SUPPLY ZONE (Sell Zone):
  Range:        $63.53 - $65.66
  Size:         $2.13
  Distance:     $0.00
  Formed:       2026-07-31
  FRESHNESS:    STALE
  Notes:        STALE - Price reached zone ($63.53 >= zone $63.53)

TRADE METRICS:
  Stop Loss Distance:  $10.09
  Profit Target (PT):  $0.00
  Risk:Reward Ratio:   1:0.00
