====================================================================================================
TICKER: BRK.B
====================================================================================================

CURRENT STATUS:
  Price:        $518.00
  ATR (14-day): $8.83
  Within ATR:   NO

DEMAND ZONE (Buy Zone):
  Range:        $481.06 - $486.47
  Size:         $5.41
  Distance:     $31.53 (357% of ATR)
  Formed:       2026-06-11
  FRESHNESS:    FRESH
  Notes:        Fresh - not tested recently

SUPPLY ZONE (Sell Zone):
  Range:        $507.96 - $530.30
  Size:         $22.34
  Distance:     $0.00
  Formed:       2026-08-12
  FRESHNESS:    STALE
  Notes:        STALE - Price reached zone ($518.00 >= zone $507.96)

TRADE METRICS:
  Stop Loss Distance:  $36.94
  Profit Target (PT):  $-10.04
  Risk:Reward Ratio:   1:-0.27
