====================================================================================================
TICKER: BRO
====================================================================================================

CURRENT STATUS:
  Price:        $68.84
  ATR (14-day): $2.31
  Within ATR:   NO

DEMAND ZONE (Buy Zone):
  Range:        $60.53 - $62.34
  Size:         $1.81
  Distance:     $6.50 (282% of ATR)
  Formed:       2026-06-24
  FRESHNESS:    FRESH
  Notes:        Fresh - not tested recently

SUPPLY ZONE (Sell Zone):
  Range:        $67.10 - $70.08
  Size:         $2.98
  Distance:     $0.00
  Formed:       2026-07-02
  FRESHNESS:    STALE
  Notes:        STALE - Price reached zone ($68.84 >= zone $67.10)

TRADE METRICS:
  Stop Loss Distance:  $8.31
  Profit Target (PT):  $-1.74
  Risk:Reward Ratio:   1:-0.21
