====================================================================================================
TICKER: BSX
====================================================================================================

CURRENT STATUS:
  Price:        $46.73
  ATR (14-day): $1.52
  Within ATR:   NO

DEMAND ZONE (Buy Zone):
  Range:        $42.25 - $43.72
  Size:         $1.47
  Distance:     $3.01 (198% of ATR)
  Formed:       2026-06-30
  FRESHNESS:    STALE
  Notes:        STALE - Recent cached daily candle tested demand zone

SUPPLY ZONE (Sell Zone):
  Range:        $46.80 - $49.21
  Size:         $2.41
  Distance:     $0.07
  Formed:       2026-08-03
  FRESHNESS:    FRESH
  Notes:        Fresh - not tested recently

TRADE METRICS:
  Stop Loss Distance:  $4.48
  Profit Target (PT):  $0.07
  Risk:Reward Ratio:   1:0.02
