====================================================================================================
TICKER: BX
====================================================================================================

CURRENT STATUS:
  Price:        $124.30
  ATR (14-day): $3.88
  Within ATR:   NO

DEMAND ZONE (Buy Zone):
  Range:        $113.99 - $119.65
  Size:         $5.66
  Distance:     $4.65 (120% of ATR)
  Formed:       2026-06-05
  FRESHNESS:    STALE
  Notes:        STALE - Recent cached daily candle tested demand zone

SUPPLY ZONE (Sell Zone):
  Range:        $141.69 - $150.22
  Size:         $8.53
  Distance:     $17.39
  Formed:       2026-08-11
  FRESHNESS:    FRESH
  Notes:        Fresh - not tested recently

TRADE METRICS:
  Stop Loss Distance:  $10.31
  Profit Target (PT):  $17.39
  Risk:Reward Ratio:   1:1.69
