====================================================================================================
TICKER: CAH
====================================================================================================

CURRENT STATUS:
  Price:        $239.87
  ATR (14-day): $6.52
  Within ATR:   NO

DEMAND ZONE (Buy Zone):
  Range:        $218.93 - $223.97
  Size:         $5.04
  Distance:     $15.90 (244% of ATR)
  Formed:       2026-09-28
  FRESHNESS:    STALE
  Notes:        STALE - Recent cached daily candle tested demand zone

SUPPLY ZONE (Sell Zone):
  Range:        $246.18 - $249.21
  Size:         $3.03
  Distance:     $6.31
  Formed:       2026-09-03
  FRESHNESS:    FRESH
  Notes:        Fresh - not tested recently

TRADE METRICS:
  Stop Loss Distance:  $20.94
  Profit Target (PT):  $6.31
  Risk:Reward Ratio:   1:0.30
