====================================================================================================
TICKER: CASY
====================================================================================================

CURRENT STATUS:
  Price:        $674.12
  ATR (14-day): $20.80
  Within ATR:   NO

DEMAND ZONE (Buy Zone):
  Range:        $586.45 - $601.27
  Size:         $14.82
  Distance:     $72.85 (350% of ATR)
  Formed:       2026-09-16
  FRESHNESS:    FRESH
  Notes:        Fresh - not tested recently

SUPPLY ZONE (Sell Zone):
  Range:        $818.42 - $839.20
  Size:         $20.78
  Distance:     $144.30
  Formed:       2026-08-20
  FRESHNESS:    FRESH
  Notes:        Fresh - not tested recently

TRADE METRICS:
  Stop Loss Distance:  $87.67
  Profit Target (PT):  $144.30
  Risk:Reward Ratio:   1:1.65
