====================================================================================================
TICKER: CB
====================================================================================================

CURRENT STATUS:
  Price:        $349.60
  ATR (14-day): $6.51
  Within ATR:   NO

DEMAND ZONE (Buy Zone):
  Range:        $322.00 - $330.03
  Size:         $8.03
  Distance:     $19.57 (300% of ATR)
  Formed:       2026-06-22
  FRESHNESS:    FRESH
  Notes:        Fresh - not tested recently

SUPPLY ZONE (Sell Zone):
  Range:        $349.60 - $361.33
  Size:         $11.73
  Distance:     $0.00
  Formed:       2026-07-02
  FRESHNESS:    STALE
  Notes:        STALE - Price reached zone ($349.60 >= zone $349.60)

TRADE METRICS:
  Stop Loss Distance:  $27.60
  Profit Target (PT):  $0.00
  Risk:Reward Ratio:   1:0.00
