====================================================================================================
TICKER: CBOE
====================================================================================================

CURRENT STATUS:
  Price:        $271.68
  ATR (14-day): $8.47
  Within ATR:   NO

DEMAND ZONE (Buy Zone):
  Range:        $241.13 - $254.19
  Size:         $13.06
  Distance:     $17.49 (206% of ATR)
  Formed:       2026-07-01
  FRESHNESS:    STALE
  Notes:        STALE - Recent cached daily candle tested demand zone

SUPPLY ZONE (Sell Zone):
  Range:        $352.76 - $361.08
  Size:         $8.32
  Distance:     $81.08
  Formed:       2026-05-22
  FRESHNESS:    FRESH
  Notes:        Fresh - not tested recently

TRADE METRICS:
  Stop Loss Distance:  $30.55
  Profit Target (PT):  $81.08
  Risk:Reward Ratio:   1:2.65
