====================================================================================================
TICKER: CCEP
====================================================================================================

CURRENT STATUS:
  Price:        $119.50
  ATR (14-day): $2.79
  Within ATR:   NO

DEMAND ZONE (Buy Zone):
  Range:        $96.62 - $97.83
  Size:         $1.21
  Distance:     $21.67 (778% of ATR)
  Formed:       2026-06-18
  FRESHNESS:    FRESH
  Notes:        Fresh - not tested recently

SUPPLY ZONE (Sell Zone):
  Range:        $105.44 - $108.07
  Size:         $2.62
  Distance:     $11.43
  Formed:       2026-07-02
  FRESHNESS:    STALE
  Notes:        STALE - Price reached zone ($119.50 >= zone $105.44)

TRADE METRICS:
  Stop Loss Distance:  $22.88
  Profit Target (PT):  $-14.06
  Risk:Reward Ratio:   1:-0.61
