====================================================================================================
TICKER: CCI
====================================================================================================

CURRENT STATUS:
  Price:        $78.75
  ATR (14-day): $3.06
  Within ATR:   NO

DEMAND ZONE (Buy Zone):
  Range:        $69.72 - $76.47
  Size:         $6.75
  Distance:     $2.28 (74% of ATR)
  Formed:       2026-08-06
  FRESHNESS:    STALE
  Notes:        STALE - Daily candle tested zone yesterday (low $73.43)

SUPPLY ZONE (Sell Zone):
  Range:        $91.43 - $93.65
  Size:         $2.22
  Distance:     $12.68
  Formed:       2026-06-12
  FRESHNESS:    FRESH
  Notes:        Fresh - not tested recently

TRADE METRICS:
  Stop Loss Distance:  $9.03
  Profit Target (PT):  $12.68
  Risk:Reward Ratio:   1:1.40
