====================================================================================================
TICKER: CDNS
====================================================================================================

CURRENT STATUS:
  Price:        $326.13
  ATR (14-day): $9.51
  Within ATR:   NO

DEMAND ZONE (Buy Zone):
  Range:        $273.07 - $282.00
  Size:         $8.93
  Distance:     $44.13 (464% of ATR)
  Formed:       2026-09-15
  FRESHNESS:    FRESH
  Notes:        Fresh - not tested recently

SUPPLY ZONE (Sell Zone):
  Range:        $380.21 - $389.49
  Size:         $9.28
  Distance:     $54.08
  Formed:       2026-07-10
  FRESHNESS:    FRESH
  Notes:        Fresh - not tested recently

TRADE METRICS:
  Stop Loss Distance:  $53.06
  Profit Target (PT):  $54.08
  Risk:Reward Ratio:   1:1.02
