====================================================================================================
TICKER: CFG
====================================================================================================

CURRENT STATUS:
  Price:        $74.11
  ATR (14-day): $2.00
  Within ATR:   NO

DEMAND ZONE (Buy Zone):
  Range:        $66.61 - $68.25
  Size:         $1.64
  Distance:     $5.86 (293% of ATR)
  Formed:       2026-09-17
  FRESHNESS:    STALE
  Notes:        STALE - Recent cached daily candle tested demand zone

SUPPLY ZONE (Sell Zone):
  Range:        $71.83 - $74.69
  Size:         $2.86
  Distance:     $0.00
  Formed:       2026-07-17
  FRESHNESS:    STALE
  Notes:        STALE - Price reached zone ($74.11 >= zone $71.83)

TRADE METRICS:
  Stop Loss Distance:  $7.50
  Profit Target (PT):  $-2.28
  Risk:Reward Ratio:   1:-0.30
