====================================================================================================
TICKER: CHRW
====================================================================================================

CURRENT STATUS:
  Price:        $166.22
  ATR (14-day): $4.65
  Within ATR:   NO

DEMAND ZONE (Buy Zone):
  Range:        $145.35 - $149.78
  Size:         $4.43
  Distance:     $16.44 (354% of ATR)
  Formed:       2026-09-28
  FRESHNESS:    STALE
  Notes:        STALE - Recent cached daily candle tested demand zone

SUPPLY ZONE (Sell Zone):
  Range:        $205.20 - $209.66
  Size:         $4.46
  Distance:     $38.98
  Formed:       2026-07-22
  FRESHNESS:    FRESH
  Notes:        Fresh - not tested recently

TRADE METRICS:
  Stop Loss Distance:  $20.87
  Profit Target (PT):  $38.98
  Risk:Reward Ratio:   1:1.87
