====================================================================================================
TICKER: CI
====================================================================================================

CURRENT STATUS:
  Price:        $278.23
  ATR (14-day): $8.59
  Within ATR:   NO

DEMAND ZONE (Buy Zone):
  Range:        $270.91 - $279.89
  Size:         $8.98
  Distance:     $0.00 (0% of ATR)
  Formed:       2026-08-11
  FRESHNESS:    STALE
  Notes:        STALE - Price reached zone ($278.23 <= zone $279.89)

SUPPLY ZONE (Sell Zone):
  Range:        $284.11 - $295.72
  Size:         $11.61
  Distance:     $5.88
  Formed:       2026-06-17
  FRESHNESS:    STALE
  Notes:        STALE - Daily candle tested zone yesterday (high $289.04)

TRADE METRICS:
  Stop Loss Distance:  $7.32
  Profit Target (PT):  $5.88
  Risk:Reward Ratio:   1:0.80
