====================================================================================================
TICKER: CIEN
====================================================================================================

CURRENT STATUS:
  Price:        $377.95
  ATR (14-day): $19.46
  Within ATR:   NO

DEMAND ZONE (Buy Zone):
  Range:        $311.94 - $328.85
  Size:         $16.91
  Distance:     $49.10 (252% of ATR)
  Formed:       2026-09-04
  FRESHNESS:    FRESH
  Notes:        Fresh - not tested recently

SUPPLY ZONE (Sell Zone):
  Range:        $574.91 - $605.61
  Size:         $30.70
  Distance:     $196.96
  Formed:       2026-05-22
  FRESHNESS:    FRESH
  Notes:        Fresh - not tested recently

TRADE METRICS:
  Stop Loss Distance:  $66.01
  Profit Target (PT):  $196.96
  Risk:Reward Ratio:   1:2.98
