====================================================================================================
TICKER: CINF
====================================================================================================

CURRENT STATUS:
  Price:        $173.25
  ATR (14-day): $4.80
  Within ATR:   NO

DEMAND ZONE (Buy Zone):
  Range:        $160.32 - $162.96
  Size:         $2.64
  Distance:     $10.29 (214% of ATR)
  Formed:       2026-09-28
  FRESHNESS:    STALE
  Notes:        STALE - Recent cached daily candle tested demand zone

SUPPLY ZONE (Sell Zone):
  Range:        $187.28 - $192.06
  Size:         $4.78
  Distance:     $14.03
  Formed:       2026-07-02
  FRESHNESS:    FRESH
  Notes:        Fresh - not tested recently

TRADE METRICS:
  Stop Loss Distance:  $12.93
  Profit Target (PT):  $14.03
  Risk:Reward Ratio:   1:1.09
