====================================================================================================
TICKER: CL
====================================================================================================

CURRENT STATUS:
  Price:        $92.63
  ATR (14-day): $14.21
  Within ATR:   NO

DEMAND ZONE (Buy Zone):
  Range:        $86.28 - $88.04
  Size:         $1.77
  Distance:     $4.59 (32% of ATR)
  Formed:       2026-10-06
  FRESHNESS:    STALE
  Notes:        STALE - Recent cached daily candle tested demand zone

SUPPLY ZONE (Sell Zone):
  Range:        $92.83 - $95.37
  Size:         $2.54
  Distance:     $0.20
  Formed:       2026-07-02
  FRESHNESS:    FRESH
  Notes:        Fresh - not tested recently

TRADE METRICS:
  Stop Loss Distance:  $6.35
  Profit Target (PT):  $0.20
  Risk:Reward Ratio:   1:0.03
