====================================================================================================
TICKER: CME
====================================================================================================

CURRENT STATUS:
  Price:        $284.38
  ATR (14-day): $5.81
  Within ATR:   NO

DEMAND ZONE (Buy Zone):
  Range:        $256.46 - $267.29
  Size:         $10.83
  Distance:     $17.09 (294% of ATR)
  Formed:       2026-06-10
  FRESHNESS:    STALE
  Notes:        STALE - Recent cached daily candle tested demand zone

SUPPLY ZONE (Sell Zone):
  Range:        $302.31 - $307.87
  Size:         $5.56
  Distance:     $17.93
  Formed:       2026-05-19
  FRESHNESS:    FRESH
  Notes:        Fresh - not tested recently

TRADE METRICS:
  Stop Loss Distance:  $27.92
  Profit Target (PT):  $17.93
  Risk:Reward Ratio:   1:0.64
