====================================================================================================
TICKER: CMG
====================================================================================================

CURRENT STATUS:
  Price:        $34.23
  ATR (14-day): $1.27
  Within ATR:   NO

DEMAND ZONE (Buy Zone):
  Range:        $30.21 - $31.45
  Size:         $1.24
  Distance:     $2.77 (218% of ATR)
  Formed:       2026-10-06
  FRESHNESS:    STALE
  Notes:        STALE - Recent cached daily candle tested demand zone

SUPPLY ZONE (Sell Zone):
  Range:        $35.66 - $36.63
  Size:         $0.97
  Distance:     $1.44
  Formed:       2026-09-10
  FRESHNESS:    FRESH
  Notes:        Fresh - not tested recently

TRADE METRICS:
  Stop Loss Distance:  $4.02
  Profit Target (PT):  $1.44
  Risk:Reward Ratio:   1:0.36
