====================================================================================================
TICKER: CMI
====================================================================================================

CURRENT STATUS:
  Price:        $554.01
  ATR (14-day): $15.31
  Within ATR:   NO

DEMAND ZONE (Buy Zone):
  Range:        $519.09 - $541.91
  Size:         $22.82
  Distance:     $12.10 (79% of ATR)
  Formed:       2026-09-17
  FRESHNESS:    STALE
  Notes:        STALE - Recent cached daily candle tested demand zone

SUPPLY ZONE (Sell Zone):
  Range:        $629.85 - $639.21
  Size:         $9.36
  Distance:     $75.84
  Formed:       2026-08-13
  FRESHNESS:    FRESH
  Notes:        Fresh - not tested recently

TRADE METRICS:
  Stop Loss Distance:  $34.92
  Profit Target (PT):  $75.84
  Risk:Reward Ratio:   1:2.17
