====================================================================================================
TICKER: CNC
====================================================================================================

CURRENT STATUS:
  Price:        $65.89
  ATR (14-day): $2.51
  Within ATR:   NO

DEMAND ZONE (Buy Zone):
  Range:        $56.80 - $59.88
  Size:         $3.08
  Distance:     $6.01 (240% of ATR)
  Formed:       2026-05-27
  FRESHNESS:    FRESH
  Notes:        Fresh - not tested recently

SUPPLY ZONE (Sell Zone):
  Range:        $65.91 - $69.39
  Size:         $3.48
  Distance:     $0.02
  Formed:       2026-09-17
  FRESHNESS:    FRESH
  Notes:        Fresh - not tested recently

TRADE METRICS:
  Stop Loss Distance:  $9.09
  Profit Target (PT):  $0.02
  Risk:Reward Ratio:   1:0.00
