====================================================================================================
TICKER: CNP
====================================================================================================

CURRENT STATUS:
  Price:        $39.56
  ATR (14-day): $0.89
  Within ATR:   NO

DEMAND ZONE (Buy Zone):
  Range:        $36.41 - $37.05
  Size:         $0.65
  Distance:     $2.51 (282% of ATR)
  Formed:       2026-09-28
  FRESHNESS:    STALE
  Notes:        STALE - Recent cached daily candle tested demand zone

SUPPLY ZONE (Sell Zone):
  Range:        $40.41 - $40.91
  Size:         $0.50
  Distance:     $0.84
  Formed:       2026-08-13
  FRESHNESS:    FRESH
  Notes:        Fresh - not tested recently

TRADE METRICS:
  Stop Loss Distance:  $3.15
  Profit Target (PT):  $0.84
  Risk:Reward Ratio:   1:0.27
