====================================================================================================
TICKER: CRH
====================================================================================================

CURRENT STATUS:
  Price:        $95.92
  ATR (14-day): $2.68
  Within ATR:   NO

DEMAND ZONE (Buy Zone):
  Range:        $85.62 - $87.31
  Size:         $1.69
  Distance:     $8.61 (321% of ATR)
  Formed:       2026-09-18
  FRESHNESS:    STALE
  Notes:        STALE - Recent cached daily candle tested demand zone

SUPPLY ZONE (Sell Zone):
  Range:        $98.85 - $102.00
  Size:         $3.15
  Distance:     $2.93
  Formed:       2026-05-21
  FRESHNESS:    FRESH
  Notes:        Fresh - not tested recently

TRADE METRICS:
  Stop Loss Distance:  $10.30
  Profit Target (PT):  $2.93
  Risk:Reward Ratio:   1:0.28
