====================================================================================================
TICKER: CRM
====================================================================================================

CURRENT STATUS:
  Price:        $252.29
  ATR (14-day): $9.45
  Within ATR:   NO

DEMAND ZONE (Buy Zone):
  Range:        $203.01 - $211.07
  Size:         $8.06
  Distance:     $41.22 (436% of ATR)
  Formed:       2026-08-20
  FRESHNESS:    FRESH
  Notes:        Fresh - not tested recently

SUPPLY ZONE (Sell Zone):
  Range:        $249.32 - $263.48
  Size:         $14.16
  Distance:     $0.00
  Formed:       2026-08-28
  FRESHNESS:    STALE
  Notes:        STALE - Price reached zone ($252.29 >= zone $249.32)

TRADE METRICS:
  Stop Loss Distance:  $49.28
  Profit Target (PT):  $-2.97
  Risk:Reward Ratio:   1:-0.06
