====================================================================================================
TICKER: CRWD
====================================================================================================

CURRENT STATUS:
  Price:        $267.85
  ATR (14-day): $12.54
  Within ATR:   NO

DEMAND ZONE (Buy Zone):
  Range:        $205.47 - $212.64
  Size:         $7.16
  Distance:     $55.21 (440% of ATR)
  Formed:       2026-09-08
  FRESHNESS:    FRESH
  Notes:        Fresh - not tested recently

SUPPLY ZONE (Sell Zone):
  Range:        $671.71 - $785.53
  Size:         $113.82
  Distance:     $403.86
  Formed:       2026-06-02
  FRESHNESS:    FRESH
  Notes:        Fresh - not tested recently

TRADE METRICS:
  Stop Loss Distance:  $62.38
  Profit Target (PT):  $403.86
  Risk:Reward Ratio:   1:6.47
