====================================================================================================
TICKER: CSCO
====================================================================================================

CURRENT STATUS:
  Price:        $114.89
  ATR (14-day): $3.12
  Within ATR:   NO

DEMAND ZONE (Buy Zone):
  Range:        $105.98 - $107.67
  Size:         $1.69
  Distance:     $7.22 (231% of ATR)
  Formed:       2026-09-28
  FRESHNESS:    FRESH
  Notes:        Fresh - not tested recently

SUPPLY ZONE (Sell Zone):
  Range:        $119.48 - $122.42
  Size:         $2.94
  Distance:     $4.59
  Formed:       2026-08-06
  FRESHNESS:    FRESH
  Notes:        Fresh - not tested recently

TRADE METRICS:
  Stop Loss Distance:  $8.91
  Profit Target (PT):  $4.59
  Risk:Reward Ratio:   1:0.52
