====================================================================================================
TICKER: CSGP
====================================================================================================

CURRENT STATUS:
  Price:        $29.50
  ATR (14-day): $1.68
  Within ATR:   NO

DEMAND ZONE (Buy Zone):
  Range:        $28.54 - $30.89
  Size:         $2.35
  Distance:     $0.00 (0% of ATR)
  Formed:       2026-06-23
  FRESHNESS:    STALE
  Notes:        STALE - Price reached zone ($29.50 <= zone $30.89)

SUPPLY ZONE (Sell Zone):
  Range:        $31.63 - $34.06
  Size:         $2.43
  Distance:     $2.13
  Formed:       2026-06-12
  FRESHNESS:    FRESH
  Notes:        Fresh - not tested recently

TRADE METRICS:
  Stop Loss Distance:  $0.96
  Profit Target (PT):  $2.13
  Risk:Reward Ratio:   1:2.22
