====================================================================================================
TICKER: CTAS
====================================================================================================

CURRENT STATUS:
  Price:        $208.95
  ATR (14-day): $32.86
  Within ATR:   NO

DEMAND ZONE (Buy Zone):
  Range:        $191.85 - $201.71
  Size:         $9.86
  Distance:     $7.24 (22% of ATR)
  Formed:       2026-10-04
  FRESHNESS:    STALE
  Notes:        STALE - Recent cached daily candle tested demand zone

SUPPLY ZONE (Sell Zone):
  Range:        $206.34 - $219.07
  Size:         $12.73
  Distance:     $0.00
  Formed:       2026-07-27
  FRESHNESS:    STALE
  Notes:        STALE - Price reached zone ($208.95 >= zone $206.34)

TRADE METRICS:
  Stop Loss Distance:  $17.10
  Profit Target (PT):  $-2.60
  Risk:Reward Ratio:   1:-0.15
