====================================================================================================
TICKER: CTVA
====================================================================================================

CURRENT STATUS:
  Price:        $14.52
  ATR (14-day): $16.93
  Within ATR:   NO

DEMAND ZONE (Buy Zone):
  Range:        $12.63 - $14.05
  Size:         $1.42
  Distance:     $0.46 (3% of ATR)
  Formed:       2026-10-06
  FRESHNESS:    STALE
  Notes:        STALE - Recent cached daily candle tested demand zone

SUPPLY ZONE (Sell Zone):
  Range:        $76.86 - $78.88
  Size:         $2.02
  Distance:     $62.34
  Formed:       2026-09-28
  FRESHNESS:    FRESH
  Notes:        Fresh - not tested recently

TRADE METRICS:
  Stop Loss Distance:  $1.89
  Profit Target (PT):  $62.34
  Risk:Reward Ratio:   1:32.98
