====================================================================================================
TICKER: CVS
====================================================================================================

CURRENT STATUS:
  Price:        $92.27
  ATR (14-day): $2.39
  Within ATR:   NO

DEMAND ZONE (Buy Zone):
  Range:        $82.08 - $83.79
  Size:         $1.72
  Distance:     $8.48 (355% of ATR)
  Formed:       2026-04-30
  FRESHNESS:    FRESH
  Notes:        Fresh - not tested recently

SUPPLY ZONE (Sell Zone):
  Range:        $93.87 - $96.06
  Size:         $2.19
  Distance:     $1.60
  Formed:       2026-09-11
  FRESHNESS:    FRESH
  Notes:        Fresh - not tested recently

TRADE METRICS:
  Stop Loss Distance:  $10.19
  Profit Target (PT):  $1.60
  Risk:Reward Ratio:   1:0.16
