====================================================================================================
TICKER: DAL
====================================================================================================

CURRENT STATUS:
  Price:        $81.69
  ATR (14-day): $2.60
  Within ATR:   NO

DEMAND ZONE (Buy Zone):
  Range:        $75.99 - $82.31
  Size:         $6.32
  Distance:     $0.00 (0% of ATR)
  Formed:       2026-08-28
  FRESHNESS:    STALE
  Notes:        STALE - Price reached zone ($81.69 <= zone $82.31)

SUPPLY ZONE (Sell Zone):
  Range:        $80.93 - $83.44
  Size:         $2.51
  Distance:     $0.00
  Formed:       2026-06-12
  FRESHNESS:    STALE
  Notes:        STALE - Price reached zone ($81.69 >= zone $80.93)

TRADE METRICS:
  Stop Loss Distance:  $5.70
  Profit Target (PT):  $-0.76
  Risk:Reward Ratio:   1:-0.13
