====================================================================================================
TICKER: DASH
====================================================================================================

CURRENT STATUS:
  Price:        $202.71
  ATR (14-day): $6.57
  Within ATR:   NO

DEMAND ZONE (Buy Zone):
  Range:        $164.62 - $173.48
  Size:         $8.86
  Distance:     $29.23 (445% of ATR)
  Formed:       2026-06-16
  FRESHNESS:    FRESH
  Notes:        Fresh - not tested recently

SUPPLY ZONE (Sell Zone):
  Range:        $211.21 - $231.94
  Size:         $20.73
  Distance:     $8.50
  Formed:       2026-09-04
  FRESHNESS:    FRESH
  Notes:        Fresh - not tested recently

TRADE METRICS:
  Stop Loss Distance:  $38.09
  Profit Target (PT):  $8.50
  Risk:Reward Ratio:   1:0.22
