====================================================================================================
TICKER: DD
====================================================================================================

CURRENT STATUS:
  Price:        $139.94
  ATR (14-day): $2.93
  Within ATR:   NO

DEMAND ZONE (Buy Zone):
  Range:        $128.10 - $130.78
  Size:         $2.68
  Distance:     $9.16 (313% of ATR)
  Formed:       2026-09-17
  FRESHNESS:    STALE
  Notes:        STALE - Recent cached daily candle tested demand zone

SUPPLY ZONE (Sell Zone):
  Range:        $143.49 - $147.86
  Size:         $4.37
  Distance:     $3.55
  Formed:       2026-08-05
  FRESHNESS:    FRESH
  Notes:        Fresh - not tested recently

TRADE METRICS:
  Stop Loss Distance:  $11.84
  Profit Target (PT):  $3.55
  Risk:Reward Ratio:   1:0.30
