====================================================================================================
TICKER: DG
====================================================================================================

CURRENT STATUS:
  Price:        $133.62
  ATR (14-day): $3.65
  Within ATR:   NO

DEMAND ZONE (Buy Zone):
  Range:        $122.39 - $127.99
  Size:         $5.59
  Distance:     $5.63 (154% of ATR)
  Formed:       2026-09-09
  FRESHNESS:    STALE
  Notes:        STALE - Daily candle tested zone yesterday (low $122.41)

SUPPLY ZONE (Sell Zone):
  Range:        $124.09 - $132.75
  Size:         $8.66
  Distance:     $0.87
  Formed:       2026-09-09
  FRESHNESS:    STALE
  Notes:        STALE - Price reached zone ($133.62 >= zone $124.09)

TRADE METRICS:
  Stop Loss Distance:  $11.23
  Profit Target (PT):  $-9.53
  Risk:Reward Ratio:   1:-0.85
