====================================================================================================
TICKER: DHI
====================================================================================================

CURRENT STATUS:
  Price:        $149.07
  ATR (14-day): $4.59
  Within ATR:   NO

DEMAND ZONE (Buy Zone):
  Range:        $137.42 - $140.37
  Size:         $2.95
  Distance:     $8.70 (189% of ATR)
  Formed:       2026-09-18
  FRESHNESS:    STALE
  Notes:        STALE - Recent cached daily candle tested demand zone

SUPPLY ZONE (Sell Zone):
  Range:        $162.07 - $165.69
  Size:         $3.62
  Distance:     $13.00
  Formed:       2026-06-29
  FRESHNESS:    FRESH
  Notes:        Fresh - not tested recently

TRADE METRICS:
  Stop Loss Distance:  $11.65
  Profit Target (PT):  $13.00
  Risk:Reward Ratio:   1:1.12
