====================================================================================================
TICKER: DHR
====================================================================================================

CURRENT STATUS:
  Price:        $217.31
  ATR (14-day): $7.96
  Within ATR:   NO

DEMAND ZONE (Buy Zone):
  Range:        $183.29 - $186.60
  Size:         $3.31
  Distance:     $30.71 (386% of ATR)
  Formed:       2026-06-08
  FRESHNESS:    FRESH
  Notes:        Fresh - not tested recently

SUPPLY ZONE (Sell Zone):
  Range:        $223.56 - $228.29
  Size:         $4.73
  Distance:     $6.25
  Formed:       2026-09-29
  FRESHNESS:    STALE
  Notes:        STALE - Recent cached daily candle tested supply zone

TRADE METRICS:
  Stop Loss Distance:  $34.02
  Profit Target (PT):  $6.25
  Risk:Reward Ratio:   1:0.18
