====================================================================================================
TICKER: DIA
====================================================================================================

CURRENT STATUS:
  Price:        $521.60
  ATR (14-day): $6.40
  Within ATR:   YES

DEMAND ZONE (Buy Zone):
  Range:        $515.30 - $519.52
  Size:         $4.22
  Distance:     $2.08 (33% of ATR)
  Formed:       2026-06-18
  FRESHNESS:    FRESH
  Notes:        Fresh - not tested recently

SUPPLY ZONE (Sell Zone):
  Range:        $525.85 - $530.09
  Size:         $4.24
  Distance:     $4.25
  Formed:       2026-07-06
  FRESHNESS:    STALE
  Notes:        STALE - Daily candle tested zone yesterday (high $526.74)

TRADE METRICS:
  Stop Loss Distance:  $6.30
  Profit Target (PT):  $4.25
  Risk:Reward Ratio:   1:0.67
