====================================================================================================
TICKER: DIS
====================================================================================================

CURRENT STATUS:
  Price:        $107.08
  ATR (14-day): $2.96
  Within ATR:   NO

DEMAND ZONE (Buy Zone):
  Range:        $97.22 - $99.05
  Size:         $1.83
  Distance:     $8.03 (271% of ATR)
  Formed:       2026-08-03
  FRESHNESS:    FRESH
  Notes:        Fresh - not tested recently

SUPPLY ZONE (Sell Zone):
  Range:        $109.77 - $111.81
  Size:         $2.05
  Distance:     $2.69
  Formed:       2026-08-25
  FRESHNESS:    FRESH
  Notes:        Fresh - not tested recently

TRADE METRICS:
  Stop Loss Distance:  $9.86
  Profit Target (PT):  $2.69
  Risk:Reward Ratio:   1:0.27
