====================================================================================================
TICKER: DLR
====================================================================================================

CURRENT STATUS:
  Price:        $193.47
  ATR (14-day): $7.12
  Within ATR:   NO

DEMAND ZONE (Buy Zone):
  Range:        $172.07 - $177.30
  Size:         $5.23
  Distance:     $16.17 (227% of ATR)
  Formed:       2026-07-02
  FRESHNESS:    STALE
  Notes:        STALE - Recent cached daily candle tested demand zone

SUPPLY ZONE (Sell Zone):
  Range:        $193.38 - $196.84
  Size:         $3.46
  Distance:     $0.00
  Formed:       2026-06-23
  FRESHNESS:    STALE
  Notes:        STALE - Price reached zone ($193.47 >= zone $193.38)

TRADE METRICS:
  Stop Loss Distance:  $21.40
  Profit Target (PT):  $-0.09
  Risk:Reward Ratio:   1:-0.00
