====================================================================================================
TICKER: DRI
====================================================================================================

CURRENT STATUS:
  Price:        $200.75
  ATR (14-day): $6.14
  Within ATR:   YES

DEMAND ZONE (Buy Zone):
  Range:        $191.88 - $196.73
  Size:         $4.85
  Distance:     $4.02 (65% of ATR)
  Formed:       2026-07-21
  FRESHNESS:    FRESH
  Notes:        Fresh - not tested recently

SUPPLY ZONE (Sell Zone):
  Range:        $212.45 - $216.04
  Size:         $3.59
  Distance:     $11.70
  Formed:       2026-09-22
  FRESHNESS:    FRESH
  Notes:        Fresh - not tested recently

TRADE METRICS:
  Stop Loss Distance:  $8.87
  Profit Target (PT):  $11.70
  Risk:Reward Ratio:   1:1.32
