====================================================================================================
TICKER: DVA
====================================================================================================

CURRENT STATUS:
  Price:        $188.89
  ATR (14-day): $9.10
  Within ATR:   NO

DEMAND ZONE (Buy Zone):
  Range:        $178.90 - $188.24
  Size:         $9.34
  Distance:     $0.65 (7% of ATR)
  Formed:       2026-08-06
  FRESHNESS:    STALE
  Notes:        STALE - Daily candle tested zone yesterday (low $185.30)

SUPPLY ZONE (Sell Zone):
  Range:        $204.98 - $211.80
  Size:         $6.82
  Distance:     $16.09
  Formed:       2026-06-15
  FRESHNESS:    FRESH
  Notes:        Fresh - not tested recently

TRADE METRICS:
  Stop Loss Distance:  $9.99
  Profit Target (PT):  $16.09
  Risk:Reward Ratio:   1:1.61
