====================================================================================================
TICKER: EBAY
====================================================================================================

CURRENT STATUS:
  Price:        $107.96
  ATR (14-day): $4.04
  Within ATR:   YES

DEMAND ZONE (Buy Zone):
  Range:        $100.50 - $104.84
  Size:         $4.34
  Distance:     $3.12 (77% of ATR)
  Formed:       2026-08-13
  FRESHNESS:    FRESH
  Notes:        Fresh - not tested recently

SUPPLY ZONE (Sell Zone):
  Range:        $107.01 - $111.45
  Size:         $4.44
  Distance:     $0.00
  Formed:       2026-06-12
  FRESHNESS:    STALE
  Notes:        STALE - Price reached zone ($107.96 >= zone $107.01)

TRADE METRICS:
  Stop Loss Distance:  $7.46
  Profit Target (PT):  $-0.95
  Risk:Reward Ratio:   1:-0.13
