====================================================================================================
TICKER: ED
====================================================================================================

CURRENT STATUS:
  Price:        $110.25
  ATR (14-day): $1.79
  Within ATR:   NO

DEMAND ZONE (Buy Zone):
  Range:        $105.05 - $106.06
  Size:         $1.01
  Distance:     $4.19 (234% of ATR)
  Formed:       2026-09-15
  FRESHNESS:    STALE
  Notes:        STALE - Recent cached daily candle tested demand zone

SUPPLY ZONE (Sell Zone):
  Range:        $111.81 - $115.23
  Size:         $3.42
  Distance:     $1.56
  Formed:       2026-07-06
  FRESHNESS:    FRESH
  Notes:        Fresh - not tested recently

TRADE METRICS:
  Stop Loss Distance:  $5.20
  Profit Target (PT):  $1.56
  Risk:Reward Ratio:   1:0.30
