====================================================================================================
TICKER: EFA
====================================================================================================

CURRENT STATUS:
  Price:        $107.22
  ATR (14-day): $1.23
  Within ATR:   NO

DEMAND ZONE (Buy Zone):
  Range:        $101.34 - $102.90
  Size:         $1.56
  Distance:     $4.32 (350% of ATR)
  Formed:       2026-06-10
  FRESHNESS:    FRESH
  Notes:        Fresh - not tested recently

SUPPLY ZONE (Sell Zone):
  Range:        $104.60 - $107.47
  Size:         $2.87
  Distance:     $0.00
  Formed:       2026-07-31
  FRESHNESS:    STALE
  Notes:        STALE - Price reached zone ($107.22 >= zone $104.60)

TRADE METRICS:
  Stop Loss Distance:  $5.88
  Profit Target (PT):  $-2.62
  Risk:Reward Ratio:   1:-0.45
