====================================================================================================
TICKER: EFX
====================================================================================================

CURRENT STATUS:
  Price:        $154.46
  ATR (14-day): $27.93
  Within ATR:   NO

DEMAND ZONE (Buy Zone):
  Range:        $137.04 - $141.65
  Size:         $4.61
  Distance:     $12.81 (46% of ATR)
  Formed:       2026-10-01
  FRESHNESS:    STALE
  Notes:        STALE - Recent cached daily candle tested demand zone

SUPPLY ZONE (Sell Zone):
  Range:        $167.00 - $171.69
  Size:         $4.70
  Distance:     $12.53
  Formed:       2026-06-09
  FRESHNESS:    FRESH
  Notes:        Fresh - not tested recently

TRADE METRICS:
  Stop Loss Distance:  $17.42
  Profit Target (PT):  $12.53
  Risk:Reward Ratio:   1:0.72
