====================================================================================================
TICKER: EG
====================================================================================================

CURRENT STATUS:
  Price:        $402.98
  ATR (14-day): $7.92
  Within ATR:   NO

DEMAND ZONE (Buy Zone):
  Range:        $361.70 - $370.01
  Size:         $8.31
  Distance:     $32.97 (416% of ATR)
  Formed:       2026-09-09
  FRESHNESS:    FRESH
  Notes:        Fresh - not tested recently

SUPPLY ZONE (Sell Zone):
  Range:        $380.20 - $388.02
  Size:         $7.82
  Distance:     $14.96
  Formed:       2026-09-04
  FRESHNESS:    STALE
  Notes:        STALE - Price reached zone ($402.98 >= zone $380.20)

TRADE METRICS:
  Stop Loss Distance:  $41.28
  Profit Target (PT):  $-22.78
  Risk:Reward Ratio:   1:-0.55
