====================================================================================================
TICKER: EIX
====================================================================================================

CURRENT STATUS:
  Price:        $57.00
  ATR (14-day): $2.32
  Within ATR:   NO

DEMAND ZONE (Buy Zone):
  Range:        $53.11 - $68.94
  Size:         $15.83
  Distance:     $0.00 (0% of ATR)
  Formed:       2026-08-31
  FRESHNESS:    STALE
  Notes:        STALE - Price reached zone ($57.00 <= zone $68.94)

SUPPLY ZONE (Sell Zone):
  Range:        $74.11 - $75.90
  Size:         $1.79
  Distance:     $17.11
  Formed:       2026-06-25
  FRESHNESS:    FRESH
  Notes:        Fresh - not tested recently

TRADE METRICS:
  Stop Loss Distance:  $3.89
  Profit Target (PT):  $17.11
  Risk:Reward Ratio:   1:4.40
