====================================================================================================
TICKER: EL
====================================================================================================

CURRENT STATUS:
  Price:        $103.95
  ATR (14-day): $16.94
  Within ATR:   NO

DEMAND ZONE (Buy Zone):
  Range:        $92.67 - $99.07
  Size:         $6.40
  Distance:     $4.88 (29% of ATR)
  Formed:       2026-10-04
  FRESHNESS:    STALE
  Notes:        STALE - Recent cached daily candle tested demand zone

SUPPLY ZONE (Sell Zone):
  Range:        $103.00 - $108.37
  Size:         $5.37
  Distance:     $0.00
  Formed:       2026-08-25
  FRESHNESS:    STALE
  Notes:        STALE - Price reached zone ($103.95 >= zone $103.00)

TRADE METRICS:
  Stop Loss Distance:  $11.28
  Profit Target (PT):  $-0.95
  Risk:Reward Ratio:   1:-0.08
