====================================================================================================
TICKER: ELV
====================================================================================================

CURRENT STATUS:
  Price:        $436.47
  ATR (14-day): $10.21
  Within ATR:   NO

DEMAND ZONE (Buy Zone):
  Range:        $387.08 - $396.89
  Size:         $9.81
  Distance:     $39.58 (388% of ATR)
  Formed:       2026-06-17
  FRESHNESS:    FRESH
  Notes:        Fresh - not tested recently

SUPPLY ZONE (Sell Zone):
  Range:        $414.68 - $427.19
  Size:         $12.51
  Distance:     $9.28
  Formed:       2026-07-02
  FRESHNESS:    STALE
  Notes:        STALE - Price reached zone ($436.47 >= zone $414.68)

TRADE METRICS:
  Stop Loss Distance:  $49.39
  Profit Target (PT):  $-21.79
  Risk:Reward Ratio:   1:-0.44
