====================================================================================================
TICKER: EMR
====================================================================================================

CURRENT STATUS:
  Price:        $162.45
  ATR (14-day): $4.84
  Within ATR:   NO

DEMAND ZONE (Buy Zone):
  Range:        $136.42 - $149.57
  Size:         $13.15
  Distance:     $12.88 (266% of ATR)
  Formed:       2026-06-11
  FRESHNESS:    STALE
  Notes:        STALE - Daily candle tested zone yesterday (low $146.72)

SUPPLY ZONE (Sell Zone):
  Range:        $159.84 - $166.35
  Size:         $6.50
  Distance:     $0.00
  Formed:       2026-08-12
  FRESHNESS:    STALE
  Notes:        STALE - Price reached zone ($162.45 >= zone $159.84)

TRADE METRICS:
  Stop Loss Distance:  $26.03
  Profit Target (PT):  $-2.60
  Risk:Reward Ratio:   1:-0.10
