====================================================================================================
TICKER: EOG
====================================================================================================

CURRENT STATUS:
  Price:        $151.76
  ATR (14-day): $3.66
  Within ATR:   NO

DEMAND ZONE (Buy Zone):
  Range:        $129.10 - $131.01
  Size:         $1.91
  Distance:     $20.75 (567% of ATR)
  Formed:       2026-07-02
  FRESHNESS:    FRESH
  Notes:        Fresh - not tested recently

SUPPLY ZONE (Sell Zone):
  Range:        $143.74 - $149.63
  Size:         $5.89
  Distance:     $2.13
  Formed:       2026-09-17
  FRESHNESS:    STALE
  Notes:        STALE - Price reached zone ($151.76 >= zone $143.74)

TRADE METRICS:
  Stop Loss Distance:  $22.66
  Profit Target (PT):  $-8.02
  Risk:Reward Ratio:   1:-0.35
