====================================================================================================
TICKER: EQT
====================================================================================================

CURRENT STATUS:
  Price:        $53.03
  ATR (14-day): $1.48
  Within ATR:   NO

DEMAND ZONE (Buy Zone):
  Range:        $48.57 - $49.88
  Size:         $1.31
  Distance:     $3.15 (212% of ATR)
  Formed:       2026-07-20
  FRESHNESS:    FRESH
  Notes:        Fresh - not tested recently

SUPPLY ZONE (Sell Zone):
  Range:        $53.81 - $56.45
  Size:         $2.64
  Distance:     $0.78
  Formed:       2026-08-26
  FRESHNESS:    FRESH
  Notes:        Fresh - not tested recently

TRADE METRICS:
  Stop Loss Distance:  $4.46
  Profit Target (PT):  $0.78
  Risk:Reward Ratio:   1:0.17
