====================================================================================================
TICKER: ERIE
====================================================================================================

CURRENT STATUS:
  Price:        $222.86
  ATR (14-day): $7.91
  Within ATR:   YES

DEMAND ZONE (Buy Zone):
  Range:        $209.38 - $216.13
  Size:         $6.75
  Distance:     $6.73 (85% of ATR)
  Formed:       2026-07-22
  FRESHNESS:    FRESH
  Notes:        Fresh - not tested recently

SUPPLY ZONE (Sell Zone):
  Range:        $247.57 - $254.58
  Size:         $7.01
  Distance:     $24.71
  Formed:       2026-09-14
  FRESHNESS:    FRESH
  Notes:        Fresh - not tested recently

TRADE METRICS:
  Stop Loss Distance:  $13.49
  Profit Target (PT):  $24.71
  Risk:Reward Ratio:   1:1.83
