====================================================================================================
TICKER: ETN
====================================================================================================

CURRENT STATUS:
  Price:        $439.98
  ATR (14-day): $14.93
  Within ATR:   NO

DEMAND ZONE (Buy Zone):
  Range:        $387.00 - $400.66
  Size:         $13.66
  Distance:     $39.32 (263% of ATR)
  Formed:       2026-09-14
  FRESHNESS:    FRESH
  Notes:        Fresh - not tested recently

SUPPLY ZONE (Sell Zone):
  Range:        $449.00 - $459.38
  Size:         $10.38
  Distance:     $9.02
  Formed:       2026-08-13
  FRESHNESS:    FRESH
  Notes:        Fresh - not tested recently

TRADE METRICS:
  Stop Loss Distance:  $52.98
  Profit Target (PT):  $9.02
  Risk:Reward Ratio:   1:0.17
