====================================================================================================
TICKER: ETR
====================================================================================================

CURRENT STATUS:
  Price:        $111.47
  ATR (14-day): $2.53
  Within ATR:   NO

DEMAND ZONE (Buy Zone):
  Range:        $104.31 - $107.14
  Size:         $2.82
  Distance:     $4.33 (171% of ATR)
  Formed:       2026-08-24
  FRESHNESS:    STALE
  Notes:        STALE - Daily candle tested zone yesterday (low $105.75)

SUPPLY ZONE (Sell Zone):
  Range:        $109.76 - $111.96
  Size:         $2.20
  Distance:     $0.00
  Formed:       2026-06-10
  FRESHNESS:    STALE
  Notes:        STALE - Price reached zone ($111.47 >= zone $109.76)

TRADE METRICS:
  Stop Loss Distance:  $7.16
  Profit Target (PT):  $-1.71
  Risk:Reward Ratio:   1:-0.24
