====================================================================================================
TICKER: EVRG
====================================================================================================

CURRENT STATUS:
  Price:        $85.37
  ATR (14-day): $1.50
  Within ATR:   NO

DEMAND ZONE (Buy Zone):
  Range:        $80.40 - $81.81
  Size:         $1.41
  Distance:     $3.56 (237% of ATR)
  Formed:       2026-08-24
  FRESHNESS:    STALE
  Notes:        STALE - Daily candle tested zone yesterday (low $80.82)

SUPPLY ZONE (Sell Zone):
  Range:        $82.70 - $85.09
  Size:         $2.39
  Distance:     $0.28
  Formed:       2026-06-15
  FRESHNESS:    STALE
  Notes:        STALE - Price reached zone ($85.37 >= zone $82.70)

TRADE METRICS:
  Stop Loss Distance:  $4.97
  Profit Target (PT):  $-2.67
  Risk:Reward Ratio:   1:-0.54
