====================================================================================================
TICKER: EW
====================================================================================================

CURRENT STATUS:
  Price:        $92.71
  ATR (14-day): $2.12
  Within ATR:   NO

DEMAND ZONE (Buy Zone):
  Range:        $83.88 - $86.25
  Size:         $2.37
  Distance:     $6.46 (305% of ATR)
  Formed:       2026-09-14
  FRESHNESS:    FRESH
  Notes:        Fresh - not tested recently

SUPPLY ZONE (Sell Zone):
  Range:        $87.47 - $89.68
  Size:         $2.21
  Distance:     $3.03
  Formed:       2026-09-17
  FRESHNESS:    STALE
  Notes:        STALE - Price reached zone ($92.71 >= zone $87.47)

TRADE METRICS:
  Stop Loss Distance:  $8.83
  Profit Target (PT):  $-5.24
  Risk:Reward Ratio:   1:-0.59
