====================================================================================================
TICKER: EXC
====================================================================================================

CURRENT STATUS:
  Price:        $44.62
  ATR (14-day): $0.79
  Within ATR:   NO

DEMAND ZONE (Buy Zone):
  Range:        $42.23 - $42.74
  Size:         $0.51
  Distance:     $1.88 (238% of ATR)
  Formed:       2026-09-16
  FRESHNESS:    STALE
  Notes:        STALE - Recent cached daily candle tested demand zone

SUPPLY ZONE (Sell Zone):
  Range:        $46.95 - $48.54
  Size:         $1.59
  Distance:     $2.33
  Formed:       2026-07-06
  FRESHNESS:    FRESH
  Notes:        Fresh - not tested recently

TRADE METRICS:
  Stop Loss Distance:  $2.38
  Profit Target (PT):  $2.33
  Risk:Reward Ratio:   1:0.98
