====================================================================================================
TICKER: EXE
====================================================================================================

CURRENT STATUS:
  Price:        $93.70
  ATR (14-day): $2.63
  Within ATR:   NO

DEMAND ZONE (Buy Zone):
  Range:        $86.80 - $89.71
  Size:         $2.91
  Distance:     $3.99 (152% of ATR)
  Formed:       2026-06-12
  FRESHNESS:    STALE
  Notes:        STALE - Daily candle tested zone yesterday (low $88.58)

SUPPLY ZONE (Sell Zone):
  Range:        $94.80 - $98.50
  Size:         $3.70
  Distance:     $1.10
  Formed:       2026-09-10
  FRESHNESS:    FRESH
  Notes:        Fresh - not tested recently

TRADE METRICS:
  Stop Loss Distance:  $6.90
  Profit Target (PT):  $1.10
  Risk:Reward Ratio:   1:0.16
