====================================================================================================
TICKER: EXPE
====================================================================================================

CURRENT STATUS:
  Price:        $259.78
  ATR (14-day): $11.42
  Within ATR:   NO

DEMAND ZONE (Buy Zone):
  Range:        $238.56 - $246.48
  Size:         $7.92
  Distance:     $13.30 (116% of ATR)
  Formed:       2026-06-16
  FRESHNESS:    FRESH
  Notes:        Fresh - not tested recently

SUPPLY ZONE (Sell Zone):
  Range:        $286.10 - $294.31
  Size:         $8.21
  Distance:     $26.32
  Formed:       2026-09-15
  FRESHNESS:    FRESH
  Notes:        Fresh - not tested recently

TRADE METRICS:
  Stop Loss Distance:  $21.22
  Profit Target (PT):  $26.32
  Risk:Reward Ratio:   1:1.24
