====================================================================================================
TICKER: FANG
====================================================================================================

CURRENT STATUS:
  Price:        $205.54
  ATR (14-day): $6.08
  Within ATR:   NO

DEMAND ZONE (Buy Zone):
  Range:        $184.79 - $189.07
  Size:         $4.28
  Distance:     $16.47 (271% of ATR)
  Formed:       2026-08-07
  FRESHNESS:    FRESH
  Notes:        Fresh - not tested recently

SUPPLY ZONE (Sell Zone):
  Range:        $209.15 - $216.90
  Size:         $7.75
  Distance:     $3.61
  Formed:       2026-08-21
  FRESHNESS:    FRESH
  Notes:        Fresh - not tested recently

TRADE METRICS:
  Stop Loss Distance:  $20.75
  Profit Target (PT):  $3.61
  Risk:Reward Ratio:   1:0.17
