====================================================================================================
TICKER: FAST
====================================================================================================

CURRENT STATUS:
  Price:        $52.50
  ATR (14-day): $1.15
  Within ATR:   NO

DEMAND ZONE (Buy Zone):
  Range:        $44.64 - $46.08
  Size:         $1.44
  Distance:     $6.42 (557% of ATR)
  Formed:       2026-06-18
  FRESHNESS:    FRESH
  Notes:        Fresh - not tested recently

SUPPLY ZONE (Sell Zone):
  Range:        $51.28 - $52.91
  Size:         $1.63
  Distance:     $0.00
  Formed:       2026-08-10
  FRESHNESS:    STALE
  Notes:        STALE - Price reached zone ($52.50 >= zone $51.28)

TRADE METRICS:
  Stop Loss Distance:  $7.86
  Profit Target (PT):  $-1.22
  Risk:Reward Ratio:   1:-0.16
