====================================================================================================
TICKER: FER
====================================================================================================

CURRENT STATUS:
  Price:        $63.65
  ATR (14-day): $1.53
  Within ATR:   NO

DEMAND ZONE (Buy Zone):
  Range:        $55.15 - $56.47
  Size:         $1.32
  Distance:     $7.18 (471% of ATR)
  Formed:       2026-09-21
  FRESHNESS:    STALE
  Notes:        STALE - Recent cached daily candle tested demand zone

SUPPLY ZONE (Sell Zone):
  Range:        $68.14 - $68.87
  Size:         $0.73
  Distance:     $4.49
  Formed:       2026-06-29
  FRESHNESS:    FRESH
  Notes:        Fresh - not tested recently

TRADE METRICS:
  Stop Loss Distance:  $8.50
  Profit Target (PT):  $4.49
  Risk:Reward Ratio:   1:0.53
