====================================================================================================
TICKER: FIX
====================================================================================================

CURRENT STATUS:
  Price:        $1874.25
  ATR (14-day): $76.26
  Within ATR:   NO

DEMAND ZONE (Buy Zone):
  Range:        $1627.04 - $1688.36
  Size:         $61.32
  Distance:     $185.89 (244% of ATR)
  Formed:       2026-09-30
  FRESHNESS:    FRESH
  Notes:        Fresh - not tested recently

SUPPLY ZONE (Sell Zone):
  Range:        $1927.77 - $1997.45
  Size:         $69.68
  Distance:     $53.52
  Formed:       2026-06-30
  FRESHNESS:    FRESH
  Notes:        Fresh - not tested recently

TRADE METRICS:
  Stop Loss Distance:  $247.21
  Profit Target (PT):  $53.52
  Risk:Reward Ratio:   1:0.22
