====================================================================================================
TICKER: FLEX
====================================================================================================

CURRENT STATUS:
  Price:        $120.73
  ATR (14-day): $5.19
  Within ATR:   NO

DEMAND ZONE (Buy Zone):
  Range:        $104.52 - $119.19
  Size:         $14.67
  Distance:     $1.54 (30% of ATR)
  Formed:       2026-07-30
  FRESHNESS:    STALE
  Notes:        STALE - Recent cached daily candle tested demand zone

SUPPLY ZONE (Sell Zone):
  Range:        $139.42 - $154.25
  Size:         $14.83
  Distance:     $18.69
  Formed:       2026-05-27
  FRESHNESS:    FRESH
  Notes:        Fresh - not tested recently

TRADE METRICS:
  Stop Loss Distance:  $16.21
  Profit Target (PT):  $18.69
  Risk:Reward Ratio:   1:1.15
