====================================================================================================
TICKER: FOXA
====================================================================================================

CURRENT STATUS:
  Price:        $66.34
  ATR (14-day): $10.73
  Within ATR:   NO

DEMAND ZONE (Buy Zone):
  Range:        $61.09 - $63.27
  Size:         $2.18
  Distance:     $3.07 (29% of ATR)
  Formed:       2026-10-07
  FRESHNESS:    STALE
  Notes:        STALE - Recent cached daily candle tested demand zone

SUPPLY ZONE (Sell Zone):
  Range:        $66.92 - $69.12
  Size:         $2.20
  Distance:     $0.58
  Formed:       2026-06-09
  FRESHNESS:    FRESH
  Notes:        Fresh - not tested recently

TRADE METRICS:
  Stop Loss Distance:  $5.25
  Profit Target (PT):  $0.58
  Risk:Reward Ratio:   1:0.11
