====================================================================================================
TICKER: FTNT
====================================================================================================

CURRENT STATUS:
  Price:        $163.20
  ATR (14-day): $6.86
  Within ATR:   NO

DEMAND ZONE (Buy Zone):
  Range:        $151.80 - $162.28
  Size:         $10.47
  Distance:     $0.92 (13% of ATR)
  Formed:       2026-09-02
  FRESHNESS:    STALE
  Notes:        STALE - Daily candle tested zone yesterday (low $155.35)

SUPPLY ZONE (Sell Zone):
  Range:        $154.00 - $161.98
  Size:         $7.98
  Distance:     $1.22
  Formed:       2026-09-09
  FRESHNESS:    STALE
  Notes:        STALE - Price reached zone ($163.20 >= zone $154.00)

TRADE METRICS:
  Stop Loss Distance:  $11.40
  Profit Target (PT):  $-9.20
  Risk:Reward Ratio:   1:-0.81
