====================================================================================================
TICKER: GD
====================================================================================================

CURRENT STATUS:
  Price:        $372.36
  ATR (14-day): $8.01
  Within ATR:   NO

DEMAND ZONE (Buy Zone):
  Range:        $341.00 - $349.00
  Size:         $8.00
  Distance:     $23.36 (291% of ATR)
  Formed:       2026-06-10
  FRESHNESS:    FRESH
  Notes:        Fresh - not tested recently

SUPPLY ZONE (Sell Zone):
  Range:        $356.15 - $363.83
  Size:         $7.68
  Distance:     $8.53
  Formed:       2026-06-12
  FRESHNESS:    STALE
  Notes:        STALE - Price reached zone ($372.36 >= zone $356.15)

TRADE METRICS:
  Stop Loss Distance:  $31.36
  Profit Target (PT):  $-16.21
  Risk:Reward Ratio:   1:-0.52
