====================================================================================================
TICKER: GEHC
====================================================================================================

CURRENT STATUS:
  Price:        $66.50
  ATR (14-day): $1.55
  Within ATR:   NO

DEMAND ZONE (Buy Zone):
  Range:        $60.22 - $62.69
  Size:         $2.47
  Distance:     $3.81 (246% of ATR)
  Formed:       2026-07-27
  FRESHNESS:    FRESH
  Notes:        Fresh - not tested recently

SUPPLY ZONE (Sell Zone):
  Range:        $70.28 - $71.67
  Size:         $1.39
  Distance:     $3.78
  Formed:       2026-08-31
  FRESHNESS:    FRESH
  Notes:        Fresh - not tested recently

TRADE METRICS:
  Stop Loss Distance:  $6.28
  Profit Target (PT):  $3.78
  Risk:Reward Ratio:   1:0.60
