====================================================================================================
TICKER: GEN
====================================================================================================

CURRENT STATUS:
  Price:        $31.76
  ATR (14-day): $0.96
  Within ATR:   NO

DEMAND ZONE (Buy Zone):
  Range:        $29.55 - $30.05
  Size:         $0.50
  Distance:     $1.71 (179% of ATR)
  Formed:       2026-09-09
  FRESHNESS:    FRESH
  Notes:        Fresh - not tested recently

SUPPLY ZONE (Sell Zone):
  Range:        $30.52 - $31.50
  Size:         $0.98
  Distance:     $0.26
  Formed:       2026-09-15
  FRESHNESS:    STALE
  Notes:        STALE - Price reached zone ($31.76 >= zone $30.52)

TRADE METRICS:
  Stop Loss Distance:  $2.21
  Profit Target (PT):  $-1.24
  Risk:Reward Ratio:   1:-0.56
