====================================================================================================
TICKER: GILD
====================================================================================================

CURRENT STATUS:
  Price:        $151.41
  ATR (14-day): $3.95
  Within ATR:   NO

DEMAND ZONE (Buy Zone):
  Range:        $143.18 - $147.22
  Size:         $4.04
  Distance:     $4.19 (106% of ATR)
  Formed:       2026-08-31
  FRESHNESS:    STALE
  Notes:        STALE - Daily candle tested zone yesterday (low $143.75)

SUPPLY ZONE (Sell Zone):
  Range:        $145.00 - $151.19
  Size:         $6.19
  Distance:     $0.22
  Formed:       2026-09-08
  FRESHNESS:    STALE
  Notes:        STALE - Price reached zone ($151.41 >= zone $145.00)

TRADE METRICS:
  Stop Loss Distance:  $8.23
  Profit Target (PT):  $-6.41
  Risk:Reward Ratio:   1:-0.78
