====================================================================================================
TICKER: GIS
====================================================================================================

CURRENT STATUS:
  Price:        $34.21
  ATR (14-day): $1.33
  Within ATR:   NO

DEMAND ZONE (Buy Zone):
  Range:        $31.30 - $32.61
  Size:         $1.30
  Distance:     $1.60 (121% of ATR)
  Formed:       2026-10-06
  FRESHNESS:    STALE
  Notes:        STALE - Recent cached daily candle tested demand zone

SUPPLY ZONE (Sell Zone):
  Range:        $36.30 - $37.21
  Size:         $0.91
  Distance:     $2.09
  Formed:       2026-09-17
  FRESHNESS:    FRESH
  Notes:        Fresh - not tested recently

TRADE METRICS:
  Stop Loss Distance:  $2.91
  Profit Target (PT):  $2.09
  Risk:Reward Ratio:   1:0.72
