====================================================================================================
TICKER: GL
====================================================================================================

CURRENT STATUS:
  Price:        $165.86
  ATR (14-day): $6.23
  Within ATR:   NO

DEMAND ZONE (Buy Zone):
  Range:        $156.16 - $159.24
  Size:         $3.08
  Distance:     $6.62 (106% of ATR)
  Formed:       2026-06-08
  FRESHNESS:    FRESH
  Notes:        Fresh - not tested recently

SUPPLY ZONE (Sell Zone):
  Range:        $182.10 - $186.01
  Size:         $3.91
  Distance:     $16.24
  Formed:       2026-08-05
  FRESHNESS:    FRESH
  Notes:        Fresh - not tested recently

TRADE METRICS:
  Stop Loss Distance:  $9.70
  Profit Target (PT):  $16.24
  Risk:Reward Ratio:   1:1.67
