====================================================================================================
TICKER: GNRC
====================================================================================================

CURRENT STATUS:
  Price:        $214.31
  ATR (14-day): $10.51
  Within ATR:   NO

DEMAND ZONE (Buy Zone):
  Range:        $174.03 - $179.66
  Size:         $5.63
  Distance:     $34.65 (330% of ATR)
  Formed:       2026-09-14
  FRESHNESS:    FRESH
  Notes:        Fresh - not tested recently

SUPPLY ZONE (Sell Zone):
  Range:        $248.93 - $286.95
  Size:         $38.02
  Distance:     $34.62
  Formed:       2026-07-02
  FRESHNESS:    FRESH
  Notes:        Fresh - not tested recently

TRADE METRICS:
  Stop Loss Distance:  $40.28
  Profit Target (PT):  $34.62
  Risk:Reward Ratio:   1:0.86
