====================================================================================================
TICKER: GOOG
====================================================================================================

CURRENT STATUS:
  Price:        $340.19
  ATR (14-day): $9.75
  Within ATR:   NO

DEMAND ZONE (Buy Zone):
  Range:        $314.91 - $324.40
  Size:         $9.49
  Distance:     $15.79 (162% of ATR)
  Formed:       2026-07-23
  FRESHNESS:    FRESH
  Notes:        Fresh - not tested recently

SUPPLY ZONE (Sell Zone):
  Range:        $381.28 - $389.66
  Size:         $8.38
  Distance:     $41.09
  Formed:       2026-05-27
  FRESHNESS:    FRESH
  Notes:        Fresh - not tested recently

TRADE METRICS:
  Stop Loss Distance:  $25.28
  Profit Target (PT):  $41.09
  Risk:Reward Ratio:   1:1.63
