====================================================================================================
TICKER: GOOGL
====================================================================================================

CURRENT STATUS:
  Price:        $342.57
  ATR (14-day): $10.32
  Within ATR:   NO

DEMAND ZONE (Buy Zone):
  Range:        $314.96 - $324.42
  Size:         $9.46
  Distance:     $18.15 (176% of ATR)
  Formed:       2026-07-23
  FRESHNESS:    FRESH
  Notes:        Fresh - not tested recently

SUPPLY ZONE (Sell Zone):
  Range:        $385.29 - $393.76
  Size:         $8.47
  Distance:     $42.72
  Formed:       2026-05-27
  FRESHNESS:    FRESH
  Notes:        Fresh - not tested recently

TRADE METRICS:
  Stop Loss Distance:  $27.61
  Profit Target (PT):  $42.72
  Risk:Reward Ratio:   1:1.55
