====================================================================================================
TICKER: GPC
====================================================================================================

CURRENT STATUS:
  Price:        $134.29
  ATR (14-day): $2.99
  Within ATR:   NO

DEMAND ZONE (Buy Zone):
  Range:        $104.97 - $107.89
  Size:         $2.92
  Distance:     $26.40 (882% of ATR)
  Formed:       2026-06-22
  FRESHNESS:    FRESH
  Notes:        Fresh - not tested recently

SUPPLY ZONE (Sell Zone):
  Range:        $131.71 - $136.14
  Size:         $4.43
  Distance:     $0.00
  Formed:       2026-09-14
  FRESHNESS:    STALE
  Notes:        STALE - Price reached zone ($134.29 >= zone $131.71)

TRADE METRICS:
  Stop Loss Distance:  $29.31
  Profit Target (PT):  $-2.58
  Risk:Reward Ratio:   1:-0.09
