====================================================================================================
TICKER: GPN
====================================================================================================

CURRENT STATUS:
  Price:        $88.29
  ATR (14-day): $14.68
  Within ATR:   NO

DEMAND ZONE (Buy Zone):
  Range:        $77.94 - $83.12
  Size:         $5.18
  Distance:     $5.17 (35% of ATR)
  Formed:       2026-10-04
  FRESHNESS:    STALE
  Notes:        STALE - Recent cached daily candle tested demand zone

SUPPLY ZONE (Sell Zone):
  Range:        $84.32 - $88.86
  Size:         $4.55
  Distance:     $0.00
  Formed:       2026-07-28
  FRESHNESS:    STALE
  Notes:        STALE - Price reached zone ($88.29 >= zone $84.32)

TRADE METRICS:
  Stop Loss Distance:  $10.35
  Profit Target (PT):  $-3.97
  Risk:Reward Ratio:   1:-0.38
