====================================================================================================
TICKER: GRMN
====================================================================================================

CURRENT STATUS:
  Price:        $294.14
  ATR (14-day): $6.87
  Within ATR:   NO

DEMAND ZONE (Buy Zone):
  Range:        $238.35 - $242.93
  Size:         $4.57
  Distance:     $51.21 (745% of ATR)
  Formed:       2026-07-22
  FRESHNESS:    FRESH
  Notes:        Fresh - not tested recently

SUPPLY ZONE (Sell Zone):
  Range:        $309.09 - $314.08
  Size:         $4.99
  Distance:     $14.95
  Formed:       2026-08-13
  FRESHNESS:    FRESH
  Notes:        Fresh - not tested recently

TRADE METRICS:
  Stop Loss Distance:  $55.78
  Profit Target (PT):  $14.95
  Risk:Reward Ratio:   1:0.27
