====================================================================================================
TICKER: GS
====================================================================================================

CURRENT STATUS:
  Price:        $1064.38
  ATR (14-day): $32.82
  Within ATR:   NO

DEMAND ZONE (Buy Zone):
  Range:        $1000.04 - $1036.31
  Size:         $36.27
  Distance:     $28.07 (86% of ATR)
  Formed:       2026-06-10
  FRESHNESS:    STALE
  Notes:        STALE - Daily candle tested zone yesterday (low $1012.63)

SUPPLY ZONE (Sell Zone):
  Range:        $1036.92 - $1073.74
  Size:         $36.82
  Distance:     $0.00
  Formed:       2026-06-12
  FRESHNESS:    STALE
  Notes:        STALE - Price reached zone ($1064.38 >= zone $1036.92)

TRADE METRICS:
  Stop Loss Distance:  $64.34
  Profit Target (PT):  $-27.46
  Risk:Reward Ratio:   1:-0.43
