====================================================================================================
TICKER: HAL
====================================================================================================

CURRENT STATUS:
  Price:        $35.76
  ATR (14-day): $0.95
  Within ATR:   NO

DEMAND ZONE (Buy Zone):
  Range:        $30.98 - $31.70
  Size:         $0.72
  Distance:     $4.06 (428% of ATR)
  Formed:       2026-07-30
  FRESHNESS:    FRESH
  Notes:        Fresh - not tested recently

SUPPLY ZONE (Sell Zone):
  Range:        $39.31 - $40.41
  Size:         $1.10
  Distance:     $3.55
  Formed:       2026-06-12
  FRESHNESS:    FRESH
  Notes:        Fresh - not tested recently

TRADE METRICS:
  Stop Loss Distance:  $4.78
  Profit Target (PT):  $3.55
  Risk:Reward Ratio:   1:0.74
