====================================================================================================
TICKER: HAS
====================================================================================================

CURRENT STATUS:
  Price:        $95.08
  ATR (14-day): $2.42
  Within ATR:   NO

DEMAND ZONE (Buy Zone):
  Range:        $82.16 - $84.75
  Size:         $2.59
  Distance:     $10.33 (426% of ATR)
  Formed:       2026-06-11
  FRESHNESS:    FRESH
  Notes:        Fresh - not tested recently

SUPPLY ZONE (Sell Zone):
  Range:        $87.78 - $93.05
  Size:         $5.27
  Distance:     $2.03
  Formed:       2026-07-22
  FRESHNESS:    STALE
  Notes:        STALE - Price reached zone ($95.08 >= zone $87.78)

TRADE METRICS:
  Stop Loss Distance:  $12.92
  Profit Target (PT):  $-7.30
  Risk:Reward Ratio:   1:-0.57
