====================================================================================================
TICKER: HBAN
====================================================================================================

CURRENT STATUS:
  Price:        $17.77
  ATR (14-day): $0.40
  Within ATR:   NO

DEMAND ZONE (Buy Zone):
  Range:        $16.40 - $17.03
  Size:         $0.63
  Distance:     $0.74 (185% of ATR)
  Formed:       2026-09-02
  FRESHNESS:    STALE
  Notes:        STALE - Daily candle tested zone yesterday (low $16.43)

SUPPLY ZONE (Sell Zone):
  Range:        $16.87 - $17.16
  Size:         $0.29
  Distance:     $0.61
  Formed:       2026-09-03
  FRESHNESS:    STALE
  Notes:        STALE - Price reached zone ($17.77 >= zone $16.87)

TRADE METRICS:
  Stop Loss Distance:  $1.37
  Profit Target (PT):  $-0.90
  Risk:Reward Ratio:   1:-0.66
