====================================================================================================
TICKER: HD
====================================================================================================

CURRENT STATUS:
  Price:        $320.47
  ATR (14-day): $8.50
  Within ATR:   NO

DEMAND ZONE (Buy Zone):
  Range:        $304.30 - $311.21
  Size:         $6.91
  Distance:     $9.26 (109% of ATR)
  Formed:       2026-09-11
  FRESHNESS:    STALE
  Notes:        STALE - Daily candle tested zone yesterday (low $306.78)

SUPPLY ZONE (Sell Zone):
  Range:        $318.55 - $331.02
  Size:         $12.47
  Distance:     $0.00
  Formed:       2026-06-10
  FRESHNESS:    STALE
  Notes:        STALE - Price reached zone ($320.47 >= zone $318.55)

TRADE METRICS:
  Stop Loss Distance:  $16.17
  Profit Target (PT):  $-1.92
  Risk:Reward Ratio:   1:-0.12
