====================================================================================================
TICKER: HIG
====================================================================================================

CURRENT STATUS:
  Price:        $141.44
  ATR (14-day): $2.84
  Within ATR:   NO

DEMAND ZONE (Buy Zone):
  Range:        $131.68 - $134.11
  Size:         $2.44
  Distance:     $7.33 (258% of ATR)
  Formed:       2026-09-17
  FRESHNESS:    STALE
  Notes:        STALE - Recent cached daily candle tested demand zone

SUPPLY ZONE (Sell Zone):
  Range:        $139.75 - $145.74
  Size:         $5.99
  Distance:     $0.00
  Formed:       2026-07-27
  FRESHNESS:    STALE
  Notes:        STALE - Price reached zone ($141.44 >= zone $139.75)

TRADE METRICS:
  Stop Loss Distance:  $9.76
  Profit Target (PT):  $-1.69
  Risk:Reward Ratio:   1:-0.17
