====================================================================================================
TICKER: HII
====================================================================================================

CURRENT STATUS:
  Price:        $279.09
  ATR (14-day): $47.34
  Within ATR:   NO

DEMAND ZONE (Buy Zone):
  Range:        $256.82 - $269.41
  Size:         $12.59
  Distance:     $9.68 (20% of ATR)
  Formed:       2026-09-29
  FRESHNESS:    STALE
  Notes:        STALE - Recent cached daily candle tested demand zone

SUPPLY ZONE (Sell Zone):
  Range:        $290.80 - $298.59
  Size:         $7.79
  Distance:     $11.71
  Formed:       2026-06-09
  FRESHNESS:    FRESH
  Notes:        Fresh - not tested recently

TRADE METRICS:
  Stop Loss Distance:  $22.27
  Profit Target (PT):  $11.71
  Risk:Reward Ratio:   1:0.53
