====================================================================================================
TICKER: HLT
====================================================================================================

CURRENT STATUS:
  Price:        $344.02
  ATR (14-day): $12.04
  Within ATR:   NO

DEMAND ZONE (Buy Zone):
  Range:        $302.11 - $309.53
  Size:         $7.42
  Distance:     $34.49 (287% of ATR)
  Formed:       2026-09-16
  FRESHNESS:    FRESH
  Notes:        Fresh - not tested recently

SUPPLY ZONE (Sell Zone):
  Range:        $348.91 - $357.77
  Size:         $8.86
  Distance:     $4.89
  Formed:       2026-06-17
  FRESHNESS:    FRESH
  Notes:        Fresh - not tested recently

TRADE METRICS:
  Stop Loss Distance:  $41.91
  Profit Target (PT):  $4.89
  Risk:Reward Ratio:   1:0.12
