====================================================================================================
TICKER: HON
====================================================================================================

CURRENT STATUS:
  Price:        $215.56
  ATR (14-day): $6.40
  Within ATR:   NO

DEMAND ZONE (Buy Zone):
  Range:        $201.15 - $204.72
  Size:         $3.57
  Distance:     $10.84 (169% of ATR)
  Formed:       2026-09-10
  FRESHNESS:    STALE
  Notes:        STALE - Recent cached daily candle tested demand zone

SUPPLY ZONE (Sell Zone):
  Range:        $232.44 - $236.03
  Size:         $3.59
  Distance:     $16.88
  Formed:       2026-08-13
  FRESHNESS:    FRESH
  Notes:        Fresh - not tested recently

TRADE METRICS:
  Stop Loss Distance:  $14.41
  Profit Target (PT):  $16.88
  Risk:Reward Ratio:   1:1.17
