====================================================================================================
TICKER: HONA
====================================================================================================

CURRENT STATUS:
  Price:        $175.05
  ATR (14-day): $12.61
  Within ATR:   NO

DEMAND ZONE (Buy Zone):
  Range:        $158.10 - $164.62
  Size:         $6.52
  Distance:     $10.43 (83% of ATR)
  Formed:       2026-09-15
  FRESHNESS:    STALE
  Notes:        STALE - Daily candle tested zone yesterday (low $159.25)

SUPPLY ZONE (Sell Zone):
  Range:        $269.95 - $297.50
  Size:         $27.55
  Distance:     $94.90
  Formed:       2026-06-17
  FRESHNESS:    FRESH
  Notes:        Fresh - not tested recently

TRADE METRICS:
  Stop Loss Distance:  $16.95
  Profit Target (PT):  $94.90
  Risk:Reward Ratio:   1:5.60
