====================================================================================================
TICKER: HPE
====================================================================================================

CURRENT STATUS:
  Price:        $56.76
  ATR (14-day): $2.99
  Within ATR:   NO

DEMAND ZONE (Buy Zone):
  Range:        $44.91 - $47.97
  Size:         $3.06
  Distance:     $8.79 (294% of ATR)
  Formed:       2026-06-10
  FRESHNESS:    FRESH
  Notes:        Fresh - not tested recently

SUPPLY ZONE (Sell Zone):
  Range:        $58.90 - $63.44
  Size:         $4.54
  Distance:     $2.14
  Formed:       2026-08-13
  FRESHNESS:    FRESH
  Notes:        Fresh - not tested recently

TRADE METRICS:
  Stop Loss Distance:  $11.85
  Profit Target (PT):  $2.14
  Risk:Reward Ratio:   1:0.18
