====================================================================================================
TICKER: HPQ
====================================================================================================

CURRENT STATUS:
  Price:        $33.29
  ATR (14-day): $1.72
  Within ATR:   NO

DEMAND ZONE (Buy Zone):
  Range:        $24.02 - $24.89
  Size:         $0.87
  Distance:     $8.40 (488% of ATR)
  Formed:       2026-07-20
  FRESHNESS:    FRESH
  Notes:        Fresh - not tested recently

SUPPLY ZONE (Sell Zone):
  Range:        $33.42 - $36.23
  Size:         $2.80
  Distance:     $0.13
  Formed:       2026-09-14
  FRESHNESS:    FRESH
  Notes:        Fresh - not tested recently

TRADE METRICS:
  Stop Loss Distance:  $9.27
  Profit Target (PT):  $0.13
  Risk:Reward Ratio:   1:0.01
