====================================================================================================
TICKER: HRL
====================================================================================================

CURRENT STATUS:
  Price:        $20.39
  ATR (14-day): $0.35
  Within ATR:   NO

DEMAND ZONE (Buy Zone):
  Range:        $20.17 - $20.75
  Size:         $0.57
  Distance:     $0.00 (0% of ATR)
  Formed:       2026-05-19
  FRESHNESS:    STALE
  Notes:        STALE - Price reached zone ($20.39 <= zone $20.75)

SUPPLY ZONE (Sell Zone):
  Range:        $24.48 - $24.93
  Size:         $0.45
  Distance:     $4.09
  Formed:       2026-06-15
  FRESHNESS:    FRESH
  Notes:        Fresh - not tested recently

TRADE METRICS:
  Stop Loss Distance:  $0.22
  Profit Target (PT):  $4.09
  Risk:Reward Ratio:   1:18.61
