====================================================================================================
TICKER: HSIC
====================================================================================================

CURRENT STATUS:
  Price:        $85.99
  ATR (14-day): $2.03
  Within ATR:   NO

DEMAND ZONE (Buy Zone):
  Range:        $78.62 - $80.55
  Size:         $1.92
  Distance:     $5.44 (269% of ATR)
  Formed:       2026-06-23
  FRESHNESS:    FRESH
  Notes:        Fresh - not tested recently

SUPPLY ZONE (Sell Zone):
  Range:        $87.06 - $92.18
  Size:         $5.12
  Distance:     $1.07
  Formed:       2026-08-05
  FRESHNESS:    STALE
  Notes:        STALE - Daily candle tested zone yesterday (high $88.28)

TRADE METRICS:
  Stop Loss Distance:  $7.37
  Profit Target (PT):  $1.07
  Risk:Reward Ratio:   1:0.15
