====================================================================================================
TICKER: HST
====================================================================================================

CURRENT STATUS:
  Price:        $23.03
  ATR (14-day): $0.64
  Within ATR:   NO

DEMAND ZONE (Buy Zone):
  Range:        $21.51 - $22.00
  Size:         $0.49
  Distance:     $1.03 (159% of ATR)
  Formed:       2026-09-01
  FRESHNESS:    STALE
  Notes:        STALE - Daily candle tested zone yesterday (low $21.53)

SUPPLY ZONE (Sell Zone):
  Range:        $24.49 - $24.89
  Size:         $0.40
  Distance:     $1.46
  Formed:       2026-06-12
  FRESHNESS:    FRESH
  Notes:        Fresh - not tested recently

TRADE METRICS:
  Stop Loss Distance:  $1.52
  Profit Target (PT):  $1.46
  Risk:Reward Ratio:   1:0.96
