====================================================================================================
TICKER: HSY
====================================================================================================

CURRENT STATUS:
  Price:        $178.50
  ATR (14-day): $3.59
  Within ATR:   NO

DEMAND ZONE (Buy Zone):
  Range:        $167.50 - $169.69
  Size:         $2.19
  Distance:     $8.81 (245% of ATR)
  Formed:       2026-09-22
  FRESHNESS:    STALE
  Notes:        STALE - Recent cached daily candle tested demand zone

SUPPLY ZONE (Sell Zone):
  Range:        $185.33 - $188.30
  Size:         $2.97
  Distance:     $6.83
  Formed:       2026-08-25
  FRESHNESS:    FRESH
  Notes:        Fresh - not tested recently

TRADE METRICS:
  Stop Loss Distance:  $11.00
  Profit Target (PT):  $6.83
  Risk:Reward Ratio:   1:0.62
