====================================================================================================
TICKER: HUM
====================================================================================================

CURRENT STATUS:
  Price:        $405.79
  ATR (14-day): $15.07
  Within ATR:   NO

DEMAND ZONE (Buy Zone):
  Range:        $372.61 - $385.49
  Size:         $12.88
  Distance:     $20.30 (135% of ATR)
  Formed:       2026-06-26
  FRESHNESS:    STALE
  Notes:        STALE - Daily candle tested zone yesterday (low $383.18)

SUPPLY ZONE (Sell Zone):
  Range:        $386.83 - $419.97
  Size:         $33.14
  Distance:     $0.00
  Formed:       2026-09-10
  FRESHNESS:    STALE
  Notes:        STALE - Price reached zone ($405.79 >= zone $386.83)

TRADE METRICS:
  Stop Loss Distance:  $33.19
  Profit Target (PT):  $-18.96
  Risk:Reward Ratio:   1:-0.57
