====================================================================================================
TICKER: ICE
====================================================================================================

CURRENT STATUS:
  Price:        $165.64
  ATR (14-day): $3.65
  Within ATR:   NO

DEMAND ZONE (Buy Zone):
  Range:        $138.74 - $141.47
  Size:         $2.73
  Distance:     $24.17 (662% of ATR)
  Formed:       2026-06-11
  FRESHNESS:    FRESH
  Notes:        Fresh - not tested recently

SUPPLY ZONE (Sell Zone):
  Range:        $161.05 - $164.66
  Size:         $3.61
  Distance:     $0.98
  Formed:       2026-09-04
  FRESHNESS:    STALE
  Notes:        STALE - Price reached zone ($165.64 >= zone $161.05)

TRADE METRICS:
  Stop Loss Distance:  $26.90
  Profit Target (PT):  $-4.59
  Risk:Reward Ratio:   1:-0.17
