====================================================================================================
TICKER: INTU
====================================================================================================

CURRENT STATUS:
  Price:        $299.25
  ATR (14-day): $13.25
  Within ATR:   NO

DEMAND ZONE (Buy Zone):
  Range:        $262.64 - $271.22
  Size:         $8.58
  Distance:     $28.03 (212% of ATR)
  Formed:       2026-09-28
  FRESHNESS:    STALE
  Notes:        STALE - Recent cached daily candle tested demand zone

SUPPLY ZONE (Sell Zone):
  Range:        $312.68 - $323.82
  Size:         $11.14
  Distance:     $13.43
  Formed:       2026-09-16
  FRESHNESS:    FRESH
  Notes:        Fresh - not tested recently

TRADE METRICS:
  Stop Loss Distance:  $36.61
  Profit Target (PT):  $13.43
  Risk:Reward Ratio:   1:0.37
