====================================================================================================
TICKER: INVH
====================================================================================================

CURRENT STATUS:
  Price:        $28.75
  ATR (14-day): $0.52
  Within ATR:   NO

DEMAND ZONE (Buy Zone):
  Range:        $26.84 - $27.27
  Size:         $0.43
  Distance:     $1.48 (287% of ATR)
  Formed:       2026-09-18
  FRESHNESS:    STALE
  Notes:        STALE - Recent cached daily candle tested demand zone

SUPPLY ZONE (Sell Zone):
  Range:        $29.10 - $30.11
  Size:         $1.01
  Distance:     $0.35
  Formed:       2026-06-04
  FRESHNESS:    FRESH
  Notes:        Fresh - not tested recently

TRADE METRICS:
  Stop Loss Distance:  $1.91
  Profit Target (PT):  $0.35
  Risk:Reward Ratio:   1:0.18
