====================================================================================================
TICKER: IP
====================================================================================================

CURRENT STATUS:
  Price:        $38.85
  ATR (14-day): $1.32
  Within ATR:   NO

DEMAND ZONE (Buy Zone):
  Range:        $30.94 - $32.74
  Size:         $1.80
  Distance:     $6.11 (462% of ATR)
  Formed:       2026-05-22
  FRESHNESS:    FRESH
  Notes:        Fresh - not tested recently

SUPPLY ZONE (Sell Zone):
  Range:        $40.54 - $41.83
  Size:         $1.29
  Distance:     $1.69
  Formed:       2026-08-25
  FRESHNESS:    FRESH
  Notes:        Fresh - not tested recently

TRADE METRICS:
  Stop Loss Distance:  $7.91
  Profit Target (PT):  $1.69
  Risk:Reward Ratio:   1:0.21
