====================================================================================================
TICKER: IR
====================================================================================================

CURRENT STATUS:
  Price:        $79.63
  ATR (14-day): $1.99
  Within ATR:   NO

DEMAND ZONE (Buy Zone):
  Range:        $71.57 - $72.89
  Size:         $1.32
  Distance:     $6.74 (338% of ATR)
  Formed:       2026-09-18
  FRESHNESS:    FRESH
  Notes:        Fresh - not tested recently

SUPPLY ZONE (Sell Zone):
  Range:        $86.97 - $90.35
  Size:         $3.38
  Distance:     $7.34
  Formed:       2026-08-04
  FRESHNESS:    FRESH
  Notes:        Fresh - not tested recently

TRADE METRICS:
  Stop Loss Distance:  $8.06
  Profit Target (PT):  $7.34
  Risk:Reward Ratio:   1:0.91
