====================================================================================================
TICKER: IRM
====================================================================================================

CURRENT STATUS:
  Price:        $130.66
  ATR (14-day): $4.63
  Within ATR:   NO

DEMAND ZONE (Buy Zone):
  Range:        $112.53 - $119.42
  Size:         $6.89
  Distance:     $11.24 (243% of ATR)
  Formed:       2026-09-08
  FRESHNESS:    STALE
  Notes:        STALE - Daily candle tested zone yesterday (low $112.54)

SUPPLY ZONE (Sell Zone):
  Range:        $116.05 - $119.42
  Size:         $3.37
  Distance:     $11.24
  Formed:       2026-09-08
  FRESHNESS:    STALE
  Notes:        STALE - Price reached zone ($130.66 >= zone $116.05)

TRADE METRICS:
  Stop Loss Distance:  $18.13
  Profit Target (PT):  $-14.61
  Risk:Reward Ratio:   1:-0.81
