====================================================================================================
TICKER: IT
====================================================================================================

CURRENT STATUS:
  Price:        $198.73
  ATR (14-day): $11.69
  Within ATR:   NO

DEMAND ZONE (Buy Zone):
  Range:        $124.25 - $135.40
  Size:         $11.15
  Distance:     $63.33 (542% of ATR)
  Formed:       2026-06-18
  FRESHNESS:    FRESH
  Notes:        Fresh - not tested recently

SUPPLY ZONE (Sell Zone):
  Range:        $189.61 - $203.03
  Size:         $13.42
  Distance:     $0.00
  Formed:       2026-08-20
  FRESHNESS:    STALE
  Notes:        STALE - Price reached zone ($198.73 >= zone $189.61)

TRADE METRICS:
  Stop Loss Distance:  $74.48
  Profit Target (PT):  $-9.12
  Risk:Reward Ratio:   1:-0.12
