====================================================================================================
TICKER: ITW
====================================================================================================

CURRENT STATUS:
  Price:        $293.85
  ATR (14-day): $11.13
  Within ATR:   NO

DEMAND ZONE (Buy Zone):
  Range:        $260.86 - $268.98
  Size:         $8.12
  Distance:     $24.88 (224% of ATR)
  Formed:       2026-10-06
  FRESHNESS:    STALE
  Notes:        STALE - Recent cached daily candle tested demand zone

SUPPLY ZONE (Sell Zone):
  Range:        $290.38 - $300.47
  Size:         $10.09
  Distance:     $0.00
  Formed:       2026-07-29
  FRESHNESS:    STALE
  Notes:        STALE - Price reached zone ($293.85 >= zone $290.38)

TRADE METRICS:
  Stop Loss Distance:  $32.99
  Profit Target (PT):  $-3.47
  Risk:Reward Ratio:   1:-0.11
