====================================================================================================
TICKER: IWM
====================================================================================================

CURRENT STATUS:
  Price:        $292.90
  ATR (14-day): $3.58
  Within ATR:   NO

DEMAND ZONE (Buy Zone):
  Range:        $280.92 - $283.55
  Size:         $2.63
  Distance:     $9.35 (261% of ATR)
  Formed:       2026-10-02
  FRESHNESS:    STALE
  Notes:        STALE - Recent cached daily candle tested demand zone

SUPPLY ZONE (Sell Zone):
  Range:        $293.44 - $296.18
  Size:         $2.74
  Distance:     $0.54
  Formed:       2026-09-03
  FRESHNESS:    FRESH
  Notes:        Fresh - not tested recently

TRADE METRICS:
  Stop Loss Distance:  $11.98
  Profit Target (PT):  $0.54
  Risk:Reward Ratio:   1:0.05
