====================================================================================================
TICKER: J
====================================================================================================

CURRENT STATUS:
  Price:        $152.25
  ATR (14-day): $4.15
  Within ATR:   NO

DEMAND ZONE (Buy Zone):
  Range:        $121.75 - $126.87
  Size:         $5.12
  Distance:     $25.38 (611% of ATR)
  Formed:       2026-06-10
  FRESHNESS:    FRESH
  Notes:        Fresh - not tested recently

SUPPLY ZONE (Sell Zone):
  Range:        $144.01 - $149.54
  Size:         $5.53
  Distance:     $2.71
  Formed:       2026-08-11
  FRESHNESS:    STALE
  Notes:        STALE - Price reached zone ($152.25 >= zone $144.01)

TRADE METRICS:
  Stop Loss Distance:  $30.50
  Profit Target (PT):  $-8.24
  Risk:Reward Ratio:   1:-0.27
