====================================================================================================
TICKER: JBL
====================================================================================================

CURRENT STATUS:
  Price:        $322.54
  ATR (14-day): $13.30
  Within ATR:   NO

DEMAND ZONE (Buy Zone):
  Range:        $295.14 - $306.12
  Size:         $10.98
  Distance:     $16.42 (123% of ATR)
  Formed:       2026-09-17
  FRESHNESS:    FRESH
  Notes:        Fresh - not tested recently

SUPPLY ZONE (Sell Zone):
  Range:        $360.56 - $371.94
  Size:         $11.38
  Distance:     $38.02
  Formed:       2026-08-14
  FRESHNESS:    FRESH
  Notes:        Fresh - not tested recently

TRADE METRICS:
  Stop Loss Distance:  $27.40
  Profit Target (PT):  $38.02
  Risk:Reward Ratio:   1:1.39
