====================================================================================================
TICKER: JCI
====================================================================================================

CURRENT STATUS:
  Price:        $151.19
  ATR (14-day): $4.46
  Within ATR:   NO

DEMAND ZONE (Buy Zone):
  Range:        $141.07 - $148.78
  Size:         $7.71
  Distance:     $2.41 (54% of ATR)
  Formed:       2026-06-22
  FRESHNESS:    STALE
  Notes:        STALE - Daily candle tested zone yesterday (low $142.47)

SUPPLY ZONE (Sell Zone):
  Range:        $143.44 - $149.38
  Size:         $5.94
  Distance:     $1.81
  Formed:       2026-06-18
  FRESHNESS:    STALE
  Notes:        STALE - Price reached zone ($151.19 >= zone $143.44)

TRADE METRICS:
  Stop Loss Distance:  $10.12
  Profit Target (PT):  $-7.75
  Risk:Reward Ratio:   1:-0.77
