====================================================================================================
TICKER: JKHY
====================================================================================================

CURRENT STATUS:
  Price:        $167.07
  ATR (14-day): $4.31
  Within ATR:   NO

DEMAND ZONE (Buy Zone):
  Range:        $149.19 - $152.68
  Size:         $3.49
  Distance:     $14.39 (333% of ATR)
  Formed:       2026-08-17
  FRESHNESS:    STALE
  Notes:        STALE - Daily candle tested zone yesterday (low $152.65)

SUPPLY ZONE (Sell Zone):
  Range:        $167.97 - $174.99
  Size:         $7.03
  Distance:     $0.90
  Formed:       2026-08-25
  FRESHNESS:    FRESH
  Notes:        Fresh - not tested recently

TRADE METRICS:
  Stop Loss Distance:  $17.88
  Profit Target (PT):  $0.90
  Risk:Reward Ratio:   1:0.05
