====================================================================================================
TICKER: JNJ
====================================================================================================

CURRENT STATUS:
  Price:        $261.73
  ATR (14-day): $5.83
  Within ATR:   NO

DEMAND ZONE (Buy Zone):
  Range:        $237.05 - $241.60
  Size:         $4.55
  Distance:     $20.13 (346% of ATR)
  Formed:       2026-06-10
  FRESHNESS:    FRESH
  Notes:        Fresh - not tested recently

SUPPLY ZONE (Sell Zone):
  Range:        $264.79 - $274.90
  Size:         $10.11
  Distance:     $3.06
  Formed:       2026-07-29
  FRESHNESS:    STALE
  Notes:        STALE - Daily candle tested zone yesterday (high $271.46)

TRADE METRICS:
  Stop Loss Distance:  $24.68
  Profit Target (PT):  $3.06
  Risk:Reward Ratio:   1:0.12
