====================================================================================================
TICKER: KDP
====================================================================================================

CURRENT STATUS:
  Price:        $32.59
  ATR (14-day): $1.27
  Within ATR:   NO

DEMAND ZONE (Buy Zone):
  Range:        $29.99 - $30.64
  Size:         $0.65
  Distance:     $1.95 (154% of ATR)
  Formed:       2026-07-15
  FRESHNESS:    STALE
  Notes:        STALE - Recent cached daily candle tested demand zone

SUPPLY ZONE (Sell Zone):
  Range:        $32.58 - $33.81
  Size:         $1.23
  Distance:     $0.00
  Formed:       2026-06-26
  FRESHNESS:    STALE
  Notes:        STALE - Price reached zone ($32.59 >= zone $32.58)

TRADE METRICS:
  Stop Loss Distance:  $2.60
  Profit Target (PT):  $-0.01
  Risk:Reward Ratio:   1:-0.00
