====================================================================================================
TICKER: KEY
====================================================================================================

CURRENT STATUS:
  Price:        $21.83
  ATR (14-day): $0.50
  Within ATR:   NO

DEMAND ZONE (Buy Zone):
  Range:        $18.33 - $18.58
  Size:         $0.25
  Distance:     $3.25 (656% of ATR)
  Formed:       2025-11-26
  FRESHNESS:    FRESH
  Notes:        Fresh - not tested recently

SUPPLY ZONE (Sell Zone):
  Range:        $20.61 - $22.43
  Size:         $1.82
  Distance:     $0.00
  Formed:       2026-02-24
  FRESHNESS:    STALE
  Notes:        STALE - Price reached zone ($21.83 >= zone $20.61)

TRADE METRICS:
  Stop Loss Distance:  $3.50
  Profit Target (PT):  $-1.22
  Risk:Reward Ratio:   1:-0.35
