====================================================================================================
TICKER: KEYS
====================================================================================================

CURRENT STATUS:
  Price:        $334.67
  ATR (14-day): $12.58
  Within ATR:   NO

DEMAND ZONE (Buy Zone):
  Range:        $306.01 - $328.58
  Size:         $22.57
  Distance:     $6.09 (48% of ATR)
  Formed:       2026-07-06
  FRESHNESS:    STALE
  Notes:        STALE - Daily candle tested zone yesterday (low $316.81)

SUPPLY ZONE (Sell Zone):
  Range:        $334.11 - $354.99
  Size:         $20.88
  Distance:     $0.00
  Formed:       2026-06-30
  FRESHNESS:    STALE
  Notes:        STALE - Price reached zone ($334.67 >= zone $334.11)

TRADE METRICS:
  Stop Loss Distance:  $28.66
  Profit Target (PT):  $-0.56
  Risk:Reward Ratio:   1:-0.02
