====================================================================================================
TICKER: KHC
====================================================================================================

CURRENT STATUS:
  Price:        $23.95
  ATR (14-day): $0.86
  Within ATR:   YES

DEMAND ZONE (Buy Zone):
  Range:        $22.00 - $23.14
  Size:         $1.14
  Distance:     $0.81 (94% of ATR)
  Formed:       2026-06-18
  FRESHNESS:    FRESH
  Notes:        Fresh - not tested recently

SUPPLY ZONE (Sell Zone):
  Range:        $25.04 - $25.52
  Size:         $0.48
  Distance:     $1.09
  Formed:       2026-07-02
  FRESHNESS:    FRESH
  Notes:        Fresh - not tested recently

TRADE METRICS:
  Stop Loss Distance:  $1.95
  Profit Target (PT):  $1.09
  Risk:Reward Ratio:   1:0.56
