====================================================================================================
TICKER: KIM
====================================================================================================

CURRENT STATUS:
  Price:        $23.66
  ATR (14-day): $0.49
  Within ATR:   NO

DEMAND ZONE (Buy Zone):
  Range:        $22.20 - $22.55
  Size:         $0.35
  Distance:     $1.11 (225% of ATR)
  Formed:       2026-09-29
  FRESHNESS:    STALE
  Notes:        STALE - Recent cached daily candle tested demand zone

SUPPLY ZONE (Sell Zone):
  Range:        $25.27 - $25.72
  Size:         $0.45
  Distance:     $1.61
  Formed:       2026-07-31
  FRESHNESS:    FRESH
  Notes:        Fresh - not tested recently

TRADE METRICS:
  Stop Loss Distance:  $1.46
  Profit Target (PT):  $1.61
  Risk:Reward Ratio:   1:1.11
