====================================================================================================
TICKER: KLAC
====================================================================================================

CURRENT STATUS:
  Price:        $196.70
  ATR (14-day): $7.45
  Within ATR:   NO

DEMAND ZONE (Buy Zone):
  Range:        $177.04 - $185.91
  Size:         $8.87
  Distance:     $10.79 (145% of ATR)
  Formed:       2026-09-21
  FRESHNESS:    STALE
  Notes:        STALE - Recent cached daily candle tested demand zone

SUPPLY ZONE (Sell Zone):
  Range:        $236.40 - $2430.52
  Size:         $2194.12
  Distance:     $39.70
  Formed:       2026-06-12
  FRESHNESS:    FRESH
  Notes:        Fresh - not tested recently

TRADE METRICS:
  Stop Loss Distance:  $19.66
  Profit Target (PT):  $39.70
  Risk:Reward Ratio:   1:2.02
