====================================================================================================
TICKER: KMI
====================================================================================================

CURRENT STATUS:
  Price:        $32.24
  ATR (14-day): $0.66
  Within ATR:   NO

DEMAND ZONE (Buy Zone):
  Range:        $30.51 - $31.86
  Size:         $1.35
  Distance:     $0.38 (58% of ATR)
  Formed:       2026-08-21
  FRESHNESS:    STALE
  Notes:        STALE - Daily candle tested zone yesterday (low $30.68)

SUPPLY ZONE (Sell Zone):
  Range:        $32.16 - $33.34
  Size:         $1.18
  Distance:     $0.00
  Formed:       2026-06-24
  FRESHNESS:    STALE
  Notes:        STALE - Price reached zone ($32.24 >= zone $32.16)

TRADE METRICS:
  Stop Loss Distance:  $1.73
  Profit Target (PT):  $-0.08
  Risk:Reward Ratio:   1:-0.05
