====================================================================================================
TICKER: KO
====================================================================================================

CURRENT STATUS:
  Price:        $87.81
  ATR (14-day): $1.22
  Within ATR:   NO

DEMAND ZONE (Buy Zone):
  Range:        $81.30 - $82.39
  Size:         $1.09
  Distance:     $5.42 (444% of ATR)
  Formed:       2026-07-20
  FRESHNESS:    FRESH
  Notes:        Fresh - not tested recently

SUPPLY ZONE (Sell Zone):
  Range:        $91.30 - $92.49
  Size:         $1.19
  Distance:     $3.49
  Formed:       2026-08-24
  FRESHNESS:    FRESH
  Notes:        Fresh - not tested recently

TRADE METRICS:
  Stop Loss Distance:  $6.51
  Profit Target (PT):  $3.49
  Risk:Reward Ratio:   1:0.54
