====================================================================================================
TICKER: LEN
====================================================================================================

CURRENT STATUS:
  Price:        $84.48
  ATR (14-day): $2.65
  Within ATR:   NO

DEMAND ZONE (Buy Zone):
  Range:        $76.63 - $80.50
  Size:         $3.87
  Distance:     $3.98 (150% of ATR)
  Formed:       2026-09-11
  FRESHNESS:    STALE
  Notes:        STALE - Daily candle tested zone yesterday (low $78.68)

SUPPLY ZONE (Sell Zone):
  Range:        $89.68 - $95.22
  Size:         $5.54
  Distance:     $5.20
  Formed:       2026-06-12
  FRESHNESS:    FRESH
  Notes:        Fresh - not tested recently

TRADE METRICS:
  Stop Loss Distance:  $7.85
  Profit Target (PT):  $5.20
  Risk:Reward Ratio:   1:0.66
