====================================================================================================
TICKER: LH
====================================================================================================

CURRENT STATUS:
  Price:        $309.64
  ATR (14-day): $8.75
  Within ATR:   NO

DEMAND ZONE (Buy Zone):
  Range:        $277.04 - $284.49
  Size:         $7.45
  Distance:     $25.15 (288% of ATR)
  Formed:       2026-07-20
  FRESHNESS:    FRESH
  Notes:        Fresh - not tested recently

SUPPLY ZONE (Sell Zone):
  Range:        $328.11 - $335.87
  Size:         $7.76
  Distance:     $18.47
  Formed:       2026-09-02
  FRESHNESS:    FRESH
  Notes:        Fresh - not tested recently

TRADE METRICS:
  Stop Loss Distance:  $32.60
  Profit Target (PT):  $18.47
  Risk:Reward Ratio:   1:0.57
