====================================================================================================
TICKER: LII
====================================================================================================

CURRENT STATUS:
  Price:        $413.47
  ATR (14-day): $18.72
  Within ATR:   NO

DEMAND ZONE (Buy Zone):
  Range:        $355.00 - $369.63
  Size:         $14.62
  Distance:     $43.84 (234% of ATR)
  Formed:       2026-09-29
  FRESHNESS:    STALE
  Notes:        STALE - Recent cached daily candle tested demand zone

SUPPLY ZONE (Sell Zone):
  Range:        $523.39 - $540.38
  Size:         $16.98
  Distance:     $109.92
  Formed:       2026-07-20
  FRESHNESS:    FRESH
  Notes:        Fresh - not tested recently

TRADE METRICS:
  Stop Loss Distance:  $58.47
  Profit Target (PT):  $109.92
  Risk:Reward Ratio:   1:1.88
