====================================================================================================
TICKER: LITE
====================================================================================================

CURRENT STATUS:
  Price:        $1003.58
  ATR (14-day): $56.75
  Within ATR:   NO

DEMAND ZONE (Buy Zone):
  Range:        $822.71 - $866.15
  Size:         $43.44
  Distance:     $137.43 (242% of ATR)
  Formed:       2026-05-29
  FRESHNESS:    FRESH
  Notes:        Fresh - not tested recently

SUPPLY ZONE (Sell Zone):
  Range:        $931.40 - $1034.89
  Size:         $103.49
  Distance:     $0.00
  Formed:       2026-06-02
  FRESHNESS:    STALE
  Notes:        STALE - Price reached zone ($1003.58 >= zone $931.40)

TRADE METRICS:
  Stop Loss Distance:  $180.87
  Profit Target (PT):  $-72.18
  Risk:Reward Ratio:   1:-0.40
