====================================================================================================
TICKER: LLY
====================================================================================================

CURRENT STATUS:
  Price:        $1189.13
  ATR (14-day): $39.76
  Within ATR:   NO

DEMAND ZONE (Buy Zone):
  Range:        $1079.22 - $1135.14
  Size:         $55.92
  Distance:     $53.99 (136% of ATR)
  Formed:       2026-06-22
  FRESHNESS:    STALE
  Notes:        STALE - Daily candle tested zone yesterday (low $1121.88)

SUPPLY ZONE (Sell Zone):
  Range:        $1137.50 - $1171.66
  Size:         $34.16
  Distance:     $17.47
  Formed:       2026-09-04
  FRESHNESS:    STALE
  Notes:        STALE - Price reached zone ($1189.13 >= zone $1137.50)

TRADE METRICS:
  Stop Loss Distance:  $109.91
  Profit Target (PT):  $-51.63
  Risk:Reward Ratio:   1:-0.47
