====================================================================================================
TICKER: LMT
====================================================================================================

CURRENT STATUS:
  Price:        $529.18
  ATR (14-day): $11.24
  Within ATR:   YES

DEMAND ZONE (Buy Zone):
  Range:        $511.31 - $519.99
  Size:         $8.68
  Distance:     $9.19 (82% of ATR)
  Formed:       2026-07-15
  FRESHNESS:    FRESH
  Notes:        Fresh - not tested recently

SUPPLY ZONE (Sell Zone):
  Range:        $558.56 - $568.42
  Size:         $9.87
  Distance:     $29.38
  Formed:       2026-08-26
  FRESHNESS:    FRESH
  Notes:        Fresh - not tested recently

TRADE METRICS:
  Stop Loss Distance:  $17.87
  Profit Target (PT):  $29.38
  Risk:Reward Ratio:   1:1.64
