====================================================================================================
TICKER: LRCX
====================================================================================================

CURRENT STATUS:
  Price:        $327.70
  ATR (14-day): $13.67
  Within ATR:   NO

DEMAND ZONE (Buy Zone):
  Range:        $266.94 - $288.21
  Size:         $21.27
  Distance:     $39.49 (289% of ATR)
  Formed:       2026-09-18
  FRESHNESS:    FRESH
  Notes:        Fresh - not tested recently

SUPPLY ZONE (Sell Zone):
  Range:        $355.28 - $393.07
  Size:         $37.79
  Distance:     $27.58
  Formed:       2026-06-12
  FRESHNESS:    FRESH
  Notes:        Fresh - not tested recently

TRADE METRICS:
  Stop Loss Distance:  $60.76
  Profit Target (PT):  $27.58
  Risk:Reward Ratio:   1:0.45
