====================================================================================================
TICKER: LULU
====================================================================================================

CURRENT STATUS:
  Price:        $103.65
  ATR (14-day): $3.85
  Within ATR:   NO

DEMAND ZONE (Buy Zone):
  Range:        $95.67 - $99.03
  Size:         $3.36
  Distance:     $4.62 (120% of ATR)
  Formed:       2026-09-11
  FRESHNESS:    STALE
  Notes:        STALE - Daily candle tested zone today (low $96.83)

SUPPLY ZONE (Sell Zone):
  Range:        $123.60 - $128.86
  Size:         $5.26
  Distance:     $19.95
  Formed:       2026-08-07
  FRESHNESS:    FRESH
  Notes:        Fresh - not tested recently

TRADE METRICS:
  Stop Loss Distance:  $7.98
  Profit Target (PT):  $19.95
  Risk:Reward Ratio:   1:2.50
