====================================================================================================
TICKER: LUV
====================================================================================================

CURRENT STATUS:
  Price:        $44.09
  ATR (14-day): $1.23
  Within ATR:   NO

DEMAND ZONE (Buy Zone):
  Range:        $37.59 - $39.05
  Size:         $1.46
  Distance:     $5.04 (410% of ATR)
  Formed:       2026-09-01
  FRESHNESS:    FRESH
  Notes:        Fresh - not tested recently

SUPPLY ZONE (Sell Zone):
  Range:        $44.02 - $45.69
  Size:         $1.67
  Distance:     $0.00
  Formed:       2026-06-12
  FRESHNESS:    STALE
  Notes:        STALE - Price reached zone ($44.09 >= zone $44.02)

TRADE METRICS:
  Stop Loss Distance:  $6.51
  Profit Target (PT):  $-0.07
  Risk:Reward Ratio:   1:-0.01
