====================================================================================================
TICKER: LYB
====================================================================================================

CURRENT STATUS:
  Price:        $64.14
  ATR (14-day): $2.27
  Within ATR:   NO

DEMAND ZONE (Buy Zone):
  Range:        $55.15 - $59.51
  Size:         $4.36
  Distance:     $4.63 (204% of ATR)
  Formed:       2026-06-22
  FRESHNESS:    FRESH
  Notes:        Fresh - not tested recently

SUPPLY ZONE (Sell Zone):
  Range:        $60.85 - $67.91
  Size:         $7.06
  Distance:     $0.00
  Formed:       2026-06-12
  FRESHNESS:    STALE
  Notes:        STALE - Price reached zone ($64.14 >= zone $60.85)

TRADE METRICS:
  Stop Loss Distance:  $8.99
  Profit Target (PT):  $-3.29
  Risk:Reward Ratio:   1:-0.37
