====================================================================================================
TICKER: MAS
====================================================================================================

CURRENT STATUS:
  Price:        $78.53
  ATR (14-day): $2.20
  Within ATR:   NO

DEMAND ZONE (Buy Zone):
  Range:        $67.59 - $69.72
  Size:         $2.13
  Distance:     $8.81 (400% of ATR)
  Formed:       2026-09-11
  FRESHNESS:    STALE
  Notes:        STALE - Recent cached daily candle tested demand zone

SUPPLY ZONE (Sell Zone):
  Range:        $78.79 - $82.08
  Size:         $3.29
  Distance:     $0.26
  Formed:       2026-07-07
  FRESHNESS:    FRESH
  Notes:        Fresh - not tested recently

TRADE METRICS:
  Stop Loss Distance:  $10.94
  Profit Target (PT):  $0.26
  Risk:Reward Ratio:   1:0.02
