====================================================================================================
TICKER: MCHP
====================================================================================================

CURRENT STATUS:
  Price:        $78.54
  ATR (14-day): $4.58
  Within ATR:   NO

DEMAND ZONE (Buy Zone):
  Range:        $70.85 - $73.29
  Size:         $2.44
  Distance:     $5.25 (115% of ATR)
  Formed:       2026-09-03
  FRESHNESS:    STALE
  Notes:        STALE - Daily candle tested zone yesterday (low $70.96)

SUPPLY ZONE (Sell Zone):
  Range:        $72.67 - $75.58
  Size:         $2.91
  Distance:     $2.96
  Formed:       2026-08-31
  FRESHNESS:    STALE
  Notes:        STALE - Price reached zone ($78.54 >= zone $72.67)

TRADE METRICS:
  Stop Loss Distance:  $7.69
  Profit Target (PT):  $-5.87
  Risk:Reward Ratio:   1:-0.76
