====================================================================================================
TICKER: MCK
====================================================================================================

CURRENT STATUS:
  Price:        $945.00
  ATR (14-day): $21.46
  Within ATR:   NO

DEMAND ZONE (Buy Zone):
  Range:        $730.89 - $742.40
  Size:         $11.51
  Distance:     $202.60 (944% of ATR)
  Formed:       2026-06-01
  FRESHNESS:    FRESH
  Notes:        Fresh - not tested recently

SUPPLY ZONE (Sell Zone):
  Range:        $974.96 - $995.03
  Size:         $20.07
  Distance:     $29.96
  Formed:       2026-02-27
  FRESHNESS:    FRESH
  Notes:        Fresh - not tested recently

TRADE METRICS:
  Stop Loss Distance:  $214.11
  Profit Target (PT):  $29.96
  Risk:Reward Ratio:   1:0.14
