====================================================================================================
TICKER: MCO
====================================================================================================

CURRENT STATUS:
  Price:        $464.60
  ATR (14-day): $10.07
  Within ATR:   YES

DEMAND ZONE (Buy Zone):
  Range:        $438.17 - $460.88
  Size:         $22.71
  Distance:     $3.72 (37% of ATR)
  Formed:       2026-06-12
  FRESHNESS:    FRESH
  Notes:        Fresh - not tested recently

SUPPLY ZONE (Sell Zone):
  Range:        $495.75 - $519.09
  Size:         $23.35
  Distance:     $31.14
  Formed:       2026-07-15
  FRESHNESS:    FRESH
  Notes:        Fresh - not tested recently

TRADE METRICS:
  Stop Loss Distance:  $26.43
  Profit Target (PT):  $31.14
  Risk:Reward Ratio:   1:1.18
