====================================================================================================
TICKER: MDLZ
====================================================================================================

CURRENT STATUS:
  Price:        $63.41
  ATR (14-day): $1.21
  Within ATR:   NO

DEMAND ZONE (Buy Zone):
  Range:        $57.78 - $61.22
  Size:         $3.44
  Distance:     $2.19 (181% of ATR)
  Formed:       2026-06-29
  FRESHNESS:    STALE
  Notes:        STALE - Recent cached daily candle tested demand zone

SUPPLY ZONE (Sell Zone):
  Range:        $61.57 - $64.35
  Size:         $2.78
  Distance:     $0.00
  Formed:       2026-06-08
  FRESHNESS:    STALE
  Notes:        STALE - Price reached zone ($63.41 >= zone $61.57)

TRADE METRICS:
  Stop Loss Distance:  $5.62
  Profit Target (PT):  $-1.84
  Risk:Reward Ratio:   1:-0.33
