====================================================================================================
TICKER: MDT
====================================================================================================

CURRENT STATUS:
  Price:        $88.64
  ATR (14-day): $2.01
  Within ATR:   NO

DEMAND ZONE (Buy Zone):
  Range:        $81.49 - $83.29
  Size:         $1.80
  Distance:     $5.35 (267% of ATR)
  Formed:       2026-07-21
  FRESHNESS:    FRESH
  Notes:        Fresh - not tested recently

SUPPLY ZONE (Sell Zone):
  Range:        $91.50 - $93.03
  Size:         $1.53
  Distance:     $2.86
  Formed:       2026-09-18
  FRESHNESS:    FRESH
  Notes:        Fresh - not tested recently

TRADE METRICS:
  Stop Loss Distance:  $7.15
  Profit Target (PT):  $2.86
  Risk:Reward Ratio:   1:0.40
