====================================================================================================
TICKER: MELI
====================================================================================================

CURRENT STATUS:
  Price:        $2085.86
  ATR (14-day): $64.67
  Within ATR:   NO

DEMAND ZONE (Buy Zone):
  Range:        $1759.21 - $1813.99
  Size:         $54.78
  Distance:     $271.87 (420% of ATR)
  Formed:       2026-08-18
  FRESHNESS:    STALE
  Notes:        STALE - Daily candle tested zone yesterday (low $1797.06)

SUPPLY ZONE (Sell Zone):
  Range:        $1908.00 - $2066.00
  Size:         $158.00
  Distance:     $19.86
  Formed:       2026-09-04
  FRESHNESS:    STALE
  Notes:        STALE - Price reached zone ($2085.86 >= zone $1908.00)

TRADE METRICS:
  Stop Loss Distance:  $326.65
  Profit Target (PT):  $-177.86
  Risk:Reward Ratio:   1:-0.54
