====================================================================================================
TICKER: MET
====================================================================================================

CURRENT STATUS:
  Price:        $105.00
  ATR (14-day): $1.92
  Within ATR:   NO

DEMAND ZONE (Buy Zone):
  Range:        $94.88 - $96.30
  Size:         $1.42
  Distance:     $8.70 (452% of ATR)
  Formed:       2026-09-09
  FRESHNESS:    STALE
  Notes:        STALE - Daily candle tested zone yesterday (low $96.11)

SUPPLY ZONE (Sell Zone):
  Range:        $97.47 - $99.25
  Size:         $1.78
  Distance:     $5.75
  Formed:       2026-09-04
  FRESHNESS:    STALE
  Notes:        STALE - Price reached zone ($105.00 >= zone $97.47)

TRADE METRICS:
  Stop Loss Distance:  $10.12
  Profit Target (PT):  $-7.53
  Risk:Reward Ratio:   1:-0.74
