====================================================================================================
TICKER: META
====================================================================================================

CURRENT STATUS:
  Price:        $675.85
  ATR (14-day): $22.12
  Within ATR:   NO

DEMAND ZONE (Buy Zone):
  Range:        $557.01 - $576.07
  Size:         $19.06
  Distance:     $99.78 (451% of ATR)
  Formed:       2026-06-11
  FRESHNESS:    FRESH
  Notes:        Fresh - not tested recently

SUPPLY ZONE (Sell Zone):
  Range:        $633.27 - $677.86
  Size:         $44.59
  Distance:     $0.00
  Formed:       2026-07-10
  FRESHNESS:    STALE
  Notes:        STALE - Price reached zone ($675.85 >= zone $633.27)

TRADE METRICS:
  Stop Loss Distance:  $118.84
  Profit Target (PT):  $-42.58
  Risk:Reward Ratio:   1:-0.36
