====================================================================================================
TICKER: MLM
====================================================================================================

CURRENT STATUS:
  Price:        $575.81
  ATR (14-day): $16.19
  Within ATR:   NO

DEMAND ZONE (Buy Zone):
  Range:        $491.62 - $503.27
  Size:         $11.65
  Distance:     $72.54 (448% of ATR)
  Formed:       2026-09-10
  FRESHNESS:    STALE
  Notes:        STALE - Daily candle tested zone yesterday (low $491.62)

SUPPLY ZONE (Sell Zone):
  Range:        $507.25 - $524.98
  Size:         $17.73
  Distance:     $50.83
  Formed:       2026-09-04
  FRESHNESS:    STALE
  Notes:        STALE - Price reached zone ($575.81 >= zone $507.25)

TRADE METRICS:
  Stop Loss Distance:  $84.19
  Profit Target (PT):  $-68.56
  Risk:Reward Ratio:   1:-0.81
