====================================================================================================
TICKER: MOS
====================================================================================================

CURRENT STATUS:
  Price:        $26.46
  ATR (14-day): $0.99
  Within ATR:   NO

DEMAND ZONE (Buy Zone):
  Range:        $19.80 - $21.22
  Size:         $1.42
  Distance:     $5.24 (530% of ATR)
  Formed:       2026-06-11
  FRESHNESS:    FRESH
  Notes:        Fresh - not tested recently

SUPPLY ZONE (Sell Zone):
  Range:        $25.40 - $26.96
  Size:         $1.56
  Distance:     $0.00
  Formed:       2026-09-10
  FRESHNESS:    STALE
  Notes:        STALE - Price reached zone ($26.46 >= zone $25.40)

TRADE METRICS:
  Stop Loss Distance:  $6.66
  Profit Target (PT):  $-1.06
  Risk:Reward Ratio:   1:-0.16
