====================================================================================================
TICKER: MRSH
====================================================================================================

CURRENT STATUS:
  Price:        $185.50
  ATR (14-day): $5.57
  Within ATR:   NO

DEMAND ZONE (Buy Zone):
  Range:        $167.99 - $171.07
  Size:         $3.08
  Distance:     $14.43 (259% of ATR)
  Formed:       2026-09-28
  FRESHNESS:    STALE
  Notes:        STALE - Recent cached daily candle tested demand zone

SUPPLY ZONE (Sell Zone):
  Range:        $186.96 - $190.90
  Size:         $3.94
  Distance:     $1.46
  Formed:       2026-09-02
  FRESHNESS:    FRESH
  Notes:        Fresh - not tested recently

TRADE METRICS:
  Stop Loss Distance:  $17.51
  Profit Target (PT):  $1.46
  Risk:Reward Ratio:   1:0.08
