====================================================================================================
TICKER: MRVL
====================================================================================================

CURRENT STATUS:
  Price:        $276.89
  ATR (14-day): $12.88
  Within ATR:   NO

DEMAND ZONE (Buy Zone):
  Range:        $200.67 - $210.40
  Size:         $9.73
  Distance:     $66.49 (516% of ATR)
  Formed:       2026-09-01
  FRESHNESS:    FRESH
  Notes:        Fresh - not tested recently

SUPPLY ZONE (Sell Zone):
  Range:        $277.83 - $323.97
  Size:         $46.14
  Distance:     $0.94
  Formed:       2026-06-03
  FRESHNESS:    FRESH
  Notes:        Fresh - not tested recently

TRADE METRICS:
  Stop Loss Distance:  $76.22
  Profit Target (PT):  $0.94
  Risk:Reward Ratio:   1:0.01
