====================================================================================================
TICKER: MS
====================================================================================================

CURRENT STATUS:
  Price:        $209.25
  ATR (14-day): $5.67
  Within ATR:   NO

DEMAND ZONE (Buy Zone):
  Range:        $197.13 - $203.92
  Size:         $6.79
  Distance:     $5.33 (94% of ATR)
  Formed:       2026-05-22
  FRESHNESS:    STALE
  Notes:        STALE - Recent cached daily candle tested demand zone

SUPPLY ZONE (Sell Zone):
  Range:        $214.31 - $218.41
  Size:         $4.10
  Distance:     $5.06
  Formed:       2026-09-04
  FRESHNESS:    FRESH
  Notes:        Fresh - not tested recently

TRADE METRICS:
  Stop Loss Distance:  $12.12
  Profit Target (PT):  $5.06
  Risk:Reward Ratio:   1:0.42
