====================================================================================================
TICKER: MSFT
====================================================================================================

CURRENT STATUS:
  Price:        $520.59
  ATR (14-day): $17.33
  Within ATR:   NO

DEMAND ZONE (Buy Zone):
  Range:        $484.30 - $492.44
  Size:         $8.13
  Distance:     $28.15 (162% of ATR)
  Formed:       2026-08-25
  FRESHNESS:    STALE
  Notes:        STALE - Daily candle tested zone yesterday (low $486.25)

SUPPLY ZONE (Sell Zone):
  Range:        $490.15 - $515.65
  Size:         $25.50
  Distance:     $4.94
  Formed:       2026-09-04
  FRESHNESS:    STALE
  Notes:        STALE - Price reached zone ($520.59 >= zone $490.15)

TRADE METRICS:
  Stop Loss Distance:  $36.29
  Profit Target (PT):  $-30.44
  Risk:Reward Ratio:   1:-0.84
