====================================================================================================
TICKER: MSTR
====================================================================================================

CURRENT STATUS:
  Price:        $137.30
  ATR (14-day): $5.46
  Within ATR:   NO

DEMAND ZONE (Buy Zone):
  Range:        $114.21 - $120.94
  Size:         $6.73
  Distance:     $16.36 (299% of ATR)
  Formed:       2026-06-10
  FRESHNESS:    FRESH
  Notes:        Fresh - not tested recently

SUPPLY ZONE (Sell Zone):
  Range:        $137.07 - $144.92
  Size:         $7.85
  Distance:     $0.00
  Formed:       2026-09-04
  FRESHNESS:    STALE
  Notes:        STALE - Price reached zone ($137.30 >= zone $137.07)

TRADE METRICS:
  Stop Loss Distance:  $23.09
  Profit Target (PT):  $-0.23
  Risk:Reward Ratio:   1:-0.01
