====================================================================================================
TICKER: MTB
====================================================================================================

CURRENT STATUS:
  Price:        $238.01
  ATR (14-day): $4.87
  Within ATR:   NO

DEMAND ZONE (Buy Zone):
  Range:        $224.87 - $227.76
  Size:         $2.89
  Distance:     $10.25 (210% of ATR)
  Formed:       2026-09-17
  FRESHNESS:    STALE
  Notes:        STALE - Recent cached daily candle tested demand zone

SUPPLY ZONE (Sell Zone):
  Range:        $251.62 - $255.64
  Size:         $4.02
  Distance:     $13.61
  Formed:       2026-08-11
  FRESHNESS:    FRESH
  Notes:        Fresh - not tested recently

TRADE METRICS:
  Stop Loss Distance:  $13.14
  Profit Target (PT):  $13.61
  Risk:Reward Ratio:   1:1.04
