====================================================================================================
TICKER: MU
====================================================================================================

CURRENT STATUS:
  Price:        $940.00
  ATR (14-day): $77.36
  Within ATR:   NO

DEMAND ZONE (Buy Zone):
  Range:        $854.35 - $957.48
  Size:         $103.13
  Distance:     $0.00 (0% of ATR)
  Formed:       2026-06-10
  FRESHNESS:    STALE
  Notes:        STALE - Price reached zone ($940.00 <= zone $957.48)

SUPPLY ZONE (Sell Zone):
  Range:        $960.19 - $1097.47
  Size:         $137.28
  Distance:     $20.19
  Formed:       2026-06-12
  FRESHNESS:    FRESH
  Notes:        Fresh - not tested recently

TRADE METRICS:
  Stop Loss Distance:  $85.65
  Profit Target (PT):  $20.19
  Risk:Reward Ratio:   1:0.24
