====================================================================================================
TICKER: NBIS
====================================================================================================

CURRENT STATUS:
  Price:        $271.53
  ATR (14-day): $17.18
  Within ATR:   NO

DEMAND ZONE (Buy Zone):
  Range:        $204.15 - $220.27
  Size:         $16.12
  Distance:     $51.26 (298% of ATR)
  Formed:       2026-09-14
  FRESHNESS:    FRESH
  Notes:        Fresh - not tested recently

SUPPLY ZONE (Sell Zone):
  Range:        $249.57 - $295.00
  Size:         $45.43
  Distance:     $0.00
  Formed:       2026-06-24
  FRESHNESS:    STALE
  Notes:        STALE - Price reached zone ($271.53 >= zone $249.57)

TRADE METRICS:
  Stop Loss Distance:  $67.38
  Profit Target (PT):  $-21.96
  Risk:Reward Ratio:   1:-0.33
