====================================================================================================
TICKER: NDSN
====================================================================================================

CURRENT STATUS:
  Price:        $331.80
  ATR (14-day): $4.66
  Within ATR:   NO

DEMAND ZONE (Buy Zone):
  Range:        $298.14 - $307.74
  Size:         $9.60
  Distance:     $24.06 (516% of ATR)
  Formed:       2026-06-26
  FRESHNESS:    STALE
  Notes:        STALE - Daily candle tested zone yesterday (low $307.03)

SUPPLY ZONE (Sell Zone):
  Range:        $328.87 - $338.55
  Size:         $9.68
  Distance:     $0.00
  Formed:       2026-08-21
  FRESHNESS:    STALE
  Notes:        STALE - Price reached zone ($331.80 >= zone $328.87)

TRADE METRICS:
  Stop Loss Distance:  $33.66
  Profit Target (PT):  $-2.93
  Risk:Reward Ratio:   1:-0.09
