====================================================================================================
TICKER: NEM
====================================================================================================

CURRENT STATUS:
  Price:        $115.29
  ATR (14-day): $4.15
  Within ATR:   NO

DEMAND ZONE (Buy Zone):
  Range:        $102.82 - $106.32
  Size:         $3.50
  Distance:     $8.97 (216% of ATR)
  Formed:       2026-08-05
  FRESHNESS:    FRESH
  Notes:        Fresh - not tested recently

SUPPLY ZONE (Sell Zone):
  Range:        $130.95 - $133.69
  Size:         $2.74
  Distance:     $15.66
  Formed:       2026-08-26
  FRESHNESS:    FRESH
  Notes:        Fresh - not tested recently

TRADE METRICS:
  Stop Loss Distance:  $12.47
  Profit Target (PT):  $15.66
  Risk:Reward Ratio:   1:1.26
