====================================================================================================
TICKER: NFLX
====================================================================================================

CURRENT STATUS:
  Price:        $79.33
  ATR (14-day): $2.22
  Within ATR:   NO

DEMAND ZONE (Buy Zone):
  Range:        $65.08 - $69.49
  Size:         $4.41
  Distance:     $9.84 (444% of ATR)
  Formed:       2026-07-17
  FRESHNESS:    FRESH
  Notes:        Fresh - not tested recently

SUPPLY ZONE (Sell Zone):
  Range:        $77.46 - $81.02
  Size:         $3.56
  Distance:     $0.00
  Formed:       2026-09-15
  FRESHNESS:    STALE
  Notes:        STALE - Price reached zone ($79.33 >= zone $77.46)

TRADE METRICS:
  Stop Loss Distance:  $14.25
  Profit Target (PT):  $-1.87
  Risk:Reward Ratio:   1:-0.13
