====================================================================================================
TICKER: NI
====================================================================================================

CURRENT STATUS:
  Price:        $44.21
  ATR (14-day): $1.00
  Within ATR:   NO

DEMAND ZONE (Buy Zone):
  Range:        $40.49 - $41.08
  Size:         $0.59
  Distance:     $3.13 (313% of ATR)
  Formed:       2026-08-24
  FRESHNESS:    FRESH
  Notes:        Fresh - not tested recently

SUPPLY ZONE (Sell Zone):
  Range:        $46.27 - $46.72
  Size:         $0.45
  Distance:     $2.06
  Formed:       2026-06-10
  FRESHNESS:    FRESH
  Notes:        Fresh - not tested recently

TRADE METRICS:
  Stop Loss Distance:  $3.72
  Profit Target (PT):  $2.06
  Risk:Reward Ratio:   1:0.55
