====================================================================================================
TICKER: NKE
====================================================================================================

CURRENT STATUS:
  Price:        $38.68
  ATR (14-day): $1.22
  Within ATR:   NO

DEMAND ZONE (Buy Zone):
  Range:        $36.55 - $37.05
  Size:         $0.50
  Distance:     $1.63 (134% of ATR)
  Formed:       2026-09-11
  FRESHNESS:    STALE
  Notes:        STALE - Daily candle tested zone yesterday (low $36.62)

SUPPLY ZONE (Sell Zone):
  Range:        $43.31 - $45.98
  Size:         $2.67
  Distance:     $4.63
  Formed:       2026-06-10
  FRESHNESS:    FRESH
  Notes:        Fresh - not tested recently

TRADE METRICS:
  Stop Loss Distance:  $2.13
  Profit Target (PT):  $4.63
  Risk:Reward Ratio:   1:2.17
