====================================================================================================
TICKER: NOW
====================================================================================================

CURRENT STATUS:
  Price:        $138.57
  ATR (14-day): $6.75
  Within ATR:   NO

DEMAND ZONE (Buy Zone):
  Range:        $98.92 - $103.21
  Size:         $4.29
  Distance:     $35.36 (524% of ATR)
  Formed:       2026-06-29
  FRESHNESS:    FRESH
  Notes:        Fresh - not tested recently

SUPPLY ZONE (Sell Zone):
  Range:        $137.80 - $149.60
  Size:         $11.80
  Distance:     $0.00
  Formed:       2026-08-28
  FRESHNESS:    STALE
  Notes:        STALE - Price reached zone ($138.57 >= zone $137.80)

TRADE METRICS:
  Stop Loss Distance:  $39.65
  Profit Target (PT):  $-0.77
  Risk:Reward Ratio:   1:-0.02
