====================================================================================================
TICKER: NRG
====================================================================================================

CURRENT STATUS:
  Price:        $111.28
  ATR (14-day): $18.30
  Within ATR:   YES

DEMAND ZONE (Buy Zone):
  Range:        $93.72 - $99.64
  Size:         $5.92
  Distance:     $11.64 (64% of ATR)
  Formed:       2026-10-04
  FRESHNESS:    FRESH
  Notes:        Fresh - not tested recently

SUPPLY ZONE (Sell Zone):
  Range:        $142.91 - $150.45
  Size:         $7.53
  Distance:     $31.63
  Formed:       2026-06-25
  FRESHNESS:    FRESH
  Notes:        Fresh - not tested recently

TRADE METRICS:
  Stop Loss Distance:  $17.56
  Profit Target (PT):  $31.63
  Risk:Reward Ratio:   1:1.80
