====================================================================================================
TICKER: NTRS
====================================================================================================

CURRENT STATUS:
  Price:        $188.70
  ATR (14-day): $3.07
  Within ATR:   NO

DEMAND ZONE (Buy Zone):
  Range:        $172.25 - $176.00
  Size:         $3.75
  Distance:     $12.70 (413% of ATR)
  Formed:       2026-06-26
  FRESHNESS:    STALE
  Notes:        STALE - Daily candle tested zone yesterday (low $174.95)

SUPPLY ZONE (Sell Zone):
  Range:        $187.73 - $191.47
  Size:         $3.74
  Distance:     $0.00
  Formed:       2026-07-15
  FRESHNESS:    STALE
  Notes:        STALE - Price reached zone ($188.70 >= zone $187.73)

TRADE METRICS:
  Stop Loss Distance:  $16.45
  Profit Target (PT):  $-0.97
  Risk:Reward Ratio:   1:-0.06
