====================================================================================================
TICKER: NVR
====================================================================================================

CURRENT STATUS:
  Price:        $6219.45
  ATR (14-day): $162.40
  Within ATR:   NO

DEMAND ZONE (Buy Zone):
  Range:        $6057.84 - $6191.97
  Size:         $134.13
  Distance:     $27.48 (17% of ATR)
  Formed:       2026-09-11
  FRESHNESS:    STALE
  Notes:        STALE - Daily candle tested zone yesterday (low $6150.57)

SUPPLY ZONE (Sell Zone):
  Range:        $6374.93 - $6525.00
  Size:         $150.07
  Distance:     $155.48
  Formed:       2026-06-12
  FRESHNESS:    FRESH
  Notes:        Fresh - not tested recently

TRADE METRICS:
  Stop Loss Distance:  $161.61
  Profit Target (PT):  $155.48
  Risk:Reward Ratio:   1:0.96
