====================================================================================================
TICKER: NWSA
====================================================================================================

CURRENT STATUS:
  Price:        $30.16
  ATR (14-day): $0.93
  Within ATR:   NO

DEMAND ZONE (Buy Zone):
  Range:        $25.28 - $25.82
  Size:         $0.54
  Distance:     $4.34 (466% of ATR)
  Formed:       2026-06-15
  FRESHNESS:    FRESH
  Notes:        Fresh - not tested recently

SUPPLY ZONE (Sell Zone):
  Range:        $30.90 - $31.66
  Size:         $0.76
  Distance:     $0.74
  Formed:       2026-08-28
  FRESHNESS:    FRESH
  Notes:        Fresh - not tested recently

TRADE METRICS:
  Stop Loss Distance:  $4.88
  Profit Target (PT):  $0.74
  Risk:Reward Ratio:   1:0.15
