====================================================================================================
TICKER: NXPI
====================================================================================================

CURRENT STATUS:
  Price:        $249.20
  ATR (14-day): $7.82
  Within ATR:   NO

DEMAND ZONE (Buy Zone):
  Range:        $216.78 - $233.03
  Size:         $16.25
  Distance:     $16.16 (207% of ATR)
  Formed:       2026-09-17
  FRESHNESS:    STALE
  Notes:        STALE - Recent cached daily candle tested demand zone

SUPPLY ZONE (Sell Zone):
  Range:        $298.05 - $327.38
  Size:         $29.33
  Distance:     $48.85
  Formed:       2026-06-17
  FRESHNESS:    FRESH
  Notes:        Fresh - not tested recently

TRADE METRICS:
  Stop Loss Distance:  $32.42
  Profit Target (PT):  $48.85
  Risk:Reward Ratio:   1:1.51
