====================================================================================================
TICKER: OKE
====================================================================================================

CURRENT STATUS:
  Price:        $93.48
  ATR (14-day): $2.57
  Within ATR:   NO

DEMAND ZONE (Buy Zone):
  Range:        $85.65 - $88.19
  Size:         $2.54
  Distance:     $5.29 (206% of ATR)
  Formed:       2026-06-23
  FRESHNESS:    FRESH
  Notes:        Fresh - not tested recently

SUPPLY ZONE (Sell Zone):
  Range:        $94.96 - $99.30
  Size:         $4.34
  Distance:     $1.48
  Formed:       2026-09-10
  FRESHNESS:    FRESH
  Notes:        Fresh - not tested recently

TRADE METRICS:
  Stop Loss Distance:  $7.83
  Profit Target (PT):  $1.48
  Risk:Reward Ratio:   1:0.19
