====================================================================================================
TICKER: OMC
====================================================================================================

CURRENT STATUS:
  Price:        $81.18
  ATR (14-day): $2.71
  Within ATR:   NO

DEMAND ZONE (Buy Zone):
  Range:        $73.67 - $75.33
  Size:         $1.66
  Distance:     $5.85 (216% of ATR)
  Formed:       2026-09-29
  FRESHNESS:    STALE
  Notes:        STALE - Recent cached daily candle tested demand zone

SUPPLY ZONE (Sell Zone):
  Range:        $85.70 - $88.13
  Size:         $2.43
  Distance:     $4.52
  Formed:       2026-08-31
  FRESHNESS:    FRESH
  Notes:        Fresh - not tested recently

TRADE METRICS:
  Stop Loss Distance:  $7.51
  Profit Target (PT):  $4.52
  Risk:Reward Ratio:   1:0.60
