====================================================================================================
TICKER: ON
====================================================================================================

CURRENT STATUS:
  Price:        $83.33
  ATR (14-day): $14.20
  Within ATR:   YES

DEMAND ZONE (Buy Zone):
  Range:        $74.11 - $77.38
  Size:         $3.26
  Distance:     $5.95 (42% of ATR)
  Formed:       2026-09-29
  FRESHNESS:    FRESH
  Notes:        Fresh - not tested recently

SUPPLY ZONE (Sell Zone):
  Range:        $114.09 - $126.22
  Size:         $12.13
  Distance:     $30.76
  Formed:       2026-06-12
  FRESHNESS:    FRESH
  Notes:        Fresh - not tested recently

TRADE METRICS:
  Stop Loss Distance:  $9.22
  Profit Target (PT):  $30.76
  Risk:Reward Ratio:   1:3.34
