====================================================================================================
TICKER: OTIS
====================================================================================================

CURRENT STATUS:
  Price:        $68.58
  ATR (14-day): $1.48
  Within ATR:   NO

DEMAND ZONE (Buy Zone):
  Range:        $67.64 - $69.53
  Size:         $1.89
  Distance:     $0.00 (0% of ATR)
  Formed:       2026-09-11
  FRESHNESS:    STALE
  Notes:        STALE - Price reached zone ($68.58 <= zone $69.53)

SUPPLY ZONE (Sell Zone):
  Range:        $71.86 - $74.40
  Size:         $2.54
  Distance:     $3.28
  Formed:       2026-06-17
  FRESHNESS:    FRESH
  Notes:        Fresh - not tested recently

TRADE METRICS:
  Stop Loss Distance:  $0.94
  Profit Target (PT):  $3.28
  Risk:Reward Ratio:   1:3.49
