====================================================================================================
TICKER: PANW
====================================================================================================

CURRENT STATUS:
  Price:        $393.02
  ATR (14-day): $16.63
  Within ATR:   NO

DEMAND ZONE (Buy Zone):
  Range:        $326.34 - $339.19
  Size:         $12.85
  Distance:     $53.83 (324% of ATR)
  Formed:       2026-09-04
  FRESHNESS:    FRESH
  Notes:        Fresh - not tested recently

SUPPLY ZONE (Sell Zone):
  Range:        $376.02 - $398.52
  Size:         $22.50
  Distance:     $0.00
  Formed:       2026-08-11
  FRESHNESS:    STALE
  Notes:        STALE - Price reached zone ($393.02 >= zone $376.02)

TRADE METRICS:
  Stop Loss Distance:  $66.68
  Profit Target (PT):  $-17.00
  Risk:Reward Ratio:   1:-0.25
