====================================================================================================
TICKER: PCAR
====================================================================================================

CURRENT STATUS:
  Price:        $119.16
  ATR (14-day): $2.84
  Within ATR:   NO

DEMAND ZONE (Buy Zone):
  Range:        $107.80 - $112.28
  Size:         $4.48
  Distance:     $6.88 (243% of ATR)
  Formed:       2026-05-21
  FRESHNESS:    STALE
  Notes:        STALE - Recent cached daily candle tested demand zone

SUPPLY ZONE (Sell Zone):
  Range:        $121.92 - $124.37
  Size:         $2.45
  Distance:     $2.77
  Formed:       2026-09-10
  FRESHNESS:    FRESH
  Notes:        Fresh - not tested recently

TRADE METRICS:
  Stop Loss Distance:  $11.36
  Profit Target (PT):  $2.77
  Risk:Reward Ratio:   1:0.24
