====================================================================================================
TICKER: PCG
====================================================================================================

CURRENT STATUS:
  Price:        $13.73
  ATR (14-day): $0.51
  Within ATR:   NO

DEMAND ZONE (Buy Zone):
  Range:        $12.59 - $14.79
  Size:         $2.20
  Distance:     $0.00 (0% of ATR)
  Formed:       2026-09-02
  FRESHNESS:    STALE
  Notes:        STALE - Price reached zone ($13.73 <= zone $14.79)

SUPPLY ZONE (Sell Zone):
  Range:        $13.54 - $14.84
  Size:         $1.29
  Distance:     $0.00
  Formed:       2026-09-10
  FRESHNESS:    STALE
  Notes:        STALE - Price reached zone ($13.73 >= zone $13.54)

TRADE METRICS:
  Stop Loss Distance:  $1.14
  Profit Target (PT):  $-0.19
  Risk:Reward Ratio:   1:-0.16
