====================================================================================================
TICKER: PDD
====================================================================================================

CURRENT STATUS:
  Price:        $90.06
  ATR (14-day): $1.65
  Within ATR:   NO

DEMAND ZONE (Buy Zone):
  Range:        $75.53 - $77.78
  Size:         $2.26
  Distance:     $12.28 (745% of ATR)
  Formed:       2026-06-29
  FRESHNESS:    FRESH
  Notes:        Fresh - not tested recently

SUPPLY ZONE (Sell Zone):
  Range:        $81.28 - $82.59
  Size:         $1.31
  Distance:     $7.47
  Formed:       2026-09-03
  FRESHNESS:    STALE
  Notes:        STALE - Price reached zone ($90.06 >= zone $81.28)

TRADE METRICS:
  Stop Loss Distance:  $14.53
  Profit Target (PT):  $-8.78
  Risk:Reward Ratio:   1:-0.60
