====================================================================================================
TICKER: PEP
====================================================================================================

CURRENT STATUS:
  Price:        $135.12
  ATR (14-day): $2.74
  Within ATR:   NO

DEMAND ZONE (Buy Zone):
  Range:        $134.69 - $142.44
  Size:         $7.75
  Distance:     $0.00 (0% of ATR)
  Formed:       2026-07-09
  FRESHNESS:    STALE
  Notes:        STALE - Price reached zone ($135.12 <= zone $142.44)

SUPPLY ZONE (Sell Zone):
  Range:        $143.00 - $145.45
  Size:         $2.45
  Distance:     $7.88
  Formed:       2026-06-10
  FRESHNESS:    FRESH
  Notes:        Fresh - not tested recently

TRADE METRICS:
  Stop Loss Distance:  $0.43
  Profit Target (PT):  $7.88
  Risk:Reward Ratio:   1:18.33
