====================================================================================================
TICKER: PGR
====================================================================================================

CURRENT STATUS:
  Price:        $218.70
  ATR (14-day): $5.72
  Within ATR:   NO

DEMAND ZONE (Buy Zone):
  Range:        $198.94 - $204.38
  Size:         $5.44
  Distance:     $14.32 (250% of ATR)
  Formed:       2026-06-08
  FRESHNESS:    FRESH
  Notes:        Fresh - not tested recently

SUPPLY ZONE (Sell Zone):
  Range:        $228.47 - $231.97
  Size:         $3.50
  Distance:     $9.77
  Formed:       2026-07-09
  FRESHNESS:    FRESH
  Notes:        Fresh - not tested recently

TRADE METRICS:
  Stop Loss Distance:  $19.76
  Profit Target (PT):  $9.77
  Risk:Reward Ratio:   1:0.49
