====================================================================================================
TICKER: PKG
====================================================================================================

CURRENT STATUS:
  Price:        $247.80
  ATR (14-day): $4.68
  Within ATR:   NO

DEMAND ZONE (Buy Zone):
  Range:        $222.74 - $233.14
  Size:         $10.40
  Distance:     $14.66 (314% of ATR)
  Formed:       2026-07-22
  FRESHNESS:    STALE
  Notes:        STALE - Daily candle tested zone yesterday (low $229.49)

SUPPLY ZONE (Sell Zone):
  Range:        $250.29 - $256.44
  Size:         $6.15
  Distance:     $2.49
  Formed:       2026-07-27
  FRESHNESS:    FRESH
  Notes:        Fresh - not tested recently

TRADE METRICS:
  Stop Loss Distance:  $25.06
  Profit Target (PT):  $2.49
  Risk:Reward Ratio:   1:0.10
