====================================================================================================
TICKER: PLTR
====================================================================================================

CURRENT STATUS:
  Price:        $174.97
  ATR (14-day): $9.75
  Within ATR:   NO

DEMAND ZONE (Buy Zone):
  Range:        $106.37 - $120.94
  Size:         $14.57
  Distance:     $54.03 (554% of ATR)
  Formed:       2026-06-23
  FRESHNESS:    FRESH
  Notes:        Fresh - not tested recently

SUPPLY ZONE (Sell Zone):
  Range:        $179.75 - $188.37
  Size:         $8.62
  Distance:     $4.78
  Formed:       2026-08-28
  FRESHNESS:    FRESH
  Notes:        Fresh - not tested recently

TRADE METRICS:
  Stop Loss Distance:  $68.60
  Profit Target (PT):  $4.78
  Risk:Reward Ratio:   1:0.07
