====================================================================================================
TICKER: PM
====================================================================================================

CURRENT STATUS:
  Price:        $199.71
  ATR (14-day): $4.63
  Within ATR:   NO

DEMAND ZONE (Buy Zone):
  Range:        $181.01 - $187.36
  Size:         $6.35
  Distance:     $12.35 (267% of ATR)
  Formed:       2026-09-08
  FRESHNESS:    FRESH
  Notes:        Fresh - not tested recently

SUPPLY ZONE (Sell Zone):
  Range:        $188.95 - $202.57
  Size:         $13.62
  Distance:     $0.00
  Formed:       2026-07-30
  FRESHNESS:    STALE
  Notes:        STALE - Price reached zone ($199.71 >= zone $188.95)

TRADE METRICS:
  Stop Loss Distance:  $18.70
  Profit Target (PT):  $-10.76
  Risk:Reward Ratio:   1:-0.58
