====================================================================================================
TICKER: PNR
====================================================================================================

CURRENT STATUS:
  Price:        $59.59
  ATR (14-day): $1.43
  Within ATR:   NO

DEMAND ZONE (Buy Zone):
  Range:        $55.34 - $56.41
  Size:         $1.07
  Distance:     $3.18 (222% of ATR)
  Formed:       2026-09-17
  FRESHNESS:    STALE
  Notes:        STALE - Recent cached daily candle tested demand zone

SUPPLY ZONE (Sell Zone):
  Range:        $62.36 - $66.75
  Size:         $4.39
  Distance:     $2.77
  Formed:       2026-07-16
  FRESHNESS:    FRESH
  Notes:        Fresh - not tested recently

TRADE METRICS:
  Stop Loss Distance:  $4.25
  Profit Target (PT):  $2.77
  Risk:Reward Ratio:   1:0.65
