====================================================================================================
TICKER: PNW
====================================================================================================

CURRENT STATUS:
  Price:        $108.19
  ATR (14-day): $3.35
  Within ATR:   NO

DEMAND ZONE (Buy Zone):
  Range:        $95.50 - $98.24
  Size:         $2.74
  Distance:     $9.95 (297% of ATR)
  Formed:       2026-10-05
  FRESHNESS:    STALE
  Notes:        STALE - Recent cached daily candle tested demand zone

SUPPLY ZONE (Sell Zone):
  Range:        $106.94 - $108.40
  Size:         $1.46
  Distance:     $0.00
  Formed:       2026-06-26
  FRESHNESS:    STALE
  Notes:        STALE - Price reached zone ($108.19 >= zone $106.94)

TRADE METRICS:
  Stop Loss Distance:  $12.69
  Profit Target (PT):  $-1.25
  Risk:Reward Ratio:   1:-0.10
