====================================================================================================
TICKER: PODD
====================================================================================================

CURRENT STATUS:
  Price:        $144.38
  ATR (14-day): $5.56
  Within ATR:   NO

DEMAND ZONE (Buy Zone):
  Range:        $130.13 - $133.12
  Size:         $2.99
  Distance:     $11.26 (203% of ATR)
  Formed:       2026-09-29
  FRESHNESS:    STALE
  Notes:        STALE - Recent cached daily candle tested demand zone

SUPPLY ZONE (Sell Zone):
  Range:        $147.22 - $151.09
  Size:         $3.87
  Distance:     $2.84
  Formed:       2026-09-01
  FRESHNESS:    FRESH
  Notes:        Fresh - not tested recently

TRADE METRICS:
  Stop Loss Distance:  $14.25
  Profit Target (PT):  $2.84
  Risk:Reward Ratio:   1:0.20
