====================================================================================================
TICKER: PPL
====================================================================================================

CURRENT STATUS:
  Price:        $35.07
  ATR (14-day): $0.59
  Within ATR:   NO

DEMAND ZONE (Buy Zone):
  Range:        $33.21 - $33.67
  Size:         $0.46
  Distance:     $1.40 (236% of ATR)
  Formed:       2026-09-16
  FRESHNESS:    STALE
  Notes:        STALE - Recent cached daily candle tested demand zone

SUPPLY ZONE (Sell Zone):
  Range:        $36.33 - $37.36
  Size:         $1.03
  Distance:     $1.26
  Formed:       2026-06-24
  FRESHNESS:    FRESH
  Notes:        Fresh - not tested recently

TRADE METRICS:
  Stop Loss Distance:  $1.86
  Profit Target (PT):  $1.26
  Risk:Reward Ratio:   1:0.67
