====================================================================================================
TICKER: PRU
====================================================================================================

CURRENT STATUS:
  Price:        $114.61
  ATR (14-day): $2.99
  Within ATR:   NO

DEMAND ZONE (Buy Zone):
  Range:        $106.77 - $109.27
  Size:         $2.50
  Distance:     $5.34 (178% of ATR)
  Formed:       2026-06-25
  FRESHNESS:    FRESH
  Notes:        Fresh - not tested recently

SUPPLY ZONE (Sell Zone):
  Range:        $117.72 - $119.62
  Size:         $1.90
  Distance:     $3.11
  Formed:       2026-09-24
  FRESHNESS:    FRESH
  Notes:        Fresh - not tested recently

TRADE METRICS:
  Stop Loss Distance:  $7.84
  Profit Target (PT):  $3.11
  Risk:Reward Ratio:   1:0.40
