====================================================================================================
TICKER: PWR
====================================================================================================

CURRENT STATUS:
  Price:        $648.38
  ATR (14-day): $34.04
  Within ATR:   NO

DEMAND ZONE (Buy Zone):
  Range:        $554.12 - $637.26
  Size:         $83.14
  Distance:     $11.12 (33% of ATR)
  Formed:       2026-07-27
  FRESHNESS:    STALE
  Notes:        STALE - Daily candle tested zone yesterday (low $615.47)

SUPPLY ZONE (Sell Zone):
  Range:        $684.00 - $735.33
  Size:         $51.33
  Distance:     $35.62
  Formed:       2026-06-12
  FRESHNESS:    FRESH
  Notes:        Fresh - not tested recently

TRADE METRICS:
  Stop Loss Distance:  $94.26
  Profit Target (PT):  $35.62
  Risk:Reward Ratio:   1:0.38
