====================================================================================================
TICKER: PYPL
====================================================================================================

CURRENT STATUS:
  Price:        $52.93
  ATR (14-day): $1.90
  Within ATR:   NO

DEMAND ZONE (Buy Zone):
  Range:        $43.74 - $45.38
  Size:         $1.64
  Distance:     $7.55 (398% of ATR)
  Formed:       2026-07-08
  FRESHNESS:    FRESH
  Notes:        Fresh - not tested recently

SUPPLY ZONE (Sell Zone):
  Range:        $60.98 - $62.73
  Size:         $1.75
  Distance:     $8.05
  Formed:       2026-08-20
  FRESHNESS:    FRESH
  Notes:        Fresh - not tested recently

TRADE METRICS:
  Stop Loss Distance:  $9.19
  Profit Target (PT):  $8.05
  Risk:Reward Ratio:   1:0.88
