====================================================================================================
TICKER: Q
====================================================================================================

CURRENT STATUS:
  Price:        $138.60
  ATR (14-day): $4.42
  Within ATR:   NO

DEMAND ZONE (Buy Zone):
  Range:        $124.40 - $127.42
  Size:         $3.02
  Distance:     $11.18 (253% of ATR)
  Formed:       2026-09-29
  FRESHNESS:    STALE
  Notes:        STALE - Recent cached daily candle tested demand zone

SUPPLY ZONE (Sell Zone):
  Range:        $139.99 - $143.73
  Size:         $3.74
  Distance:     $1.39
  Formed:       2026-08-14
  FRESHNESS:    FRESH
  Notes:        Fresh - not tested recently

TRADE METRICS:
  Stop Loss Distance:  $14.20
  Profit Target (PT):  $1.39
  Risk:Reward Ratio:   1:0.10
