====================================================================================================
TICKER: QCOM
====================================================================================================

CURRENT STATUS:
  Price:        $213.87
  ATR (14-day): $9.85
  Within ATR:   NO

DEMAND ZONE (Buy Zone):
  Range:        $169.06 - $180.69
  Size:         $11.63
  Distance:     $33.18 (337% of ATR)
  Formed:       2026-07-15
  FRESHNESS:    FRESH
  Notes:        Fresh - not tested recently

SUPPLY ZONE (Sell Zone):
  Range:        $236.02 - $257.97
  Size:         $21.95
  Distance:     $22.15
  Formed:       2026-05-26
  FRESHNESS:    FRESH
  Notes:        Fresh - not tested recently

TRADE METRICS:
  Stop Loss Distance:  $44.81
  Profit Target (PT):  $22.15
  Risk:Reward Ratio:   1:0.49
