====================================================================================================
TICKER: QQQ
====================================================================================================

CURRENT STATUS:
  Price:        $716.42
  ATR (14-day): $12.92
  Within ATR:   NO

DEMAND ZONE (Buy Zone):
  Range:        $661.14 - $680.05
  Size:         $18.91
  Distance:     $36.37 (282% of ATR)
  Formed:       2026-07-29
  FRESHNESS:    FRESH
  Notes:        Fresh - not tested recently

SUPPLY ZONE (Sell Zone):
  Range:        $711.28 - $744.76
  Size:         $33.48
  Distance:     $0.00
  Formed:       2026-06-12
  FRESHNESS:    STALE
  Notes:        STALE - Price reached zone ($716.42 >= zone $711.28)

TRADE METRICS:
  Stop Loss Distance:  $55.28
  Profit Target (PT):  $-5.14
  Risk:Reward Ratio:   1:-0.09
