====================================================================================================
TICKER: RDDT
====================================================================================================

CURRENT STATUS:
  Price:        $164.64
  ATR (14-day): $26.71
  Within ATR:   NO

DEMAND ZONE (Buy Zone):
  Range:        $145.00 - $155.32
  Size:         $10.32
  Distance:     $9.32 (35% of ATR)
  Formed:       2026-10-04
  FRESHNESS:    STALE
  Notes:        STALE - Recent cached daily candle tested demand zone

SUPPLY ZONE (Sell Zone):
  Range:        $158.56 - $181.99
  Size:         $23.43
  Distance:     $0.00
  Formed:       2026-06-12
  FRESHNESS:    STALE
  Notes:        STALE - Price reached zone ($164.64 >= zone $158.56)

TRADE METRICS:
  Stop Loss Distance:  $19.64
  Profit Target (PT):  $-6.08
  Risk:Reward Ratio:   1:-0.31
