====================================================================================================
TICKER: REG
====================================================================================================

CURRENT STATUS:
  Price:        $77.05
  ATR (14-day): $1.17
  Within ATR:   NO

DEMAND ZONE (Buy Zone):
  Range:        $72.52 - $73.42
  Size:         $0.90
  Distance:     $3.63 (310% of ATR)
  Formed:       2026-09-17
  FRESHNESS:    STALE
  Notes:        STALE - Recent cached daily candle tested demand zone

SUPPLY ZONE (Sell Zone):
  Range:        $79.77 - $80.69
  Size:         $0.92
  Distance:     $2.72
  Formed:       2026-07-30
  FRESHNESS:    FRESH
  Notes:        Fresh - not tested recently

TRADE METRICS:
  Stop Loss Distance:  $4.53
  Profit Target (PT):  $2.72
  Risk:Reward Ratio:   1:0.60
