====================================================================================================
TICKER: RF
====================================================================================================

CURRENT STATUS:
  Price:        $29.19
  ATR (14-day): $0.64
  Within ATR:   NO

DEMAND ZONE (Buy Zone):
  Range:        $26.70 - $27.14
  Size:         $0.45
  Distance:     $2.05 (318% of ATR)
  Formed:       2026-05-18
  FRESHNESS:    FRESH
  Notes:        Fresh - not tested recently

SUPPLY ZONE (Sell Zone):
  Range:        $31.55 - $31.96
  Size:         $0.41
  Distance:     $2.36
  Formed:       2026-08-13
  FRESHNESS:    FRESH
  Notes:        Fresh - not tested recently

TRADE METRICS:
  Stop Loss Distance:  $2.50
  Profit Target (PT):  $2.36
  Risk:Reward Ratio:   1:0.95
