====================================================================================================
TICKER: RJF
====================================================================================================

CURRENT STATUS:
  Price:        $165.96
  ATR (14-day): $4.91
  Within ATR:   NO

DEMAND ZONE (Buy Zone):
  Range:        $148.16 - $152.79
  Size:         $4.63
  Distance:     $13.17 (268% of ATR)
  Formed:       2026-06-29
  FRESHNESS:    FRESH
  Notes:        Fresh - not tested recently

SUPPLY ZONE (Sell Zone):
  Range:        $173.49 - $176.40
  Size:         $2.91
  Distance:     $7.53
  Formed:       2026-09-09
  FRESHNESS:    FRESH
  Notes:        Fresh - not tested recently

TRADE METRICS:
  Stop Loss Distance:  $17.80
  Profit Target (PT):  $7.53
  Risk:Reward Ratio:   1:0.42
