====================================================================================================
TICKER: RMD
====================================================================================================

CURRENT STATUS:
  Price:        $237.78
  ATR (14-day): $6.25
  Within ATR:   NO

DEMAND ZONE (Buy Zone):
  Range:        $217.08 - $221.07
  Size:         $3.99
  Distance:     $16.71 (267% of ATR)
  Formed:       2026-09-09
  FRESHNESS:    FRESH
  Notes:        Fresh - not tested recently

SUPPLY ZONE (Sell Zone):
  Range:        $232.90 - $241.54
  Size:         $8.64
  Distance:     $0.00
  Formed:       2026-08-27
  FRESHNESS:    STALE
  Notes:        STALE - Price reached zone ($237.78 >= zone $232.90)

TRADE METRICS:
  Stop Loss Distance:  $20.70
  Profit Target (PT):  $-4.88
  Risk:Reward Ratio:   1:-0.24
