====================================================================================================
TICKER: ROK
====================================================================================================

CURRENT STATUS:
  Price:        $473.67
  ATR (14-day): $16.11
  Within ATR:   NO

DEMAND ZONE (Buy Zone):
  Range:        $417.12 - $428.01
  Size:         $10.89
  Distance:     $45.66 (283% of ATR)
  Formed:       2026-08-31
  FRESHNESS:    STALE
  Notes:        STALE - Recent cached daily candle tested demand zone

SUPPLY ZONE (Sell Zone):
  Range:        $463.67 - $474.49
  Size:         $10.82
  Distance:     $0.00
  Formed:       2026-06-16
  FRESHNESS:    STALE
  Notes:        STALE - Price reached zone ($473.67 >= zone $463.67)

TRADE METRICS:
  Stop Loss Distance:  $56.55
  Profit Target (PT):  $-10.00
  Risk:Reward Ratio:   1:-0.18
