====================================================================================================
TICKER: ROL
====================================================================================================

CURRENT STATUS:
  Price:        $34.02
  ATR (14-day): $9.43
  Within ATR:   NO

DEMAND ZONE (Buy Zone):
  Range:        $30.36 - $31.34
  Size:         $0.99
  Distance:     $2.68 (28% of ATR)
  Formed:       2026-10-07
  FRESHNESS:    STALE
  Notes:        STALE - Recent cached daily candle tested demand zone

SUPPLY ZONE (Sell Zone):
  Range:        $44.15 - $46.38
  Size:         $2.23
  Distance:     $10.12
  Formed:       2026-06-18
  FRESHNESS:    FRESH
  Notes:        Fresh - not tested recently

TRADE METRICS:
  Stop Loss Distance:  $3.67
  Profit Target (PT):  $10.12
  Risk:Reward Ratio:   1:2.76
