====================================================================================================
TICKER: ROP
====================================================================================================

CURRENT STATUS:
  Price:        $387.13
  ATR (14-day): $12.10
  Within ATR:   NO

DEMAND ZONE (Buy Zone):
  Range:        $347.46 - $355.35
  Size:         $7.89
  Distance:     $31.78 (263% of ATR)
  Formed:       2026-09-28
  FRESHNESS:    STALE
  Notes:        STALE - Recent cached daily candle tested demand zone

SUPPLY ZONE (Sell Zone):
  Range:        $417.51 - $427.14
  Size:         $9.63
  Distance:     $30.38
  Formed:       2026-08-31
  FRESHNESS:    FRESH
  Notes:        Fresh - not tested recently

TRADE METRICS:
  Stop Loss Distance:  $39.67
  Profit Target (PT):  $30.38
  Risk:Reward Ratio:   1:0.77
