====================================================================================================
TICKER: ROST
====================================================================================================

CURRENT STATUS:
  Price:        $231.00
  ATR (14-day): $4.75
  Within ATR:   NO

DEMAND ZONE (Buy Zone):
  Range:        $207.00 - $216.63
  Size:         $9.63
  Distance:     $14.37 (302% of ATR)
  Formed:       2026-06-26
  FRESHNESS:    FRESH
  Notes:        Fresh - not tested recently

SUPPLY ZONE (Sell Zone):
  Range:        $239.16 - $242.81
  Size:         $3.65
  Distance:     $8.16
  Formed:       2026-06-12
  FRESHNESS:    FRESH
  Notes:        Fresh - not tested recently

TRADE METRICS:
  Stop Loss Distance:  $24.00
  Profit Target (PT):  $8.16
  Risk:Reward Ratio:   1:0.34
