====================================================================================================
TICKER: RTX
====================================================================================================

CURRENT STATUS:
  Price:        $184.30
  ATR (14-day): $5.35
  Within ATR:   NO

DEMAND ZONE (Buy Zone):
  Range:        $177.98 - $182.47
  Size:         $4.49
  Distance:     $1.83 (34% of ATR)
  Formed:       2026-06-08
  FRESHNESS:    STALE
  Notes:        STALE - Recent cached daily candle tested demand zone

SUPPLY ZONE (Sell Zone):
  Range:        $221.63 - $226.04
  Size:         $4.41
  Distance:     $37.33
  Formed:       2026-08-17
  FRESHNESS:    FRESH
  Notes:        Fresh - not tested recently

TRADE METRICS:
  Stop Loss Distance:  $6.32
  Profit Target (PT):  $37.33
  Risk:Reward Ratio:   1:5.91
