====================================================================================================
TICKER: RVTY
====================================================================================================

CURRENT STATUS:
  Price:        $131.70
  ATR (14-day): $4.02
  Within ATR:   NO

DEMAND ZONE (Buy Zone):
  Range:        $120.89 - $123.23
  Size:         $2.34
  Distance:     $8.47 (211% of ATR)
  Formed:       2026-09-10
  FRESHNESS:    STALE
  Notes:        STALE - Daily candle tested zone yesterday (low $120.96)

SUPPLY ZONE (Sell Zone):
  Range:        $127.78 - $133.00
  Size:         $5.22
  Distance:     $0.00
  Formed:       2026-09-03
  FRESHNESS:    STALE
  Notes:        STALE - Price reached zone ($131.70 >= zone $127.78)

TRADE METRICS:
  Stop Loss Distance:  $10.81
  Profit Target (PT):  $-3.92
  Risk:Reward Ratio:   1:-0.36
