====================================================================================================
TICKER: SBAC
====================================================================================================

CURRENT STATUS:
  Price:        $183.99
  ATR (14-day): $6.88
  Within ATR:   NO

DEMAND ZONE (Buy Zone):
  Range:        $174.16 - $186.93
  Size:         $12.77
  Distance:     $0.00 (0% of ATR)
  Formed:       2026-06-26
  FRESHNESS:    STALE
  Notes:        STALE - Price reached zone ($183.99 <= zone $186.93)

SUPPLY ZONE (Sell Zone):
  Range:        $204.46 - $207.85
  Size:         $3.39
  Distance:     $20.47
  Formed:       2026-06-10
  FRESHNESS:    FRESH
  Notes:        Fresh - not tested recently

TRADE METRICS:
  Stop Loss Distance:  $9.83
  Profit Target (PT):  $20.47
  Risk:Reward Ratio:   1:2.08
