====================================================================================================
TICKER: SBUX
====================================================================================================

CURRENT STATUS:
  Price:        $103.88
  ATR (14-day): $2.84
  Within ATR:   NO

DEMAND ZONE (Buy Zone):
  Range:        $96.90 - $99.56
  Size:         $2.66
  Distance:     $4.32 (152% of ATR)
  Formed:       2026-06-10
  FRESHNESS:    STALE
  Notes:        STALE - Daily candle tested zone yesterday (low $98.81)

SUPPLY ZONE (Sell Zone):
  Range:        $102.71 - $104.92
  Size:         $2.21
  Distance:     $0.00
  Formed:       2026-06-25
  FRESHNESS:    STALE
  Notes:        STALE - Price reached zone ($103.88 >= zone $102.71)

TRADE METRICS:
  Stop Loss Distance:  $6.98
  Profit Target (PT):  $-1.17
  Risk:Reward Ratio:   1:-0.17
