====================================================================================================
TICKER: SHOP
====================================================================================================

CURRENT STATUS:
  Price:        $148.19
  ATR (14-day): $8.42
  Within ATR:   NO

DEMAND ZONE (Buy Zone):
  Range:        $106.98 - $111.03
  Size:         $4.05
  Distance:     $37.16 (441% of ATR)
  Formed:       2026-06-12
  FRESHNESS:    FRESH
  Notes:        Fresh - not tested recently

SUPPLY ZONE (Sell Zone):
  Range:        $145.60 - $155.62
  Size:         $10.02
  Distance:     $0.00
  Formed:       2026-08-07
  FRESHNESS:    STALE
  Notes:        STALE - Price reached zone ($148.19 >= zone $145.60)

TRADE METRICS:
  Stop Loss Distance:  $41.21
  Profit Target (PT):  $-2.59
  Risk:Reward Ratio:   1:-0.06
