====================================================================================================
TICKER: SHW
====================================================================================================

CURRENT STATUS:
  Price:        $344.86
  ATR (14-day): $12.00
  Within ATR:   NO

DEMAND ZONE (Buy Zone):
  Range:        $303.81 - $310.69
  Size:         $6.88
  Distance:     $34.17 (285% of ATR)
  Formed:       2026-06-10
  FRESHNESS:    FRESH
  Notes:        Fresh - not tested recently

SUPPLY ZONE (Sell Zone):
  Range:        $344.67 - $353.61
  Size:         $8.94
  Distance:     $0.00
  Formed:       2026-07-06
  FRESHNESS:    STALE
  Notes:        STALE - Price reached zone ($344.86 >= zone $344.67)

TRADE METRICS:
  Stop Loss Distance:  $41.05
  Profit Target (PT):  $-0.19
  Risk:Reward Ratio:   1:-0.00
