====================================================================================================
TICKER: SJM
====================================================================================================

CURRENT STATUS:
  Price:        $119.54
  ATR (14-day): $3.49
  Within ATR:   NO

DEMAND ZONE (Buy Zone):
  Range:        $108.12 - $110.55
  Size:         $2.43
  Distance:     $8.99 (258% of ATR)
  Formed:       2026-07-14
  FRESHNESS:    FRESH
  Notes:        Fresh - not tested recently

SUPPLY ZONE (Sell Zone):
  Range:        $130.74 - $134.03
  Size:         $3.28
  Distance:     $11.20
  Formed:       2026-08-28
  FRESHNESS:    FRESH
  Notes:        Fresh - not tested recently

TRADE METRICS:
  Stop Loss Distance:  $11.42
  Profit Target (PT):  $11.20
  Risk:Reward Ratio:   1:0.98
