====================================================================================================
TICKER: SLB
====================================================================================================

CURRENT STATUS:
  Price:        $54.29
  ATR (14-day): $1.74
  Within ATR:   NO

DEMAND ZONE (Buy Zone):
  Range:        $46.43 - $48.00
  Size:         $1.57
  Distance:     $6.29 (362% of ATR)
  Formed:       2026-07-15
  FRESHNESS:    FRESH
  Notes:        Fresh - not tested recently

SUPPLY ZONE (Sell Zone):
  Range:        $55.67 - $58.12
  Size:         $2.45
  Distance:     $1.38
  Formed:       2026-06-03
  FRESHNESS:    FRESH
  Notes:        Fresh - not tested recently

TRADE METRICS:
  Stop Loss Distance:  $7.86
  Profit Target (PT):  $1.38
  Risk:Reward Ratio:   1:0.18
