====================================================================================================
TICKER: SLV
====================================================================================================

CURRENT STATUS:
  Price:        $54.69
  ATR (14-day): $9.17
  Within ATR:   NO

DEMAND ZONE (Buy Zone):
  Range:        $53.60 - $54.26
  Size:         $0.66
  Distance:     $0.43 (5% of ATR)
  Formed:       2026-08-04
  FRESHNESS:    STALE
  Notes:        STALE - Recent cached daily candle tested demand zone

SUPPLY ZONE (Sell Zone):
  Range:        $56.27 - $60.36
  Size:         $4.09
  Distance:     $1.59
  Formed:       2026-09-15
  FRESHNESS:    FRESH
  Notes:        Fresh - not tested recently

TRADE METRICS:
  Stop Loss Distance:  $1.09
  Profit Target (PT):  $1.59
  Risk:Reward Ratio:   1:1.46
