====================================================================================================
TICKER: SMCI
====================================================================================================

CURRENT STATUS:
  Price:        $45.87
  ATR (14-day): $2.35
  Within ATR:   NO

DEMAND ZONE (Buy Zone):
  Range:        $29.34 - $31.34
  Size:         $2.00
  Distance:     $14.53 (618% of ATR)
  Formed:       2026-08-06
  FRESHNESS:    FRESH
  Notes:        Fresh - not tested recently

SUPPLY ZONE (Sell Zone):
  Range:        $43.55 - $51.35
  Size:         $7.80
  Distance:     $0.00
  Formed:       2026-05-29
  FRESHNESS:    STALE
  Notes:        STALE - Price reached zone ($45.87 >= zone $43.55)

TRADE METRICS:
  Stop Loss Distance:  $16.53
  Profit Target (PT):  $-2.32
  Risk:Reward Ratio:   1:-0.14
