====================================================================================================
TICKER: SNA
====================================================================================================

CURRENT STATUS:
  Price:        $409.49
  ATR (14-day): $6.63
  Within ATR:   NO

DEMAND ZONE (Buy Zone):
  Range:        $371.93 - $378.31
  Size:         $6.38
  Distance:     $31.18 (470% of ATR)
  Formed:       2026-09-15
  FRESHNESS:    STALE
  Notes:        STALE - Recent cached daily candle tested demand zone

SUPPLY ZONE (Sell Zone):
  Range:        $406.49 - $420.79
  Size:         $14.30
  Distance:     $0.00
  Formed:       2026-07-29
  FRESHNESS:    STALE
  Notes:        STALE - Price reached zone ($409.49 >= zone $406.49)

TRADE METRICS:
  Stop Loss Distance:  $37.56
  Profit Target (PT):  $-3.00
  Risk:Reward Ratio:   1:-0.08
