====================================================================================================
TICKER: SNDK
====================================================================================================

CURRENT STATUS:
  Price:        $1846.95
  ATR (14-day): $97.83
  Within ATR:   NO

DEMAND ZONE (Buy Zone):
  Range:        $1505.00 - $1581.40
  Size:         $76.40
  Distance:     $265.55 (271% of ATR)
  Formed:       2026-09-14
  FRESHNESS:    FRESH
  Notes:        Fresh - not tested recently

SUPPLY ZONE (Sell Zone):
  Range:        $1867.00 - $2118.45
  Size:         $251.45
  Distance:     $20.05
  Formed:       2026-06-12
  FRESHNESS:    FRESH
  Notes:        Fresh - not tested recently

TRADE METRICS:
  Stop Loss Distance:  $341.95
  Profit Target (PT):  $20.05
  Risk:Reward Ratio:   1:0.06
