====================================================================================================
TICKER: SNPS
====================================================================================================

CURRENT STATUS:
  Price:        $440.72
  ATR (14-day): $17.09
  Within ATR:   NO

DEMAND ZONE (Buy Zone):
  Range:        $377.50 - $386.25
  Size:         $8.75
  Distance:     $54.47 (319% of ATR)
  Formed:       2026-09-17
  FRESHNESS:    FRESH
  Notes:        Fresh - not tested recently

SUPPLY ZONE (Sell Zone):
  Range:        $523.35 - $539.31
  Size:         $15.96
  Distance:     $82.63
  Formed:       2026-05-26
  FRESHNESS:    FRESH
  Notes:        Fresh - not tested recently

TRADE METRICS:
  Stop Loss Distance:  $63.22
  Profit Target (PT):  $82.63
  Risk:Reward Ratio:   1:1.31
