====================================================================================================
TICKER: SOLV
====================================================================================================

CURRENT STATUS:
  Price:        $93.19
  ATR (14-day): $2.76
  Within ATR:   NO

DEMAND ZONE (Buy Zone):
  Range:        $74.30 - $77.83
  Size:         $3.53
  Distance:     $15.36 (556% of ATR)
  Formed:       2026-06-16
  FRESHNESS:    FRESH
  Notes:        Fresh - not tested recently

SUPPLY ZONE (Sell Zone):
  Range:        $90.75 - $94.16
  Size:         $3.41
  Distance:     $0.00
  Formed:       2026-09-02
  FRESHNESS:    STALE
  Notes:        STALE - Price reached zone ($93.19 >= zone $90.75)

TRADE METRICS:
  Stop Loss Distance:  $18.89
  Profit Target (PT):  $-2.44
  Risk:Reward Ratio:   1:-0.13
