====================================================================================================
TICKER: SPG
====================================================================================================

CURRENT STATUS:
  Price:        $217.35
  ATR (14-day): $3.72
  Within ATR:   NO

DEMAND ZONE (Buy Zone):
  Range:        $202.94 - $206.18
  Size:         $3.24
  Distance:     $11.17 (300% of ATR)
  Formed:       2026-09-17
  FRESHNESS:    STALE
  Notes:        STALE - Recent cached daily candle tested demand zone

SUPPLY ZONE (Sell Zone):
  Range:        $218.84 - $221.53
  Size:         $2.69
  Distance:     $1.49
  Formed:       2026-08-24
  FRESHNESS:    FRESH
  Notes:        Fresh - not tested recently

TRADE METRICS:
  Stop Loss Distance:  $14.41
  Profit Target (PT):  $1.49
  Risk:Reward Ratio:   1:0.10
