====================================================================================================
TICKER: SRE
====================================================================================================

CURRENT STATUS:
  Price:        $85.53
  ATR (14-day): $1.54
  Within ATR:   NO

DEMAND ZONE (Buy Zone):
  Range:        $80.84 - $81.71
  Size:         $0.87
  Distance:     $3.82 (249% of ATR)
  Formed:       2026-09-18
  FRESHNESS:    STALE
  Notes:        STALE - Recent cached daily candle tested demand zone

SUPPLY ZONE (Sell Zone):
  Range:        $88.37 - $89.69
  Size:         $1.32
  Distance:     $2.84
  Formed:       2026-07-30
  FRESHNESS:    FRESH
  Notes:        Fresh - not tested recently

TRADE METRICS:
  Stop Loss Distance:  $4.69
  Profit Target (PT):  $2.84
  Risk:Reward Ratio:   1:0.61
