====================================================================================================
TICKER: STE
====================================================================================================

CURRENT STATUS:
  Price:        $207.77
  ATR (14-day): $4.23
  Within ATR:   NO

DEMAND ZONE (Buy Zone):
  Range:        $198.95 - $203.05
  Size:         $4.10
  Distance:     $4.72 (112% of ATR)
  Formed:       2026-06-18
  FRESHNESS:    FRESH
  Notes:        Fresh - not tested recently

SUPPLY ZONE (Sell Zone):
  Range:        $230.45 - $233.92
  Size:         $3.47
  Distance:     $22.68
  Formed:       2026-08-28
  FRESHNESS:    FRESH
  Notes:        Fresh - not tested recently

TRADE METRICS:
  Stop Loss Distance:  $8.82
  Profit Target (PT):  $22.68
  Risk:Reward Ratio:   1:2.57
