====================================================================================================
TICKER: STT
====================================================================================================

CURRENT STATUS:
  Price:        $190.10
  ATR (14-day): $4.40
  Within ATR:   NO

DEMAND ZONE (Buy Zone):
  Range:        $168.51 - $171.35
  Size:         $2.84
  Distance:     $18.75 (426% of ATR)
  Formed:       2026-06-29
  FRESHNESS:    FRESH
  Notes:        Fresh - not tested recently

SUPPLY ZONE (Sell Zone):
  Range:        $191.07 - $194.45
  Size:         $3.38
  Distance:     $0.97
  Formed:       2026-09-10
  FRESHNESS:    FRESH
  Notes:        Fresh - not tested recently

TRADE METRICS:
  Stop Loss Distance:  $21.59
  Profit Target (PT):  $0.97
  Risk:Reward Ratio:   1:0.04
