====================================================================================================
TICKER: STX
====================================================================================================

CURRENT STATUS:
  Price:        $969.15
  ATR (14-day): $44.44
  Within ATR:   NO

DEMAND ZONE (Buy Zone):
  Range:        $758.62 - $799.58
  Size:         $40.96
  Distance:     $169.57 (382% of ATR)
  Formed:       2026-09-15
  FRESHNESS:    FRESH
  Notes:        Fresh - not tested recently

SUPPLY ZONE (Sell Zone):
  Range:        $953.47 - $1044.04
  Size:         $90.57
  Distance:     $0.00
  Formed:       2026-06-24
  FRESHNESS:    STALE
  Notes:        STALE - Price reached zone ($969.15 >= zone $953.47)

TRADE METRICS:
  Stop Loss Distance:  $210.53
  Profit Target (PT):  $-15.68
  Risk:Reward Ratio:   1:-0.07
