====================================================================================================
TICKER: STZ
====================================================================================================

CURRENT STATUS:
  Price:        $124.36
  ATR (14-day): $2.83
  Within ATR:   NO

DEMAND ZONE (Buy Zone):
  Range:        $120.25 - $122.67
  Size:         $2.42
  Distance:     $1.69 (60% of ATR)
  Formed:       2026-09-09
  FRESHNESS:    STALE
  Notes:        STALE - Daily candle tested zone yesterday (low $122.52)

SUPPLY ZONE (Sell Zone):
  Range:        $147.25 - $150.99
  Size:         $3.74
  Distance:     $22.89
  Formed:       2026-06-15
  FRESHNESS:    FRESH
  Notes:        Fresh - not tested recently

TRADE METRICS:
  Stop Loss Distance:  $4.11
  Profit Target (PT):  $22.89
  Risk:Reward Ratio:   1:5.57
