====================================================================================================
TICKER: SW
====================================================================================================

CURRENT STATUS:
  Price:        $48.85
  ATR (14-day): $1.44
  Within ATR:   NO

DEMAND ZONE (Buy Zone):
  Range:        $37.21 - $40.17
  Size:         $2.96
  Distance:     $8.68 (601% of ATR)
  Formed:       2026-05-22
  FRESHNESS:    FRESH
  Notes:        Fresh - not tested recently

SUPPLY ZONE (Sell Zone):
  Range:        $48.27 - $50.19
  Size:         $1.92
  Distance:     $0.00
  Formed:       2026-08-12
  FRESHNESS:    STALE
  Notes:        STALE - Price reached zone ($48.85 >= zone $48.27)

TRADE METRICS:
  Stop Loss Distance:  $11.64
  Profit Target (PT):  $-0.59
  Risk:Reward Ratio:   1:-0.05
