====================================================================================================
TICKER: SWKS
====================================================================================================

CURRENT STATUS:
  Price:        $91.88
  ATR (14-day): $3.10
  Within ATR:   NO

DEMAND ZONE (Buy Zone):
  Range:        $69.37 - $73.69
  Size:         $4.32
  Distance:     $18.19 (586% of ATR)
  Formed:       2026-06-10
  FRESHNESS:    FRESH
  Notes:        Fresh - not tested recently

SUPPLY ZONE (Sell Zone):
  Range:        $83.95 - $92.30
  Size:         $8.35
  Distance:     $0.00
  Formed:       2026-09-11
  FRESHNESS:    STALE
  Notes:        STALE - Price reached zone ($91.88 >= zone $83.95)

TRADE METRICS:
  Stop Loss Distance:  $22.51
  Profit Target (PT):  $-7.93
  Risk:Reward Ratio:   1:-0.35
