====================================================================================================
TICKER: SYK
====================================================================================================

CURRENT STATUS:
  Price:        $298.10
  ATR (14-day): $8.64
  Within ATR:   NO

DEMAND ZONE (Buy Zone):
  Range:        $271.39 - $277.41
  Size:         $6.02
  Distance:     $20.69 (239% of ATR)
  Formed:       2026-09-30
  FRESHNESS:    STALE
  Notes:        STALE - Recent cached daily candle tested demand zone

SUPPLY ZONE (Sell Zone):
  Range:        $329.29 - $334.71
  Size:         $5.42
  Distance:     $31.19
  Formed:       2026-06-29
  FRESHNESS:    FRESH
  Notes:        Fresh - not tested recently

TRADE METRICS:
  Stop Loss Distance:  $26.71
  Profit Target (PT):  $31.19
  Risk:Reward Ratio:   1:1.17
