====================================================================================================
TICKER: SYY
====================================================================================================

CURRENT STATUS:
  Price:        $82.19
  ATR (14-day): $13.13
  Within ATR:   NO

DEMAND ZONE (Buy Zone):
  Range:        $76.11 - $77.57
  Size:         $1.46
  Distance:     $4.62 (35% of ATR)
  Formed:       2026-10-06
  FRESHNESS:    STALE
  Notes:        STALE - Recent cached daily candle tested demand zone

SUPPLY ZONE (Sell Zone):
  Range:        $83.03 - $85.28
  Size:         $2.24
  Distance:     $0.84
  Formed:       2026-07-06
  FRESHNESS:    FRESH
  Notes:        Fresh - not tested recently

TRADE METRICS:
  Stop Loss Distance:  $6.08
  Profit Target (PT):  $0.84
  Risk:Reward Ratio:   1:0.14
