====================================================================================================
TICKER: TAP
====================================================================================================

CURRENT STATUS:
  Price:        $39.23
  ATR (14-day): $1.18
  Within ATR:   NO

DEMAND ZONE (Buy Zone):
  Range:        $35.54 - $36.39
  Size:         $0.85
  Distance:     $2.84 (240% of ATR)
  Formed:       2026-09-28
  FRESHNESS:    STALE
  Notes:        STALE - Recent cached daily candle tested demand zone

SUPPLY ZONE (Sell Zone):
  Range:        $40.30 - $41.03
  Size:         $0.73
  Distance:     $1.08
  Formed:       2026-09-03
  FRESHNESS:    FRESH
  Notes:        Fresh - not tested recently

TRADE METRICS:
  Stop Loss Distance:  $3.69
  Profit Target (PT):  $1.08
  Risk:Reward Ratio:   1:0.29
