====================================================================================================
TICKER: TDG
====================================================================================================

CURRENT STATUS:
  Price:        $1171.08
  ATR (14-day): $37.33
  Within ATR:   NO

DEMAND ZONE (Buy Zone):
  Range:        $1071.73 - $1108.14
  Size:         $36.41
  Distance:     $62.93 (169% of ATR)
  Formed:       2026-09-16
  FRESHNESS:    STALE
  Notes:        STALE - Recent cached daily candle tested demand zone

SUPPLY ZONE (Sell Zone):
  Range:        $1307.48 - $1337.16
  Size:         $29.68
  Distance:     $136.40
  Formed:       2026-06-18
  FRESHNESS:    FRESH
  Notes:        Fresh - not tested recently

TRADE METRICS:
  Stop Loss Distance:  $99.35
  Profit Target (PT):  $136.40
  Risk:Reward Ratio:   1:1.37
