====================================================================================================
TICKER: TEL
====================================================================================================

CURRENT STATUS:
  Price:        $223.83
  ATR (14-day): $7.69
  Within ATR:   NO

DEMAND ZONE (Buy Zone):
  Range:        $199.82 - $208.06
  Size:         $8.24
  Distance:     $15.77 (205% of ATR)
  Formed:       2026-09-01
  FRESHNESS:    STALE
  Notes:        STALE - Daily candle tested zone yesterday (low $200.52)

SUPPLY ZONE (Sell Zone):
  Range:        $211.79 - $220.95
  Size:         $9.16
  Distance:     $2.88
  Formed:       2026-08-13
  FRESHNESS:    STALE
  Notes:        STALE - Price reached zone ($223.83 >= zone $211.79)

TRADE METRICS:
  Stop Loss Distance:  $24.01
  Profit Target (PT):  $-12.04
  Risk:Reward Ratio:   1:-0.50
