====================================================================================================
TICKER: TER
====================================================================================================

CURRENT STATUS:
  Price:        $417.18
  ATR (14-day): $18.83
  Within ATR:   NO

DEMAND ZONE (Buy Zone):
  Range:        $317.89 - $335.39
  Size:         $17.50
  Distance:     $81.79 (434% of ATR)
  Formed:       2026-07-16
  FRESHNESS:    FRESH
  Notes:        Fresh - not tested recently

SUPPLY ZONE (Sell Zone):
  Range:        $388.51 - $419.89
  Size:         $31.38
  Distance:     $0.00
  Formed:       2026-06-03
  FRESHNESS:    STALE
  Notes:        STALE - Price reached zone ($417.18 >= zone $388.51)

TRADE METRICS:
  Stop Loss Distance:  $99.29
  Profit Target (PT):  $-28.67
  Risk:Reward Ratio:   1:-0.29
