====================================================================================================
TICKER: TFC
====================================================================================================

CURRENT STATUS:
  Price:        $50.32
  ATR (14-day): $0.83
  Within ATR:   NO

DEMAND ZONE (Buy Zone):
  Range:        $47.80 - $49.24
  Size:         $1.44
  Distance:     $1.08 (131% of ATR)
  Formed:       2026-06-18
  FRESHNESS:    FRESH
  Notes:        Fresh - not tested recently

SUPPLY ZONE (Sell Zone):
  Range:        $48.31 - $52.07
  Size:         $3.76
  Distance:     $0.00
  Formed:       2026-06-16
  FRESHNESS:    STALE
  Notes:        STALE - Price reached zone ($50.32 >= zone $48.31)

TRADE METRICS:
  Stop Loss Distance:  $2.52
  Profit Target (PT):  $-2.01
  Risk:Reward Ratio:   1:-0.80
