====================================================================================================
TICKER: TGT
====================================================================================================

CURRENT STATUS:
  Price:        $165.90
  ATR (14-day): $3.85
  Within ATR:   NO

DEMAND ZONE (Buy Zone):
  Range:        $125.37 - $128.50
  Size:         $3.13
  Distance:     $37.40 (973% of ATR)
  Formed:       2026-06-10
  FRESHNESS:    FRESH
  Notes:        Fresh - not tested recently

SUPPLY ZONE (Sell Zone):
  Range:        $154.50 - $170.75
  Size:         $16.25
  Distance:     $0.00
  Formed:       2026-08-20
  FRESHNESS:    STALE
  Notes:        STALE - Price reached zone ($165.90 >= zone $154.50)

TRADE METRICS:
  Stop Loss Distance:  $40.53
  Profit Target (PT):  $-11.40
  Risk:Reward Ratio:   1:-0.28
