====================================================================================================
TICKER: TJX
====================================================================================================

CURRENT STATUS:
  Price:        $136.78
  ATR (14-day): $2.99
  Within ATR:   NO

DEMAND ZONE (Buy Zone):
  Range:        $122.81 - $129.46
  Size:         $6.65
  Distance:     $7.32 (245% of ATR)
  Formed:       2026-09-17
  FRESHNESS:    STALE
  Notes:        STALE - Recent cached daily candle tested demand zone

SUPPLY ZONE (Sell Zone):
  Range:        $150.60 - $153.55
  Size:         $2.95
  Distance:     $13.82
  Formed:       2026-08-14
  FRESHNESS:    FRESH
  Notes:        Fresh - not tested recently

TRADE METRICS:
  Stop Loss Distance:  $13.97
  Profit Target (PT):  $13.82
  Risk:Reward Ratio:   1:0.99
