====================================================================================================
TICKER: TKO
====================================================================================================

CURRENT STATUS:
  Price:        $199.87
  ATR (14-day): $5.82
  Within ATR:   NO

DEMAND ZONE (Buy Zone):
  Range:        $178.55 - $183.01
  Size:         $4.46
  Distance:     $16.86 (290% of ATR)
  Formed:       2026-07-21
  FRESHNESS:    FRESH
  Notes:        Fresh - not tested recently

SUPPLY ZONE (Sell Zone):
  Range:        $209.71 - $218.42
  Size:         $8.71
  Distance:     $9.84
  Formed:       2026-06-29
  FRESHNESS:    FRESH
  Notes:        Fresh - not tested recently

TRADE METRICS:
  Stop Loss Distance:  $21.32
  Profit Target (PT):  $9.84
  Risk:Reward Ratio:   1:0.46
