====================================================================================================
TICKER: TMUS
====================================================================================================

CURRENT STATUS:
  Price:        $194.24
  ATR (14-day): $7.30
  Within ATR:   NO

DEMAND ZONE (Buy Zone):
  Range:        $165.66 - $173.71
  Size:         $8.05
  Distance:     $20.53 (281% of ATR)
  Formed:       2026-06-30
  FRESHNESS:    FRESH
  Notes:        Fresh - not tested recently

SUPPLY ZONE (Sell Zone):
  Range:        $183.56 - $189.64
  Size:         $6.08
  Distance:     $4.60
  Formed:       2026-06-11
  FRESHNESS:    STALE
  Notes:        STALE - Price reached zone ($194.24 >= zone $183.56)

TRADE METRICS:
  Stop Loss Distance:  $28.58
  Profit Target (PT):  $-10.68
  Risk:Reward Ratio:   1:-0.37
