====================================================================================================
TICKER: TPL
====================================================================================================

CURRENT STATUS:
  Price:        $372.49
  ATR (14-day): $16.97
  Within ATR:   YES

DEMAND ZONE (Buy Zone):
  Range:        $340.58 - $360.84
  Size:         $20.26
  Distance:     $11.65 (69% of ATR)
  Formed:       2026-08-07
  FRESHNESS:    FRESH
  Notes:        Fresh - not tested recently

SUPPLY ZONE (Sell Zone):
  Range:        $375.11 - $404.44
  Size:         $29.33
  Distance:     $2.62
  Formed:       2026-06-10
  FRESHNESS:    STALE
  Notes:        STALE - Daily candle tested zone yesterday (high $379.29)

TRADE METRICS:
  Stop Loss Distance:  $31.91
  Profit Target (PT):  $2.62
  Risk:Reward Ratio:   1:0.08
