====================================================================================================
TICKER: TRI
====================================================================================================

CURRENT STATUS:
  Price:        $114.19
  ATR (14-day): $6.03
  Within ATR:   NO

DEMAND ZONE (Buy Zone):
  Range:        $95.66 - $99.00
  Size:         $3.34
  Distance:     $15.19 (252% of ATR)
  Formed:       2026-09-10
  FRESHNESS:    STALE
  Notes:        STALE - Daily candle tested zone today (low $98.95)

SUPPLY ZONE (Sell Zone):
  Range:        $105.25 - $112.77
  Size:         $7.52
  Distance:     $1.42
  Formed:       2026-09-04
  FRESHNESS:    STALE
  Notes:        STALE - Price reached zone ($114.19 >= zone $105.25)

TRADE METRICS:
  Stop Loss Distance:  $18.53
  Profit Target (PT):  $-8.94
  Risk:Reward Ratio:   1:-0.48
