====================================================================================================
TICKER: TROW
====================================================================================================

CURRENT STATUS:
  Price:        $109.13
  ATR (14-day): $2.16
  Within ATR:   NO

DEMAND ZONE (Buy Zone):
  Range:        $101.48 - $103.53
  Size:         $2.05
  Distance:     $5.60 (259% of ATR)
  Formed:       2026-09-17
  FRESHNESS:    STALE
  Notes:        STALE - Daily candle tested zone yesterday (low $102.68)

SUPPLY ZONE (Sell Zone):
  Range:        $116.44 - $121.16
  Size:         $4.72
  Distance:     $7.31
  Formed:       2026-07-02
  FRESHNESS:    FRESH
  Notes:        Fresh - not tested recently

TRADE METRICS:
  Stop Loss Distance:  $7.65
  Profit Target (PT):  $7.31
  Risk:Reward Ratio:   1:0.96
