====================================================================================================
TICKER: TSN
====================================================================================================

CURRENT STATUS:
  Price:        $54.39
  ATR (14-day): $1.50
  Within ATR:   NO

DEMAND ZONE (Buy Zone):
  Range:        $50.53 - $51.28
  Size:         $0.75
  Distance:     $3.11 (207% of ATR)
  Formed:       2026-09-29
  FRESHNESS:    FRESH
  Notes:        Fresh - not tested recently

SUPPLY ZONE (Sell Zone):
  Range:        $54.71 - $55.68
  Size:         $0.97
  Distance:     $0.32
  Formed:       2026-08-28
  FRESHNESS:    FRESH
  Notes:        Fresh - not tested recently

TRADE METRICS:
  Stop Loss Distance:  $3.86
  Profit Target (PT):  $0.32
  Risk:Reward Ratio:   1:0.08
