====================================================================================================
TICKER: TT
====================================================================================================

CURRENT STATUS:
  Price:        $469.58
  ATR (14-day): $14.63
  Within ATR:   NO

DEMAND ZONE (Buy Zone):
  Range:        $434.00 - $442.59
  Size:         $8.59
  Distance:     $26.99 (184% of ATR)
  Formed:       2026-09-02
  FRESHNESS:    STALE
  Notes:        STALE - Daily candle tested zone yesterday (low $436.17)

SUPPLY ZONE (Sell Zone):
  Range:        $436.06 - $450.00
  Size:         $13.94
  Distance:     $19.58
  Formed:       2026-09-08
  FRESHNESS:    STALE
  Notes:        STALE - Price reached zone ($469.58 >= zone $436.06)

TRADE METRICS:
  Stop Loss Distance:  $35.58
  Profit Target (PT):  $-33.52
  Risk:Reward Ratio:   1:-0.94
