====================================================================================================
TICKER: TXN
====================================================================================================

CURRENT STATUS:
  Price:        $291.24
  ATR (14-day): $8.50
  Within ATR:   NO

DEMAND ZONE (Buy Zone):
  Range:        $266.64 - $272.87
  Size:         $6.23
  Distance:     $18.37 (216% of ATR)
  Formed:       2026-09-22
  FRESHNESS:    STALE
  Notes:        STALE - Recent cached daily candle tested demand zone

SUPPLY ZONE (Sell Zone):
  Range:        $313.21 - $330.44
  Size:         $17.24
  Distance:     $21.97
  Formed:       2026-05-28
  FRESHNESS:    FRESH
  Notes:        Fresh - not tested recently

TRADE METRICS:
  Stop Loss Distance:  $24.60
  Profit Target (PT):  $21.97
  Risk:Reward Ratio:   1:0.89
