====================================================================================================
TICKER: TXT
====================================================================================================

CURRENT STATUS:
  Price:        $82.85
  ATR (14-day): $2.06
  Within ATR:   NO

DEMAND ZONE (Buy Zone):
  Range:        $76.10 - $77.69
  Size:         $1.59
  Distance:     $5.16 (250% of ATR)
  Formed:       2026-09-29
  FRESHNESS:    STALE
  Notes:        STALE - Recent cached daily candle tested demand zone

SUPPLY ZONE (Sell Zone):
  Range:        $86.99 - $88.53
  Size:         $1.54
  Distance:     $4.14
  Formed:       2026-08-17
  FRESHNESS:    FRESH
  Notes:        Fresh - not tested recently

TRADE METRICS:
  Stop Loss Distance:  $6.75
  Profit Target (PT):  $4.14
  Risk:Reward Ratio:   1:0.61
