====================================================================================================
TICKER: UAL
====================================================================================================

CURRENT STATUS:
  Price:        $107.79
  ATR (14-day): $4.32
  Within ATR:   NO

DEMAND ZONE (Buy Zone):
  Range:        $104.15 - $113.98
  Size:         $9.83
  Distance:     $0.00 (0% of ATR)
  Formed:       2026-08-28
  FRESHNESS:    STALE
  Notes:        STALE - Price reached zone ($107.79 <= zone $113.98)

SUPPLY ZONE (Sell Zone):
  Range:        $111.83 - $124.79
  Size:         $12.97
  Distance:     $4.03
  Formed:       2026-06-12
  FRESHNESS:    FRESH
  Notes:        Fresh - not tested recently

TRADE METRICS:
  Stop Loss Distance:  $3.64
  Profit Target (PT):  $4.03
  Risk:Reward Ratio:   1:1.11
