====================================================================================================
TICKER: UBER
====================================================================================================

CURRENT STATUS:
  Price:        $72.22
  ATR (14-day): $2.78
  Within ATR:   NO

DEMAND ZONE (Buy Zone):
  Range:        $65.41 - $68.34
  Size:         $2.93
  Distance:     $3.88 (139% of ATR)
  Formed:       2026-07-27
  FRESHNESS:    FRESH
  Notes:        Fresh - not tested recently

SUPPLY ZONE (Sell Zone):
  Range:        $72.77 - $74.28
  Size:         $1.52
  Distance:     $0.55
  Formed:       2026-06-16
  FRESHNESS:    STALE
  Notes:        STALE - Daily candle tested zone yesterday (high $72.80)

TRADE METRICS:
  Stop Loss Distance:  $6.81
  Profit Target (PT):  $0.55
  Risk:Reward Ratio:   1:0.08
