====================================================================================================
TICKER: UHS
====================================================================================================

CURRENT STATUS:
  Price:        $189.08
  ATR (14-day): $5.64
  Within ATR:   NO

DEMAND ZONE (Buy Zone):
  Range:        $148.70 - $151.20
  Size:         $2.50
  Distance:     $37.88 (672% of ATR)
  Formed:       2026-07-20
  FRESHNESS:    FRESH
  Notes:        Fresh - not tested recently

SUPPLY ZONE (Sell Zone):
  Range:        $228.59 - $233.57
  Size:         $4.98
  Distance:     $39.51
  Formed:       2026-02-19
  FRESHNESS:    FRESH
  Notes:        Fresh - not tested recently

TRADE METRICS:
  Stop Loss Distance:  $40.38
  Profit Target (PT):  $39.51
  Risk:Reward Ratio:   1:0.98
