====================================================================================================
TICKER: UNP
====================================================================================================

CURRENT STATUS:
  Price:        $281.83
  ATR (14-day): $5.38
  Within ATR:   NO

DEMAND ZONE (Buy Zone):
  Range:        $255.49 - $270.79
  Size:         $15.30
  Distance:     $11.04 (205% of ATR)
  Formed:       2026-06-16
  FRESHNESS:    FRESH
  Notes:        Fresh - not tested recently

SUPPLY ZONE (Sell Zone):
  Range:        $298.10 - $303.15
  Size:         $5.05
  Distance:     $16.27
  Formed:       2026-07-17
  FRESHNESS:    FRESH
  Notes:        Fresh - not tested recently

TRADE METRICS:
  Stop Loss Distance:  $26.34
  Profit Target (PT):  $16.27
  Risk:Reward Ratio:   1:0.62
