====================================================================================================
TICKER: URI
====================================================================================================

CURRENT STATUS:
  Price:        $1100.40
  ATR (14-day): $28.58
  Within ATR:   NO

DEMAND ZONE (Buy Zone):
  Range:        $911.33 - $940.86
  Size:         $29.53
  Distance:     $159.54 (558% of ATR)
  Formed:       2026-05-19
  FRESHNESS:    FRESH
  Notes:        Fresh - not tested recently

SUPPLY ZONE (Sell Zone):
  Range:        $1054.55 - $1105.46
  Size:         $50.91
  Distance:     $0.00
  Formed:       2026-06-05
  FRESHNESS:    STALE
  Notes:        STALE - Price reached zone ($1100.40 >= zone $1054.55)

TRADE METRICS:
  Stop Loss Distance:  $189.07
  Profit Target (PT):  $-45.85
  Risk:Reward Ratio:   1:-0.24
