====================================================================================================
TICKER: USB
====================================================================================================

CURRENT STATUS:
  Price:        $56.31
  ATR (14-day): $1.58
  Within ATR:   YES

DEMAND ZONE (Buy Zone):
  Range:        $55.19 - $56.05
  Size:         $0.86
  Distance:     $0.26 (16% of ATR)
  Formed:       2026-06-05
  FRESHNESS:    FRESH
  Notes:        Fresh - not tested recently

SUPPLY ZONE (Sell Zone):
  Range:        $62.26 - $63.33
  Size:         $1.07
  Distance:     $5.95
  Formed:       2026-09-11
  FRESHNESS:    FRESH
  Notes:        Fresh - not tested recently

TRADE METRICS:
  Stop Loss Distance:  $1.12
  Profit Target (PT):  $5.95
  Risk:Reward Ratio:   1:5.29
