====================================================================================================
TICKER: VEA
====================================================================================================

CURRENT STATUS:
  Price:        $71.45
  ATR (14-day): $0.93
  Within ATR:   NO

DEMAND ZONE (Buy Zone):
  Range:        $68.60 - $69.96
  Size:         $1.36
  Distance:     $1.49 (161% of ATR)
  Formed:       2026-06-10
  FRESHNESS:    FRESH
  Notes:        Fresh - not tested recently

SUPPLY ZONE (Sell Zone):
  Range:        $71.80 - $72.80
  Size:         $1.00
  Distance:     $0.35
  Formed:       2026-06-15
  FRESHNESS:    STALE
  Notes:        STALE - Daily candle tested zone yesterday (high $72.19)

TRADE METRICS:
  Stop Loss Distance:  $2.85
  Profit Target (PT):  $0.35
  Risk:Reward Ratio:   1:0.12
