====================================================================================================
TICKER: VEEV
====================================================================================================

CURRENT STATUS:
  Price:        $278.47
  ATR (14-day): $9.25
  Within ATR:   NO

DEMAND ZONE (Buy Zone):
  Range:        $258.00 - $266.55
  Size:         $8.55
  Distance:     $11.92 (129% of ATR)
  Formed:       2026-09-17
  FRESHNESS:    FRESH
  Notes:        Fresh - not tested recently

SUPPLY ZONE (Sell Zone):
  Range:        $281.80 - $288.14
  Size:         $6.34
  Distance:     $3.33
  Formed:       2026-10-01
  FRESHNESS:    STALE
  Notes:        STALE - Recent cached daily candle tested supply zone

TRADE METRICS:
  Stop Loss Distance:  $20.47
  Profit Target (PT):  $3.33
  Risk:Reward Ratio:   1:0.16
