====================================================================================================
TICKER: VICI
====================================================================================================

CURRENT STATUS:
  Price:        $25.43
  ATR (14-day): $0.48
  Within ATR:   NO

DEMAND ZONE (Buy Zone):
  Range:        $23.72 - $24.09
  Size:         $0.37
  Distance:     $1.34 (281% of ATR)
  Formed:       2026-09-18
  FRESHNESS:    STALE
  Notes:        STALE - Recent cached daily candle tested demand zone

SUPPLY ZONE (Sell Zone):
  Range:        $27.25 - $28.18
  Size:         $0.93
  Distance:     $1.82
  Formed:       2026-06-02
  FRESHNESS:    FRESH
  Notes:        Fresh - not tested recently

TRADE METRICS:
  Stop Loss Distance:  $1.71
  Profit Target (PT):  $1.82
  Risk:Reward Ratio:   1:1.06
