====================================================================================================
TICKER: VMRK
====================================================================================================

CURRENT STATUS:
  Price:        $65.66
  ATR (14-day): $1.25
  Within ATR:   NO

DEMAND ZONE (Buy Zone):
  Range:        $63.81 - $65.47
  Size:         $1.66
  Distance:     $0.19 (15% of ATR)
  Formed:       2026-06-18
  FRESHNESS:    STALE
  Notes:        STALE - Daily candle tested zone yesterday (low $65.39)

SUPPLY ZONE (Sell Zone):
  Range:        $67.28 - $68.22
  Size:         $0.94
  Distance:     $1.62
  Formed:       2026-06-10
  FRESHNESS:    FRESH
  Notes:        Fresh - not tested recently

TRADE METRICS:
  Stop Loss Distance:  $1.85
  Profit Target (PT):  $1.62
  Risk:Reward Ratio:   1:0.88
