====================================================================================================
TICKER: VRSK
====================================================================================================

CURRENT STATUS:
  Price:        $179.38
  ATR (14-day): $6.03
  Within ATR:   NO

DEMAND ZONE (Buy Zone):
  Range:        $169.00 - $171.79
  Size:         $2.79
  Distance:     $7.59 (126% of ATR)
  Formed:       2026-05-20
  FRESHNESS:    STALE
  Notes:        STALE - Recent cached daily candle tested demand zone

SUPPLY ZONE (Sell Zone):
  Range:        $182.81 - $194.36
  Size:         $11.55
  Distance:     $3.43
  Formed:       2026-07-02
  FRESHNESS:    FRESH
  Notes:        Fresh - not tested recently

TRADE METRICS:
  Stop Loss Distance:  $10.38
  Profit Target (PT):  $3.43
  Risk:Reward Ratio:   1:0.33
