====================================================================================================
TICKER: VRT
====================================================================================================

CURRENT STATUS:
  Price:        $266.05
  ATR (14-day): $12.86
  Within ATR:   NO

DEMAND ZONE (Buy Zone):
  Range:        $220.99 - $251.44
  Size:         $30.45
  Distance:     $14.61 (114% of ATR)
  Formed:       2026-07-30
  FRESHNESS:    STALE
  Notes:        STALE - Recent cached daily candle tested demand zone

SUPPLY ZONE (Sell Zone):
  Range:        $294.39 - $314.81
  Size:         $20.42
  Distance:     $28.34
  Formed:       2026-06-08
  FRESHNESS:    FRESH
  Notes:        Fresh - not tested recently

TRADE METRICS:
  Stop Loss Distance:  $45.06
  Profit Target (PT):  $28.34
  Risk:Reward Ratio:   1:0.63
