====================================================================================================
TICKER: VST
====================================================================================================

CURRENT STATUS:
  Price:        $164.67
  ATR (14-day): $7.16
  Within ATR:   NO

DEMAND ZONE (Buy Zone):
  Range:        $141.11 - $146.90
  Size:         $5.79
  Distance:     $17.77 (248% of ATR)
  Formed:       2026-10-04
  FRESHNESS:    FRESH
  Notes:        Fresh - not tested recently

SUPPLY ZONE (Sell Zone):
  Range:        $165.13 - $168.93
  Size:         $3.80
  Distance:     $0.46
  Formed:       2026-07-23
  FRESHNESS:    STALE
  Notes:        STALE - Recent cached daily candle tested supply zone

TRADE METRICS:
  Stop Loss Distance:  $23.56
  Profit Target (PT):  $0.46
  Risk:Reward Ratio:   1:0.02
