====================================================================================================
TICKER: VTI
====================================================================================================

CURRENT STATUS:
  Price:        $373.82
  ATR (14-day): $4.38
  Within ATR:   NO

DEMAND ZONE (Buy Zone):
  Range:        $359.95 - $364.79
  Size:         $4.84
  Distance:     $9.03 (206% of ATR)
  Formed:       2026-06-26
  FRESHNESS:    FRESH
  Notes:        Fresh - not tested recently

SUPPLY ZONE (Sell Zone):
  Range:        $374.26 - $381.74
  Size:         $7.48
  Distance:     $0.44
  Formed:       2026-08-04
  FRESHNESS:    STALE
  Notes:        STALE - Daily candle tested zone yesterday (high $376.05)

TRADE METRICS:
  Stop Loss Distance:  $13.87
  Profit Target (PT):  $0.44
  Risk:Reward Ratio:   1:0.03
