====================================================================================================
TICKER: VTRS
====================================================================================================

CURRENT STATUS:
  Price:        $18.04
  ATR (14-day): $0.51
  Within ATR:   NO

DEMAND ZONE (Buy Zone):
  Range:        $16.15 - $16.51
  Size:         $0.36
  Distance:     $1.53 (299% of ATR)
  Formed:       2026-09-10
  FRESHNESS:    FRESH
  Notes:        Fresh - not tested recently

SUPPLY ZONE (Sell Zone):
  Range:        $16.65 - $17.67
  Size:         $1.02
  Distance:     $0.37
  Formed:       2026-07-16
  FRESHNESS:    STALE
  Notes:        STALE - Price reached zone ($18.04 >= zone $16.65)

TRADE METRICS:
  Stop Loss Distance:  $1.89
  Profit Target (PT):  $-1.39
  Risk:Reward Ratio:   1:-0.74
