====================================================================================================
TICKER: VWO
====================================================================================================

CURRENT STATUS:
  Price:        $59.28
  ATR (14-day): $0.71
  Within ATR:   YES

DEMAND ZONE (Buy Zone):
  Range:        $57.35 - $58.64
  Size:         $1.29
  Distance:     $0.64 (90% of ATR)
  Formed:       2026-06-10
  FRESHNESS:    FRESH
  Notes:        Fresh - not tested recently

SUPPLY ZONE (Sell Zone):
  Range:        $59.11 - $60.98
  Size:         $1.88
  Distance:     $0.00
  Formed:       2026-06-12
  FRESHNESS:    STALE
  Notes:        STALE - Price reached zone ($59.28 >= zone $59.11)

TRADE METRICS:
  Stop Loss Distance:  $1.93
  Profit Target (PT):  $-0.17
  Risk:Reward Ratio:   1:-0.09
