====================================================================================================
TICKER: VZ
====================================================================================================

CURRENT STATUS:
  Price:        $47.08
  ATR (14-day): $1.12
  Within ATR:   NO

DEMAND ZONE (Buy Zone):
  Range:        $42.89 - $43.87
  Size:         $0.98
  Distance:     $3.21 (287% of ATR)
  Formed:       2026-07-20
  FRESHNESS:    FRESH
  Notes:        Fresh - not tested recently

SUPPLY ZONE (Sell Zone):
  Range:        $50.91 - $51.66
  Size:         $0.75
  Distance:     $3.84
  Formed:       2026-09-14
  FRESHNESS:    FRESH
  Notes:        Fresh - not tested recently

TRADE METRICS:
  Stop Loss Distance:  $4.19
  Profit Target (PT):  $3.84
  Risk:Reward Ratio:   1:0.92
