====================================================================================================
TICKER: WBD
====================================================================================================

CURRENT STATUS:
  Price:        $28.00
  ATR (14-day): $0.53
  Within ATR:   NO

DEMAND ZONE (Buy Zone):
  Range:        $26.18 - $26.87
  Size:         $0.69
  Distance:     $1.13 (212% of ATR)
  Formed:       2026-06-11
  FRESHNESS:    FRESH
  Notes:        Fresh - not tested recently

SUPPLY ZONE (Sell Zone):
  Range:        $28.43 - $28.68
  Size:         $0.25
  Distance:     $0.43
  Formed:       2026-08-19
  FRESHNESS:    FRESH
  Notes:        Fresh - not tested recently

TRADE METRICS:
  Stop Loss Distance:  $1.82
  Profit Target (PT):  $0.43
  Risk:Reward Ratio:   1:0.24
