====================================================================================================
TICKER: WEC
====================================================================================================

CURRENT STATUS:
  Price:        $107.83
  ATR (14-day): $1.68
  Within ATR:   NO

DEMAND ZONE (Buy Zone):
  Range:        $102.91 - $104.09
  Size:         $1.18
  Distance:     $3.74 (223% of ATR)
  Formed:       2026-09-18
  FRESHNESS:    STALE
  Notes:        STALE - Recent cached daily candle tested demand zone

SUPPLY ZONE (Sell Zone):
  Range:        $109.46 - $110.61
  Size:         $1.16
  Distance:     $1.63
  Formed:       2026-08-14
  FRESHNESS:    FRESH
  Notes:        Fresh - not tested recently

TRADE METRICS:
  Stop Loss Distance:  $4.92
  Profit Target (PT):  $1.63
  Risk:Reward Ratio:   1:0.33
