====================================================================================================
TICKER: WFC
====================================================================================================

CURRENT STATUS:
  Price:        $87.95
  ATR (14-day): $2.41
  Within ATR:   NO

DEMAND ZONE (Buy Zone):
  Range:        $82.54 - $84.58
  Size:         $2.04
  Distance:     $3.37 (140% of ATR)
  Formed:       2026-06-29
  FRESHNESS:    STALE
  Notes:        STALE - Recent cached daily candle tested demand zone

SUPPLY ZONE (Sell Zone):
  Range:        $85.87 - $89.44
  Size:         $3.57
  Distance:     $0.00
  Formed:       2026-09-17
  FRESHNESS:    STALE
  Notes:        STALE - Price reached zone ($87.95 >= zone $85.87)

TRADE METRICS:
  Stop Loss Distance:  $5.41
  Profit Target (PT):  $-2.08
  Risk:Reward Ratio:   1:-0.38
