====================================================================================================
TICKER: WM
====================================================================================================

CURRENT STATUS:
  Price:        $217.51
  ATR (14-day): $5.72
  Within ATR:   NO

DEMAND ZONE (Buy Zone):
  Range:        $200.82 - $204.97
  Size:         $4.15
  Distance:     $12.54 (219% of ATR)
  Formed:       2026-10-01
  FRESHNESS:    STALE
  Notes:        STALE - Recent cached daily candle tested demand zone

SUPPLY ZONE (Sell Zone):
  Range:        $235.80 - $239.36
  Size:         $3.56
  Distance:     $18.29
  Formed:       2026-07-23
  FRESHNESS:    FRESH
  Notes:        Fresh - not tested recently

TRADE METRICS:
  Stop Loss Distance:  $16.69
  Profit Target (PT):  $18.29
  Risk:Reward Ratio:   1:1.10
