====================================================================================================
TICKER: WMT
====================================================================================================

CURRENT STATUS:
  Price:        $107.98
  ATR (14-day): $1.82
  Within ATR:   NO

DEMAND ZONE (Buy Zone):
  Range:        $102.27 - $103.75
  Size:         $1.48
  Distance:     $4.23 (233% of ATR)
  Formed:       2026-08-27
  FRESHNESS:    FRESH
  Notes:        Fresh - not tested recently

SUPPLY ZONE (Sell Zone):
  Range:        $114.64 - $116.45
  Size:         $1.81
  Distance:     $6.66
  Formed:       2026-08-13
  FRESHNESS:    FRESH
  Notes:        Fresh - not tested recently

TRADE METRICS:
  Stop Loss Distance:  $5.71
  Profit Target (PT):  $6.66
  Risk:Reward Ratio:   1:1.17
