====================================================================================================
TICKER: WRB
====================================================================================================

CURRENT STATUS:
  Price:        $72.00
  ATR (14-day): $1.47
  Within ATR:   NO

DEMAND ZONE (Buy Zone):
  Range:        $63.38 - $64.61
  Size:         $1.23
  Distance:     $7.39 (504% of ATR)
  Formed:       2026-05-29
  FRESHNESS:    FRESH
  Notes:        Fresh - not tested recently

SUPPLY ZONE (Sell Zone):
  Range:        $75.01 - $77.41
  Size:         $2.40
  Distance:     $3.01
  Formed:       2026-07-27
  FRESHNESS:    FRESH
  Notes:        Fresh - not tested recently

TRADE METRICS:
  Stop Loss Distance:  $8.62
  Profit Target (PT):  $3.01
  Risk:Reward Ratio:   1:0.35
