====================================================================================================
TICKER: WSM
====================================================================================================

CURRENT STATUS:
  Price:        $238.79
  ATR (14-day): $7.45
  Within ATR:   NO

DEMAND ZONE (Buy Zone):
  Range:        $202.12 - $208.26
  Size:         $6.14
  Distance:     $30.53 (410% of ATR)
  Formed:       2026-06-05
  FRESHNESS:    FRESH
  Notes:        Fresh - not tested recently

SUPPLY ZONE (Sell Zone):
  Range:        $249.44 - $254.86
  Size:         $5.42
  Distance:     $10.65
  Formed:       2026-08-10
  FRESHNESS:    FRESH
  Notes:        Fresh - not tested recently

TRADE METRICS:
  Stop Loss Distance:  $36.67
  Profit Target (PT):  $10.65
  Risk:Reward Ratio:   1:0.29
