====================================================================================================
TICKER: WST
====================================================================================================

CURRENT STATUS:
  Price:        $377.95
  ATR (14-day): $6.41
  Within ATR:   NO

DEMAND ZONE (Buy Zone):
  Range:        $321.94 - $329.86
  Size:         $7.92
  Distance:     $48.09 (751% of ATR)
  Formed:       2026-06-18
  FRESHNESS:    FRESH
  Notes:        Fresh - not tested recently

SUPPLY ZONE (Sell Zone):
  Range:        $361.06 - $370.67
  Size:         $9.61
  Distance:     $7.28
  Formed:       2026-09-16
  FRESHNESS:    STALE
  Notes:        STALE - Price reached zone ($377.95 >= zone $361.06)

TRADE METRICS:
  Stop Loss Distance:  $56.01
  Profit Target (PT):  $-16.89
  Risk:Reward Ratio:   1:-0.30
