====================================================================================================
TICKER: WTW
====================================================================================================

CURRENT STATUS:
  Price:        $292.32
  ATR (14-day): $8.03
  Within ATR:   YES

DEMAND ZONE (Buy Zone):
  Range:        $283.88 - $288.86
  Size:         $4.98
  Distance:     $3.46 (43% of ATR)
  Formed:       2026-07-22
  FRESHNESS:    FRESH
  Notes:        Fresh - not tested recently

SUPPLY ZONE (Sell Zone):
  Range:        $320.03 - $324.95
  Size:         $4.92
  Distance:     $27.71
  Formed:       2026-09-14
  FRESHNESS:    FRESH
  Notes:        Fresh - not tested recently

TRADE METRICS:
  Stop Loss Distance:  $8.44
  Profit Target (PT):  $27.71
  Risk:Reward Ratio:   1:3.28
