====================================================================================================
TICKER: XEL
====================================================================================================

CURRENT STATUS:
  Price:        $79.79
  ATR (14-day): $1.73
  Within ATR:   NO

DEMAND ZONE (Buy Zone):
  Range:        $74.71 - $76.25
  Size:         $1.54
  Distance:     $3.54 (205% of ATR)
  Formed:       2026-08-31
  FRESHNESS:    STALE
  Notes:        STALE - Daily candle tested zone yesterday (low $75.35)

SUPPLY ZONE (Sell Zone):
  Range:        $77.77 - $79.37
  Size:         $1.60
  Distance:     $0.42
  Formed:       2026-06-15
  FRESHNESS:    STALE
  Notes:        STALE - Price reached zone ($79.79 >= zone $77.77)

TRADE METRICS:
  Stop Loss Distance:  $5.08
  Profit Target (PT):  $-2.02
  Risk:Reward Ratio:   1:-0.40
