====================================================================================================
TICKER: XLB
====================================================================================================

CURRENT STATUS:
  Price:        $51.57
  ATR (14-day): $0.83
  Within ATR:   NO

DEMAND ZONE (Buy Zone):
  Range:        $49.84 - $50.97
  Size:         $1.12
  Distance:     $0.60 (73% of ATR)
  Formed:       2026-07-21
  FRESHNESS:    STALE
  Notes:        STALE - Daily candle tested zone yesterday (low $50.52)

SUPPLY ZONE (Sell Zone):
  Range:        $51.10 - $52.75
  Size:         $1.65
  Distance:     $0.00
  Formed:       2026-07-27
  FRESHNESS:    STALE
  Notes:        STALE - Price reached zone ($51.57 >= zone $51.10)

TRADE METRICS:
  Stop Loss Distance:  $1.73
  Profit Target (PT):  $-0.47
  Risk:Reward Ratio:   1:-0.27
