====================================================================================================
TICKER: XLE
====================================================================================================

CURRENT STATUS:
  Price:        $64.33
  ATR (14-day): $1.40
  Within ATR:   NO

DEMAND ZONE (Buy Zone):
  Range:        $54.36 - $56.03
  Size:         $1.67
  Distance:     $8.30 (591% of ATR)
  Formed:       2026-07-08
  FRESHNESS:    FRESH
  Notes:        Fresh - not tested recently

SUPPLY ZONE (Sell Zone):
  Range:        $64.34 - $66.17
  Size:         $1.83
  Distance:     $0.01
  Formed:       2026-09-11
  FRESHNESS:    STALE
  Notes:        STALE - Daily candle tested zone yesterday (high $65.11)

TRADE METRICS:
  Stop Loss Distance:  $9.97
  Profit Target (PT):  $0.01
  Risk:Reward Ratio:   1:0.00
