====================================================================================================
TICKER: XLK
====================================================================================================

CURRENT STATUS:
  Price:        $194.67
  ATR (14-day): $2.88
  Within ATR:   NO

DEMAND ZONE (Buy Zone):
  Range:        $179.91 - $183.02
  Size:         $3.11
  Distance:     $11.65 (405% of ATR)
  Formed:       2026-06-26
  FRESHNESS:    FRESH
  Notes:        Fresh - not tested recently

SUPPLY ZONE (Sell Zone):
  Range:        $185.40 - $190.93
  Size:         $5.53
  Distance:     $3.74
  Formed:       2026-06-30
  FRESHNESS:    STALE
  Notes:        STALE - Price reached zone ($194.67 >= zone $185.40)

TRADE METRICS:
  Stop Loss Distance:  $14.76
  Profit Target (PT):  $-9.27
  Risk:Reward Ratio:   1:-0.63
