====================================================================================================
TICKER: XLP
====================================================================================================

CURRENT STATUS:
  Price:        $83.64
  ATR (14-day): $1.49
  Within ATR:   NO

DEMAND ZONE (Buy Zone):
  Range:        $82.15 - $83.89
  Size:         $1.74
  Distance:     $0.00 (0% of ATR)
  Formed:       2026-06-18
  FRESHNESS:    STALE
  Notes:        STALE - Price reached zone ($83.64 <= zone $83.89)

SUPPLY ZONE (Sell Zone):
  Range:        $84.40 - $85.61
  Size:         $1.21
  Distance:     $0.76
  Formed:       2026-06-10
  FRESHNESS:    STALE
  Notes:        STALE - Daily candle tested zone yesterday (high $84.88)

TRADE METRICS:
  Stop Loss Distance:  $1.49
  Profit Target (PT):  $0.76
  Risk:Reward Ratio:   1:0.51
