====================================================================================================
TICKER: XLU
====================================================================================================

CURRENT STATUS:
  Price:        $43.78
  ATR (14-day): $0.79
  Within ATR:   NO

DEMAND ZONE (Buy Zone):
  Range:        $41.86 - $42.56
  Size:         $0.70
  Distance:     $1.22 (154% of ATR)
  Formed:       2026-08-31
  FRESHNESS:    STALE
  Notes:        STALE - Daily candle tested zone yesterday (low $42.51)

SUPPLY ZONE (Sell Zone):
  Range:        $43.79 - $44.28
  Size:         $0.49
  Distance:     $0.01
  Formed:       2026-06-10
  FRESHNESS:    FRESH
  Notes:        Fresh - not tested recently

TRADE METRICS:
  Stop Loss Distance:  $1.92
  Profit Target (PT):  $0.01
  Risk:Reward Ratio:   1:0.01
