====================================================================================================
TICKER: XLY
====================================================================================================

CURRENT STATUS:
  Price:        $114.58
  ATR (14-day): $1.72
  Within ATR:   NO

DEMAND ZONE (Buy Zone):
  Range:        $108.29 - $110.59
  Size:         $2.30
  Distance:     $3.99 (232% of ATR)
  Formed:       2026-07-23
  FRESHNESS:    STALE
  Notes:        STALE - Daily candle tested zone yesterday (low $109.64)

SUPPLY ZONE (Sell Zone):
  Range:        $114.81 - $119.51
  Size:         $4.70
  Distance:     $0.23
  Formed:       2026-06-12
  FRESHNESS:    FRESH
  Notes:        Fresh - not tested recently

TRADE METRICS:
  Stop Loss Distance:  $6.29
  Profit Target (PT):  $0.23
  Risk:Reward Ratio:   1:0.04
