====================================================================================================
TICKER: XYZ
====================================================================================================

CURRENT STATUS:
  Price:        $81.63
  ATR (14-day): $2.20
  Within ATR:   NO

DEMAND ZONE (Buy Zone):
  Range:        $67.15 - $69.35
  Size:         $2.20
  Distance:     $12.28 (558% of ATR)
  Formed:       2026-05-22
  FRESHNESS:    FRESH
  Notes:        Fresh - not tested recently

SUPPLY ZONE (Sell Zone):
  Range:        $80.62 - $83.91
  Size:         $3.29
  Distance:     $0.00
  Formed:       2026-07-28
  FRESHNESS:    STALE
  Notes:        STALE - Price reached zone ($81.63 >= zone $80.62)

TRADE METRICS:
  Stop Loss Distance:  $14.48
  Profit Target (PT):  $-1.01
  Risk:Reward Ratio:   1:-0.07
