====================================================================================================
TICKER: ZBH
====================================================================================================

CURRENT STATUS:
  Price:        $96.42
  ATR (14-day): $2.99
  Within ATR:   NO

DEMAND ZONE (Buy Zone):
  Range:        $87.94 - $89.91
  Size:         $1.97
  Distance:     $6.51 (218% of ATR)
  Formed:       2026-07-21
  FRESHNESS:    FRESH
  Notes:        Fresh - not tested recently

SUPPLY ZONE (Sell Zone):
  Range:        $99.23 - $101.31
  Size:         $2.08
  Distance:     $2.81
  Formed:       2026-08-27
  FRESHNESS:    FRESH
  Notes:        Fresh - not tested recently

TRADE METRICS:
  Stop Loss Distance:  $8.48
  Profit Target (PT):  $2.81
  Risk:Reward Ratio:   1:0.33
