========================================================================================================================
TOP 10 TRADING PICKS - FRESH ZONES (Within 1 ATR, Not Recently Tested)
Generated: 2026-09-14 06:29:52
========================================================================================================================

Total Actionable Stocks (within 1 ATR + FRESH): 1
Top 10 shown below (sorted by proximity to fresh demand zone)

FRESHNESS CRITERIA:
  - Zone must NOT be already reached by current price
  - Zone must NOT be tested by recent candle wicks (last 2 hours)
  - Zone must be within 1 ATR distance from current price

1. COHR
------------------------------------------------------------------------------------------------------------------------
Current Price:       $299.15
ATR (14-day):        $35.62

DEMAND ZONE:         $273.87 - $289.93
  Distance:          $9.22 (26% of ATR) [PRIMARY SORT]
  Formed:            2026-07-16
  Freshness:         ✓ FRESH - Fresh - not tested recently

SUPPLY ZONE:         $376.55 - $439.68
  Distance:          $77.40 [SECONDARY SORT]
  Formed:            2026-06-17
  Freshness:         ✓ FRESH - Fresh - not tested recently

TRADE SETUP:
  Entry Range:       $273.87 - $289.93
  Stop Loss:         $273.86
  Profit Target:     $376.55
  Risk Amount:       $25.28
  Reward Amount:     $77.40
  RISK:REWARD:       1:3.06

